Microchip MPLAB XC8 Compiler V1.12 ()

Linker command line:

-W9 --edf=/opt/microchip/xc8/v1.12/dat/en_msgs.txt -cs \
  -h+dist/K16/production/Klondike.X.production.sym -z -Q16LF1459 -ol.obj \
  -Mdist/K16/production/Klondike.X.production.map -E1 -ver=XC8 \
  -ACONST=00h-0FFhx32 -ACODE=00h-07FFhx4 -ASTRCODE=00h-01FFFh \
  -AENTRY=00h-0FFhx32 -ASTRING=00h-0FFhx32 -ACOMMON=070h-07Fh \
  -ABANK0=020h-06Fh -ABANK1=0A0h-0EFh -ABANK2=0120h-016Fh \
  -ABANK3=01A0h-01EFh -ABANK4=0220h-026Fh -ABANK5=02A0h-02EFh \
  -ABANK6=0320h-036Fh -ABANK7=03A0h-03EFh -ABANK8=0420h-046Fh \
  -ABANK9=04A0h-04EFh -ABANK10=0520h-056Fh -ABANK11=05A0h-05EFh \
  -ABANK12=0620h-064Fh -ABIGRAM=02000h-023EFh \
  -ARAM=020h-06Fh,0A0h-0EFh,0120h-016Fh,01A0h-01EFh,0220h-026Fh,02A0h-02EFh,0320h-036Fh,03A0h-03EFh,0420h-046Fh,04A0h-04EFh,0520h-056Fh,05A0h-05EFh,0620h-064Fh \
  -AABS1=020h-07Fh,0A0h-0EFh,0120h-016Fh,01A0h-01EFh,0220h-026Fh,02A0h-02EFh,0320h-036Fh,03A0h-03EFh,0420h-046Fh,04A0h-04EFh,0520h-056Fh,05A0h-05EFh,0620h-064Fh \
  -ASFR0=00h-01Fh -ASFR1=080h-09Fh -ASFR2=0100h-011Fh -ASFR3=0180h-019Fh \
  -ASFR4=0200h-021Fh -ASFR5=0280h-029Fh -ASFR6=0300h-031Fh \
  -ASFR7=0380h-039Fh -ASFR8=0400h-041Fh -ASFR9=0480h-049Fh \
  -ASFR10=0500h-051Fh -ASFR11=0580h-059Fh -ASFR12=0600h-061Fh \
  -ASFR13=0680h-06EFh -ASFR14=0700h-076Fh -ASFR15=0780h-07EFh \
  -ASFR16=0800h-086Fh -ASFR17=0880h-08EFh -ASFR18=0900h-096Fh \
  -ASFR19=0980h-09EFh -ASFR20=0A00h-0A6Fh -ASFR21=0A80h-0AEFh \
  -ASFR22=0B00h-0B6Fh -ASFR23=0B80h-0BEFh -ASFR24=0C00h-0C6Fh \
  -ASFR25=0C80h-0CEFh -ASFR26=0D00h-0D6Fh -ASFR27=0D80h-0DEFh \
  -ASFR28=0E00h-0E6Fh -ASFR29=0E80h-0EEFh -ASFR30=0F00h-0F6Fh \
  -ASFR31=0F80h-0FEFh -preset_vec=00h,intentry=04h,init,end_init \
  -ppowerup=CODE -pfunctab=CODE -ACONFIG=08007h-08008h -pconfig=CONFIG \
  -DCONFIG=2 -AIDLOC=08000h-08003h -pidloc=IDLOC -DIDLOC=2 -DCODE=2 \
  -DSTRCODE=2 -DSTRING=2 -DCONST=2 -DENTRY=2 -k /tmp/cgtqRNLbD.obj \
  dist/K16/production/Klondike.X.production.obj 

Object code version is 3.10

Machine type is 16LF1459



                Name                               Link     Load   Length Selector   Space Scale
/tmp/cgtqRNLbD.obj
                end_init                             3A       3A        2        8       0
                reset_vec                             0        0        2        0       0
                config                             8007     8007        2    1000E       0
dist/K16/production/Klondike.X.production.obj
                intentry                              4        4       36        8       0
                text2501                           1443     1443       50     2886       0
                text2495                            7F1      7F1        E        8       0
                text2494                            5D1      5D1      166        8       0
                text2491                           15E7     15E7       85     2BCE       0
                swtext3                            1194     1194       10     22CC       0
                text2490                           166C     166C       A6     2CD8       0
                text2489                           13D1     13D1       30     27A2       0
                swtext2                            1180     1180       14     22CC       0
                text2485                           1401     1401       42     2802       0
                text2484                           1493     1493       62     2926       0
                text2482                           14F5     14F5       78     29EA       0
                swtext1                            1166     1166       1A     22CC       0
                text2479                            429      429      1A8        8       0
                text2473                             3C       3C      3ED        8       0
                text2455                           1712     1712       EE     2E24       0
                text2447                            737      737       BA        8       0
                text2444                           156D     156D       7A     2ADA       0
                cstackBANK0                          60       60       10       60       1
                cstackCOMMON                         70       70        E       70       1
                cstackBANK1                          A0       A0       4F       A0       1
                cstackBANK2                         16B      16B        4      131       1
                inittext                           13C5     13C5        C     278A       0
                clrtext                             802      802        C     1004       0
                bssBANK8                            420      420       40      420       1
                bssBANK7                            3A0      3A0       40      3A0       1
                bssBANK6                            320      320       20      320       1
                bssBANK4                            260      260       10      260       1
                dataBANK3                           1D1      1D1       1A      1A0       1
                bssBANK3                            1A0      1A0       31      1A0       1
                dataBANK2                           16F      16F        1      131       1
                bssBANK2                            131      131       3A      131       1
                bssBANK1                             EF       EF        1       A0       1
                cinit                               828      828      7D8     1050       0
                nvBANK3                             1EB      1EB        1      1A0       1
                stringtext                         1000     1000      166       20       0
                idataBANK3                          80E      80E       1A     101C       0

TOTAL           Name                               Link     Load   Length     Space
        CLASS   CONST          
                swtext3                            1194     1194       10         0
                swtext2                            1180     1180       14         0
                swtext1                            1166     1166       1A         0

        CLASS   CODE           
                end_init                             3A       3A        2         0
                intentry                              4        4       36         0
                reset_vec                             0        0        2         0
                text2501                           1443     1443       50         0
                text2495                            7F1      7F1        E         0
                text2494                            5D1      5D1      166         0
                text2491                           15E7     15E7       85         0
                text2490                           166C     166C       A6         0
                text2489                           13D1     13D1       30         0
                text2485                           1401     1401       42         0
                text2484                           1493     1493       62         0
                text2482                           14F5     14F5       78         0
                text2479                            429      429      1A8         0
                text2473                             3C       3C      3ED         0
                text2455                           1712     1712       EE         0
                text2447                            737      737       BA         0
                text2444                           156D     156D       7A         0
                inittext                           13C5     13C5        C         0
                clrtext                             802      802        C         0
                cinit                               828      828      7D8         0
                idataBANK3                          80E      80E       1A         0

        CLASS   STRCODE        
                stringtext                         1000     1000      166         0

        CLASS   ENTRY          

        CLASS   STRING         

        CLASS   COMMON         
                cstackCOMMON                         70       70        E         1

        CLASS   BANK0          
                cstackBANK0                          60       60       10         1

        CLASS   BANK1          
                cstackBANK1                          A0       A0       4F         1
                bssBANK1                             EF       EF        1         1

        CLASS   BANK2          
                cstackBANK2                         16B      16B        4         1
                dataBANK2                           16F      16F        1         1
                bssBANK2                            131      131       3A         1

        CLASS   BANK3          
                dataBANK3                           1D1      1D1       1A         1
                bssBANK3                            1A0      1A0       31         1
                nvBANK3                             1EB      1EB        1         1

        CLASS   BANK4          
                bssBANK4                            260      260       10         1

        CLASS   BANK5          

        CLASS   BANK6          
                bssBANK6                            320      320       20         1

        CLASS   BANK7          
                bssBANK7                            3A0      3A0       40         1

        CLASS   BANK8          
                bssBANK8                            420      420       40         1

        CLASS   BANK9          

        CLASS   BANK10         

        CLASS   BANK11         

        CLASS   BANK12         

        CLASS   BIGRAM         

        CLASS   RAM            

        CLASS   ABS1           
                abs_s1                               20       20       40         1
                abs_s1                               7E       7E        2         1
                abs_s1                              120      120       11         1
                abs_s1                              220      220       40         1
                abs_s1                              2A0      2A0       40         1
                abs_s1                              53C      53C       34         1
                abs_s1                              5A0      5A0       50         1
                abs_s1                              620      620       30         1

        CLASS   SFR0           

        CLASS   SFR1           

        CLASS   SFR2           

        CLASS   SFR3           

        CLASS   SFR4           

        CLASS   SFR5           

        CLASS   SFR6           

        CLASS   SFR7           

        CLASS   SFR8           

        CLASS   SFR9           

        CLASS   SFR10          

        CLASS   SFR11          

        CLASS   SFR12          

        CLASS   SFR13          

        CLASS   SFR14          

        CLASS   SFR15          

        CLASS   SFR16          

        CLASS   SFR17          

        CLASS   SFR18          

        CLASS   SFR19          

        CLASS   SFR20          

        CLASS   SFR21          

        CLASS   SFR22          

        CLASS   SFR23          

        CLASS   SFR24          

        CLASS   SFR25          

        CLASS   SFR26          

        CLASS   SFR27          

        CLASS   SFR28          

        CLASS   SFR29          

        CLASS   SFR30          

        CLASS   SFR31          

        CLASS   CONFIG         
                config                             8007     8007        2         0

        CLASS   IDLOC          

        CLASS   BANK31         

        CLASS   BANK30         

        CLASS   BANK29         

        CLASS   BANK28         

        CLASS   BANK27         

        CLASS   BANK26         

        CLASS   BANK25         

        CLASS   BANK24         

        CLASS   BANK23         

        CLASS   BANK22         

        CLASS   BANK21         

        CLASS   BANK20         

        CLASS   BANK19         

        CLASS   BANK18         

        CLASS   BANK17         

        CLASS   BANK16         

        CLASS   BANK15         

        CLASS   BANK14         

        CLASS   BANK13         

        CLASS   EEDATA         



SEGMENTS        Name                           Load    Length   Top    Selector   Space  Class     Delta

                reset_vec                      000000  000002  000002         0       0  CODE        2
                intentry                       000004  0007FB  0007FF         8       0  CODE        2
                cstackBANK0                    000060  000010  000070        60       1  BANK0       1
                cstackCOMMON                   000070  00000E  00007E        70       1  COMMON      1
                cstackBANK1                    0000A0  000050  0000F0        A0       1  BANK1       1
                bssBANK2                       000131  00003F  000170       131       1  BANK2       1
                bssBANK3                       0001A0  00004C  0001EC       1A0       1  BANK3       1
                bssBANK4                       000260  000010  000270       260       1  BANK4       1
                bssBANK6                       000320  000020  000340       320       1  BANK6       1
                bssBANK7                       0003A0  000040  0003E0       3A0       1  BANK7       1
                bssBANK8                       000420  000040  000460       420       1  BANK8       1
                clrtext                        000802  00000C  00080E      1004       0  CODE        2
                idataBANK3                     00080E  00001A  000828      101C       0  CODE        2
                cinit                          000828  0007D8  001000      1050       0  CODE        2
                stringtext                     001000  000166  001166        20       0  STRCODE     2
                swtext1                        001166  00003E  0011A4      22CC       0  CONST       2
                inittext                       0013C5  00000C  0013D1      278A       0  CODE        2
                text2489                       0013D1  000030  001401      27A2       0  CODE        2
                text2485                       001401  000042  001443      2802       0  CODE        2
                text2501                       001443  000050  001493      2886       0  CODE        2
                text2484                       001493  000062  0014F5      2926       0  CODE        2
                text2482                       0014F5  000078  00156D      29EA       0  CODE        2
                text2444                       00156D  00007A  0015E7      2ADA       0  CODE        2
                text2491                       0015E7  000085  00166C      2BCE       0  CODE        2
                text2490                       00166C  0000A6  001712      2CD8       0  CODE        2
                text2455                       001712  0000EE  001800      2E24       0  CODE        2
                config                         008007  000002  008009     1000E       0  CONFIG      2


UNUSED ADDRESS RANGES

        Name                Unused          Largest block    Delta
        BANK10           00520-0053B              1C           1
        BANK3            001EC-001EF               4           1
        BANK5            002E0-002EF              10           1
        BANK6            00340-0036F              30           1
        BANK7            003E0-003EF              10           1
        BANK8            00460-0046F              10           1
        BANK9            004A0-004EF              50           1
        BIGRAM           02000-023EF             3F0           1
        CODE             00002-00003               2           2
                         007FF-00801               1
                         011A4-013C4             221
                         01800-01FFF             800
        CONST            00002-00003               2           2
                         007FF-00801               1
                         011A4-013C4             100
                         01800-01FFF             100
        ENTRY            00002-00003               2           2
                         007FF-00801               1
                         011A4-013C4             100
                         01800-01FFF             100
        IDLOC            08000-08003               4           2
        RAM              001EC-001EF               4           1
                         002E0-002EF              10
                         00340-0036F              30
                         003E0-003EF              10
                         00460-0046F              10
                         004A0-004EF              50
                         00520-0053B              1C
        SFR0             00000-0001F              20           1
        SFR1             00080-0009F              20           1
        SFR10            00500-0051F              20           1
        SFR11            00580-0059F              20           1
        SFR12            00600-0061F              20           1
        SFR13            00680-006EF              70           1
        SFR14            00700-0076F              70           1
        SFR15            00780-007EF              70           1
        SFR16            00800-0086F              70           1
        SFR17            00880-008EF              70           1
        SFR18            00900-0096F              70           1
        SFR19            00980-009EF              70           1
        SFR2             00100-0011F              20           1
        SFR20            00A00-00A6F              70           1
        SFR21            00A80-00AEF              70           1
        SFR22            00B00-00B6F              70           1
        SFR23            00B80-00BEF              70           1
        SFR24            00C00-00C6F              70           1
        SFR25            00C80-00CEF              70           1
        SFR26            00D00-00D6F              70           1
        SFR27            00D80-00DEF              70           1
        SFR28            00E00-00E6F              70           1
        SFR29            00E80-00EEF              70           1
        SFR3             00180-0019F              20           1
        SFR30            00F00-00F6F              70           1
        SFR31            00F80-00FEF              70           1
        SFR4             00200-0021F              20           1
        SFR5             00280-0029F              20           1
        SFR6             00300-0031F              20           1
        SFR7             00380-0039F              20           1
        SFR8             00400-0041F              20           1
        SFR9             00480-0049F              20           1
        STRCODE          00002-00003               2           2
                         007FF-00801               3
                         011A4-013C4             221
                         01800-01FFF             800
        STRING           00002-00003               2           2
                         007FF-00801               1
                         011A4-013C4             100
                         01800-01FFF             100

                                  Symbol Table

?_AsicPreCalc                             cstackBANK1  000B0
?_I2CRelay                                cstackBANK1  000A0
?_SendAsicData                            cstackBANK1  000A6
?_SendCmdReply                            cstackBANK1  000A2
?_USBConfigureEndpoint                    cstackCOMMON 00070
?_USBEnableEndpoint                       cstackCOMMON 00074
?_USBTransferOnePacket                    cstackBANK1  000A0
?_USER_USB_CALLBACK_EVENT_HANDLER         cstackBANK0  00060
?___awdiv                                 cstackBANK1  000A0
?___bmul                                  cstackBANK1  000A0
?___lwdiv                                 cstackBANK1  000A0
?___wmul                                  cstackBANK1  000A0
?_getsUSBUSART                            cstackBANK1  000A7
?_memset                                  cstackCOMMON 00070
?_putUSBUSART                             cstackBANK1  000A0
?_rotate                                  cstackBANK1  000A3
?i1_SendCmdReply                          cstackCOMMON 00072
?i1_USBTransferOnePacket                  cstackCOMMON 00070
?i1___wmul                                cstackCOMMON 00070
?i1_putUSBUSART                           cstackCOMMON 00070
AsicPreCalc@K                             stringtext   01021
AsicPreCalc@m                             cstackBANK1  000BE
AsicPreCalc@n                             cstackBANK1  000E6
AsicPreCalc@work                          cstackBANK1  000B0
AsicPreCalc@x                             cstackBANK1  000E2
AsicPreCalc@y                             cstackBANK1  000DE
AsicPreCalc@z                             cstackBANK1  000BA
CDCTxService@byte_to_send                 cstackBANK1  000AA
CDCTxService@i                            cstackBANK1  000A9
DetectAsics@x                             cstackBANK2  0016D
DetectAsics@x_3058                        cstackBANK2  0016E
I2CRelay@count                            cstackBANK1  000A0
I2CRelay@data                             cstackBANK1  000A1
PL10                                      text2479     0052A
PL12                                      text2479     005BD
PL14                                      text2479     005C3
PL16                                      text2490     01702
PL18                                      text2484     014E0
PL2                                       text2490     016F8
PL20                                      text2494     00731
PL22                                      text2490     0170B
PL24                                      text2473     0041C
PL26                                      text2484     014E8
PL28                                      text2473     00423
PL30                                      text2484     014EF
PL32                                      text2501     0148D
PL34                                      text2479     005CD
PL36                                      text2491     01668
PL4                                       text2494     00727
PL6                                       text2479     00517
PL8                                       text2447     007E1
ProcessCmd@cmd                            cstackBANK1  000ED
ProcessIO@numBytesRead                    cstackBANK1  000EE
ResultRx@Rw                               cstackBANK0  00067
ResultRx@buf                              cstackBANK0  00060
SendAsicData@split                        cstackBANK1  000A8
SendAsicData@work                         cstackBANK1  000A6
SendCmdReply@cmd                          cstackBANK1  000A2
SendCmdReply@count                        cstackBANK1  000A6
SendCmdReply@data                         cstackBANK1  000A4
SendCmdReply@n                            cstackBANK1  000A9
USBConfigureEndpoint@EPNum                cstackCOMMON 00072
USBConfigureEndpoint@direction            cstackCOMMON 00070
USBConfigureEndpoint@handle               cstackCOMMON 00073
USBCtrlEPService@setup_cnt                cstackBANK0  0006C
USBCtrlTrfInHandler@lastDTS               cstackCOMMON 00075
USBCtrlTrfRxService@byteToRead            cstackCOMMON 00075
USBCtrlTrfRxService@i                     cstackCOMMON 00074
USBCtrlTrfTxService@byteToSend            cstackCOMMON 00072
USBDeviceInit@i                           cstackBANK1  000A5
USBDeviceInit@i_750                       cstackBANK1  000A4
USBDeviceInit@p                           cstackBANK1  000A2
USBDeviceTasks@i                          cstackBANK0  0006E
USBEnableEndpoint@ep                      cstackCOMMON 00079
USBEnableEndpoint@options                 cstackCOMMON 00074
USBEnableEndpoint@p                       cstackCOMMON 00077
USBStdFeatureReqHandler@current_ep_data   cstackBANK0  00068
USBStdFeatureReqHandler@p                 cstackBANK0  00069
USBStdFeatureReqHandler@pUEP              cstackBANK0  00066
USBStdGetStatusHandler@p                  cstackCOMMON 00070
USBStdSetCfgHandler@i                     cstackCOMMON 0007D
USBStdSetCfgHandler@i_1132                cstackCOMMON 0007C
USBStdSetCfgHandler@p                     cstackCOMMON 0007A
USBTransferOnePacket@data                 cstackBANK1  000A1
USBTransferOnePacket@dir                  cstackBANK1  000A0
USBTransferOnePacket@ep                   cstackBANK1  000A5
USBTransferOnePacket@handle               cstackBANK1  000A6
USBTransferOnePacket@len                  cstackBANK1  000A2
USER_USB_CALLBACK_EVENT_HANDLER@event     cstackBANK0  00060
_ACTCON                                   (abs)        0039B
_ADCON0bits                               (abs)        0009D
_ADCON1bits                               (abs)        0009E
_ADCON2bits                               (abs)        0009F
_ADRESH                                   (abs)        0009C
_ANSELA                                   (abs)        0018C
_ANSELB                                   (abs)        0018D
_ANSELC                                   (abs)        0018E
_AsicPreCalc                              cinit        00BBB
_AsicPushWork                             cinit        008A8
_BCL1IF                                   (abs)        00093
_BDT                                      (abs)        00020
_BankRanges                               stringtext   01001
_BankSize                                 nvBANK3      001EB
_BothEP0OutUOWNsSet                       bssBANK2     00145
_CDCDataInHandle                          bssBANK2     00146
_CDCDataOutHandle                         bssBANK2     00147
_CDCInitEP                                text2473     00377
_CDCTxService                             text2447     00737
_CDCTxService$2241                        cstackBANK1  000A7
_Cfg                                      dataBANK3    001E6
_CheckFanSpeed                            text2491     0161E
_ClockCfg                                 dataBANK3    001DE
_CtrlTrfData                              (abs)        00058
_DetectAsics                              text2455     01712
_GIE                                      (abs)        0005F
_HashTime                                 dataBANK2    0016F
_I2CAddr                                  bssBANK2     00148
_I2CCmd                                   bssBANK2     00149
_I2CCount                                 bssBANK2     0014A
_I2CDetect                                cinit        00FF6
_I2CInBuf                                 bssBANK3     001AC
_I2CPoll                                  text2491     0165C
_I2CRead                                  text2494     00640
_I2CRelay                                 cinit        00EE9
_I2CSlave                                 text2490     0166C
_I2CSlave$2556                            cstackCOMMON 00074
_I2CState                                 bssBANK2     00168
_I2CWrite                                 text2489     013D1
_ID                                       stringtext   01155
_INTCONbits                               (abs)        0000B
_IOCAF3                                   (abs)        01C9B
_IOCAN3                                   (abs)        01C93
_ISRCode                                  intentry     00004
_InitFAN                                  cinit        00FB4
_InitI2CMaster                            cinit        00F59
_InitI2CSlave                             cinit        00F6B
_InitTempSensor                           cinit        00FA3
_InitWorkTick                             cinit        00FCF
_InitializeSystem                         cinit        00F4A
_LATAbits                                 (abs)        0010C
_LATC                                     (abs)        0010E
_LATCbits                                 (abs)        0010E
_NonceRanges                              bssBANK6     00320
_OPTION_REGbits                           (abs)        00095
_OSCCON                                   (abs)        00099
_OSCTUNE                                  (abs)        00098
_PIE2bits                                 (abs)        00092
_PIR2bits                                 (abs)        00012
_PR2                                      (abs)        0001B
_PWM1CON                                  (abs)        00613
_PWM1DCH                                  (abs)        00612
_PWM1DCL                                  (abs)        00611
_PWM1OE                                   (abs)        0309E
_PrecalcHashes                            bssBANK3     001AF
_ProcessCmd                               cinit        00A39
_ProcessCmd$3028                          cstackBANK1  000EB
_ProcessIO                                cinit        00A10
_RCIF                                     (abs)        0008D
_RCREG                                    (abs)        00199
_RCSTAbits                                (abs)        0019D
_RemoteWakeup                             bssBANK2     0014B
_ResultQC                                 bssBANK2     0014C
_ResultQue                                bssBANK3     001A0
_ResultRx                                 text2494     005D1
_SSP1EN                                   (abs)        010AD
_SSP1IF                                   (abs)        0008B
_SSPADD                                   (abs)        00212
_SSPBUF                                   (abs)        00211
_SSPCON1bits                              (abs)        00215
_SSPCON2bits                              (abs)        00216
_SSPCON3bits                              (abs)        00217
_SSPSTATbits                              (abs)        00214
_Send32                                   cinit        00961
_SendAsicData                             cinit        00914
_SendCmdReply                             cinit        00B86
_SetupPkt                                 (abs)        00050
_SlaveAddress                             bssBANK2     0014D
_SlowTick                                 bssBANK3     001AD
_Status                                   dataBANK3    001D3
_T1CONbits                                (abs)        00018
_T1GCONbits                               (abs)        00019
_T1GSEL                                   (abs)        008EB
_T1GSPM                                   (abs)        000CC
_T2CONbits                                (abs)        0001C
_TMR0                                     (abs)        00015
_TMR0CS                                   (abs)        004AD
_TMR0IF                                   (abs)        0005A
_TMR1GE                                   (abs)        000CF
_TMR1GIE                                  (abs)        0048F
_TMR1GIF                                  (abs)        0008F
_TMR1H                                    (abs)        00017
_TMR1IE                                   (abs)        00488
_TMR1IF                                   (abs)        00088
_TMR1L                                    (abs)        00016
_TMR1ON                                   (abs)        000C0
_TMR2IF                                   (abs)        00089
_TMR2ON                                   (abs)        000E2
_TRISAbits                                (abs)        0008C
_TRISBbits                                (abs)        0008D
_TRISCbits                                (abs)        0008E
_TestWork                                 stringtext   01116
_UADDR                                    (abs)        00E96
_UCFG                                     (abs)        00E91
_UCON                                     (abs)        00E8E
_UCONbits                                 (abs)        00E8E
_UEIE                                     (abs)        00E97
_UEIR                                     (abs)        00E93
_UEP0                                     (abs)        00E98
_UEP0bits                                 (abs)        00E98
_UEP1                                     (abs)        00E99
_UIE                                      (abs)        00E92
_UIEbits                                  (abs)        00E92
_UIR                                      (abs)        00E90
_UIRbits                                  (abs)        00E90
_USBActiveConfiguration                   bssBANK2     00169
_USBAlternateInterface                    bssBANK3     001CF
_USBBusIsSuspended                        bssBANK3     001AE
_USBCBCheckOtherReq                       text2473     00416
_USBCBErrorHandler                        text2473     00418
_USBCBInitEP                              text2473     00376
_USBCBStdSetDscHandler                    text2473     00415
_USBCBSuspend                             text2473     0041B
_USBCBWakeFromSuspend                     text2473     0041A
_USBCB_SOF_Handler                        text2473     00419
_USBCheckCDCRequest                       text2501     01443
_USBCheckStdRequest                       text2473     00066
_USBConfigureEndpoint                     text2473     003B6
_USBCtrlEPAllowDataStage                  text2479     004AC
_USBCtrlEPAllowStatusStage                text2473     002B4
_USBCtrlEPService                         text2473     002EC
_USBCtrlEPServiceComplete                 text2479     00477
_USBCtrlTrfInHandler                      text2479     00429
_USBCtrlTrfOutHandler                     text2479     00539
_USBCtrlTrfRxService                      text2479     00556
_USBCtrlTrfSetupHandler                   text2473     0003C
_USBCtrlTrfTxService                      text2479     004E2
_USBDeferINDataStagePackets               bssBANK2     0014E
_USBDeferOUTDataStagePackets              bssBANK2     0014F
_USBDeferStatusStagePacket                bssBANK2     00150
_USBDeviceAttach                          cinit        00F7F
_USBDeviceInit                            text2444     0156D
_USBDeviceState                           bssBANK2     00151
_USBDeviceTasks                           text2473     00176
_USBEnableEndpoint                        text2473     00397
_USBStallHandler                          text2473     00344
_USBStatusStageEnabledFlag1               bssBANK2     00152
_USBStatusStageEnabledFlag2               bssBANK2     00153
_USBStatusStageTimeoutCounter             bssBANK2     00154
_USBStdFeatureReqHandler                  text2473     000A2
_USBStdGetDscHandler                      text2484     01493
_USBStdGetStatusHandler                   text2485     01401
_USBStdSetCfgHandler                      text2482     014F5
_USBSuspend                               text2473     0035C
_USBTransferOnePacket                     text2447     007A9
_USBWakeFromSuspend                       text2473     00368
_USB_CD_Ptr                               stringtext   01035
_USB_In_Buffer                            bssBANK7     003A0
_USB_Out_Buffer                           bssBANK8     00420
_USB_SD_Ptr                               stringtext   0102D
_USER_USB_CALLBACK_EVENT_HANDLER          text2473     00212
_USTAT                                    (abs)        00E8F
_USTATcopy                                bssBANK2     0016A
_UpdateFanSpeed                           text2495     007F1
_UserInit                                 cinit        00F98
_WorkNow                                  bssBANK2     00155
_WorkQue                                  (abs)        0233C
_WorkTick                                 text2491     015E7
_WorkTicks                                dataBANK3    001D1
__CFG_CPUDIV$NOCLKDIV                     (abs)        00000
__CFG_FCMEN$OFF                           (abs)        00000
__CFG_FOSC$INTOSC                         (abs)        00000
__CFG_IESO$OFF                            (abs)        00000
__CFG_LVP$OFF                             (abs)        00000
__CFG_MCLRE$OFF                           (abs)        00000
__CFG_PWRTE$ON                            (abs)        00000
__CFG_WDTE$OFF                            (abs)        00000
__Habs1                                   abs1         00000
__Hbank0                                  bank0        00000
__Hbank1                                  bank1        00000
__Hbank10                                 bank10       00000
__Hbank11                                 bank11       00000
__Hbank12                                 bank12       00000
__Hbank13                                 bank13       00000
__Hbank14                                 bank14       00000
__Hbank15                                 bank15       00000
__Hbank16                                 bank16       00000
__Hbank17                                 bank17       00000
__Hbank18                                 bank18       00000
__Hbank19                                 bank19       00000
__Hbank2                                  bank2        00000
__Hbank20                                 bank20       00000
__Hbank21                                 bank21       00000
__Hbank22                                 bank22       00000
__Hbank23                                 bank23       00000
__Hbank24                                 bank24       00000
__Hbank25                                 bank25       00000
__Hbank26                                 bank26       00000
__Hbank27                                 bank27       00000
__Hbank28                                 bank28       00000
__Hbank29                                 bank29       00000
__Hbank3                                  bank3        00000
__Hbank30                                 bank30       00000
__Hbank31                                 bank31       00000
__Hbank4                                  bank4        00000
__Hbank5                                  bank5        00000
__Hbank6                                  bank6        00000
__Hbank7                                  bank7        00000
__Hbank8                                  bank8        00000
__Hbank9                                  bank9        00000
__Hbigram                                 bigram       00000
__HbssBANK1                               bssBANK1     00000
__HbssBANK2                               bssBANK2     00000
__HbssBANK3                               bssBANK3     00000
__HbssBANK4                               bssBANK4     00000
__HbssBANK6                               bssBANK6     00000
__HbssBANK7                               bssBANK7     00000
__HbssBANK8                               bssBANK8     00000
__Hcinit                                  cinit        00000
__Hclrtext                                clrtext      00000
__Hcode                                   code         00000
__Hcommon                                 common       00000
__Hconfig                                 config       08009
__HcstackBANK0                            cstackBANK0  00000
__HcstackBANK1                            cstackBANK1  00000
__HcstackBANK2                            cstackBANK2  00000
__HcstackCOMMON                           cstackCOMMON 00000
__HdataBANK2                              dataBANK2    00000
__HdataBANK3                              dataBANK3    00000
__Heeprom_data                            eeprom_data  00000
__Hend_init                               end_init     0003C
__Hfunctab                                functab      00000
__HidataBANK2                             idataBANK2   00000
__HidataBANK3                             idataBANK3   00000
__Hidloc                                  idloc        00000
__Hinit                                   init         0003A
__Hinittext                               inittext     00000
__Hintentry                               intentry     0003A
__Hmaintext                               maintext     00000
__HnvBANK3                                nvBANK3      00000
__Hpa_nodes                               pa_nodes     00000
__Hpowerup                                powerup      00000
__Hram                                    ram          00000
__Hreset_vec                              reset_vec    00002
__Hsfr0                                   sfr0         00000
__Hsfr1                                   sfr1         00000
__Hsfr10                                  sfr10        00000
__Hsfr11                                  sfr11        00000
__Hsfr12                                  sfr12        00000
__Hsfr13                                  sfr13        00000
__Hsfr14                                  sfr14        00000
__Hsfr15                                  sfr15        00000
__Hsfr16                                  sfr16        00000
__Hsfr17                                  sfr17        00000
__Hsfr18                                  sfr18        00000
__Hsfr19                                  sfr19        00000
__Hsfr2                                   sfr2         00000
__Hsfr20                                  sfr20        00000
__Hsfr21                                  sfr21        00000
__Hsfr22                                  sfr22        00000
__Hsfr23                                  sfr23        00000
__Hsfr24                                  sfr24        00000
__Hsfr25                                  sfr25        00000
__Hsfr26                                  sfr26        00000
__Hsfr27                                  sfr27        00000
__Hsfr28                                  sfr28        00000
__Hsfr29                                  sfr29        00000
__Hsfr3                                   sfr3         00000
__Hsfr30                                  sfr30        00000
__Hsfr31                                  sfr31        00000
__Hsfr4                                   sfr4         00000
__Hsfr5                                   sfr5         00000
__Hsfr6                                   sfr6         00000
__Hsfr7                                   sfr7         00000
__Hsfr8                                   sfr8         00000
__Hsfr9                                   sfr9         00000
__Hstrings                                strings      00000
__Hstringtext                             stringtext   00000
__Htext                                   text         00000
__Labs1                                   abs1         00000
__Lbank0                                  bank0        00000
__Lbank1                                  bank1        00000
__Lbank10                                 bank10       00000
__Lbank11                                 bank11       00000
__Lbank12                                 bank12       00000
__Lbank13                                 bank13       00000
__Lbank14                                 bank14       00000
__Lbank15                                 bank15       00000
__Lbank16                                 bank16       00000
__Lbank17                                 bank17       00000
__Lbank18                                 bank18       00000
__Lbank19                                 bank19       00000
__Lbank2                                  bank2        00000
__Lbank20                                 bank20       00000
__Lbank21                                 bank21       00000
__Lbank22                                 bank22       00000
__Lbank23                                 bank23       00000
__Lbank24                                 bank24       00000
__Lbank25                                 bank25       00000
__Lbank26                                 bank26       00000
__Lbank27                                 bank27       00000
__Lbank28                                 bank28       00000
__Lbank29                                 bank29       00000
__Lbank3                                  bank3        00000
__Lbank30                                 bank30       00000
__Lbank31                                 bank31       00000
__Lbank4                                  bank4        00000
__Lbank5                                  bank5        00000
__Lbank6                                  bank6        00000
__Lbank7                                  bank7        00000
__Lbank8                                  bank8        00000
__Lbank9                                  bank9        00000
__Lbigram                                 bigram       00000
__LbssBANK1                               bssBANK1     00000
__LbssBANK2                               bssBANK2     00000
__LbssBANK3                               bssBANK3     00000
__LbssBANK4                               bssBANK4     00000
__LbssBANK6                               bssBANK6     00000
__LbssBANK7                               bssBANK7     00000
__LbssBANK8                               bssBANK8     00000
__Lcinit                                  cinit        00000
__Lclrtext                                clrtext      00000
__Lcode                                   code         00000
__Lcommon                                 common       00000
__Lconfig                                 config       08007
__LcstackBANK0                            cstackBANK0  00000
__LcstackBANK1                            cstackBANK1  00000
__LcstackBANK2                            cstackBANK2  00000
__LcstackCOMMON                           cstackCOMMON 00000
__LdataBANK2                              dataBANK2    00000
__LdataBANK3                              dataBANK3    00000
__Leeprom_data                            eeprom_data  00000
__Lend_init                               end_init     0003A
__Lfunctab                                functab      00000
__LidataBANK2                             idataBANK2   00000
__LidataBANK3                             idataBANK3   00000
__Lidloc                                  idloc        00000
__Linit                                   init         0003A
__Linittext                               inittext     00000
__Lintentry                               intentry     00004
__Lmaintext                               maintext     00000
__LnvBANK3                                nvBANK3      00000
__Lpa_nodes                               pa_nodes     00000
__Lpowerup                                powerup      00000
__Lram                                    ram          00000
__Lreset_vec                              reset_vec    00000
__Lsfr0                                   sfr0         00000
__Lsfr1                                   sfr1         00000
__Lsfr10                                  sfr10        00000
__Lsfr11                                  sfr11        00000
__Lsfr12                                  sfr12        00000
__Lsfr13                                  sfr13        00000
__Lsfr14                                  sfr14        00000
__Lsfr15                                  sfr15        00000
__Lsfr16                                  sfr16        00000
__Lsfr17                                  sfr17        00000
__Lsfr18                                  sfr18        00000
__Lsfr19                                  sfr19        00000
__Lsfr2                                   sfr2         00000
__Lsfr20                                  sfr20        00000
__Lsfr21                                  sfr21        00000
__Lsfr22                                  sfr22        00000
__Lsfr23                                  sfr23        00000
__Lsfr24                                  sfr24        00000
__Lsfr25                                  sfr25        00000
__Lsfr26                                  sfr26        00000
__Lsfr27                                  sfr27        00000
__Lsfr28                                  sfr28        00000
__Lsfr29                                  sfr29        00000
__Lsfr3                                   sfr3         00000
__Lsfr30                                  sfr30        00000
__Lsfr31                                  sfr31        00000
__Lsfr4                                   sfr4         00000
__Lsfr5                                   sfr5         00000
__Lsfr6                                   sfr6         00000
__Lsfr7                                   sfr7         00000
__Lsfr8                                   sfr8         00000
__Lsfr9                                   sfr9         00000
__Lstrings                                strings      00000
__Lstringtext                             stringtext   00000
__Ltext                                   text         00000
__S0                                      (abs)        08009
__S1                                      (abs)        00460
___awdiv                                  text2455     017C0
___awdiv@counter                          cstackBANK1  000A4
___awdiv@dividend                         cstackBANK1  000A2
___awdiv@divisor                          cstackBANK1  000A0
___awdiv@quotient                         cstackBANK1  000A6
___awdiv@sign                             cstackBANK1  000A5
___bmul                                   cinit        00E83
___bmul@multiplicand                      cstackBANK1  000A0
___bmul@multiplier                        cstackBANK1  000A2
___bmul@product                           cstackBANK1  000A1
___lwdiv                                  cinit        00EC4
___lwdiv@counter                          cstackBANK1  000A4
___lwdiv@dividend                         cstackBANK1  000A2
___lwdiv@divisor                          cstackBANK1  000A0
___lwdiv@quotient                         cstackBANK1  000A5
___wmul                                   cinit        008FF
___wmul@multiplicand                      cstackBANK1  000A2
___wmul@multiplier                        cstackBANK1  000A0
___wmul@product                           cstackBANK1  000A4
__end_ofAsicPreCalc@K                     stringtext   0102D
__end_ofPL10                              text2479     00539
__end_ofPL12                              text2479     005C3
__end_ofPL14                              text2479     005CD
__end_ofPL16                              text2490     0170B
__end_ofPL18                              text2484     014E8
__end_ofPL2                               text2490     01702
__end_ofPL20                              text2494     00737
__end_ofPL22                              text2490     01712
__end_ofPL24                              text2473     00423
__end_ofPL26                              text2484     014EF
__end_ofPL28                              text2473     00429
__end_ofPL30                              text2484     014F5
__end_ofPL32                              text2501     01493
__end_ofPL34                              text2479     005D1
__end_ofPL36                              text2491     0166C
__end_ofPL4                               text2494     00731
__end_ofPL6                               text2479     0052A
__end_ofPL8                               text2447     007F1
__end_of_AsicPreCalc                      cinit        00E83
__end_of_AsicPushWork                     cinit        008FF
__end_of_BankRanges                       stringtext   01021
__end_of_CDCInitEP                        text2473     00397
__end_of_CDCTxService                     text2447     007A9
__end_of_CheckFanSpeed                    text2491     0165C
__end_of_DetectAsics                      text2455     017C0
__end_of_I2CDetect                        cinit        01000
__end_of_I2CPoll                          text2491     01668
__end_of_I2CRead                          text2494     006E1
__end_of_I2CRelay                         cinit        00EFE
__end_of_I2CSlave                         text2490     016F8
__end_of_I2CWrite                         text2489     01401
__end_of_ID                               stringtext   01162
__end_of_ISRCode                          intentry     0003A
__end_of_InitFAN                          cinit        00FCF
__end_of_InitI2CMaster                    cinit        00F6B
__end_of_InitI2CSlave                     cinit        00F7F
__end_of_InitTempSensor                   cinit        00FB4
__end_of_InitWorkTick                     cinit        00FE1
__end_of_InitializeSystem                 cinit        00F59
__end_of_ProcessCmd                       cinit        00B86
__end_of_ProcessIO                        cinit        00A39
__end_of_ResultRx                         text2494     0062B
__end_of_Send32                           cinit        00A10
__end_of_SendAsicData                     cinit        00961
__end_of_SendCmdReply                     cinit        00BBB
__end_of_TestWork                         stringtext   01143
__end_of_USBCBCheckOtherReq               text2473     00418
__end_of_USBCBErrorHandler                text2473     00419
__end_of_USBCBInitEP                      text2473     00377
__end_of_USBCBStdSetDscHandler            text2473     00416
__end_of_USBCBSuspend                     text2473     0041C
__end_of_USBCBWakeFromSuspend             text2473     0041B
__end_of_USBCB_SOF_Handler                text2473     0041A
__end_of_USBCheckCDCRequest               text2501     0148D
__end_of_USBCheckStdRequest               text2473     000A2
__end_of_USBConfigureEndpoint             text2473     003DD
__end_of_USBCtrlEPAllowDataStage          text2479     004E2
__end_of_USBCtrlEPAllowStatusStage        text2473     002EC
__end_of_USBCtrlEPService                 text2473     00344
__end_of_USBCtrlEPServiceComplete         text2479     004AC
__end_of_USBCtrlTrfInHandler              text2479     00477
__end_of_USBCtrlTrfOutHandler             text2479     00556
__end_of_USBCtrlTrfRxService              text2479     005BD
__end_of_USBCtrlTrfSetupHandler           text2473     00066
__end_of_USBCtrlTrfTxService              text2479     00517
__end_of_USBDeviceAttach                  cinit        00F98
__end_of_USBDeviceInit                    text2444     015E7
__end_of_USBDeviceTasks                   text2473     00212
__end_of_USBEnableEndpoint                text2473     003B6
__end_of_USBStallHandler                  text2473     0035C
__end_of_USBStdFeatureReqHandler          text2473     00176
__end_of_USBStdGetDscHandler              text2484     014E0
__end_of_USBStdGetStatusHandler           text2485     01443
__end_of_USBStdSetCfgHandler              text2482     01554
__end_of_USBSuspend                       text2473     00368
__end_of_USBTransferOnePacket             text2447     007E1
__end_of_USBWakeFromSuspend               text2473     00376
__end_of_USB_CD_Ptr                       stringtext   01037
__end_of_USB_SD_Ptr                       stringtext   01035
__end_of_USER_USB_CALLBACK_EVENT_HANDLER  text2473     00242
__end_of_UpdateFanSpeed                   text2495     007FF
__end_of_UserInit                         cinit        00FA3
__end_of_WorkTick                         text2491     0161E
__end_of___awdiv                          text2455     01800
__end_of___bmul                           cinit        00E8F
__end_of___lwdiv                          cinit        00EE9
__end_of___wmul                           cinit        00914
__end_of__initialization                  cinit        00888
__end_of__stringtab                       stringtext   01001
__end_of_configDescriptor1                stringtext   0107A
__end_of_device_dsc                       stringtext   01155
__end_of_getsUSBUSART                     cinit        00F4A
__end_of_main                             cinit        008A8
__end_of_memset                           text2482     0156D
__end_of_putUSBUSART                      cinit        00FF6
__end_of_rotate                           cinit        00EC4
__end_of_sd000                            stringtext   01166
__end_of_sd001                            stringtext   010AE
__end_of_sd002                            stringtext   010E2
__end_of_sd003                            stringtext   01116
__end_ofi1_SendCmdReply                   text2494     00713
__end_ofi1_USBDeviceInit                  text2473     002B4
__end_ofi1_USBTransferOnePacket           text2473     00415
__end_ofi1___wmul                         text2494     00640
__end_ofi1_putUSBUSART                    text2494     00727
__initialization                          cinit        00828
__pbssBANK1                               bssBANK1     000EF
__pbssBANK2                               bssBANK2     00131
__pbssBANK3                               bssBANK3     001A0
__pbssBANK4                               bssBANK4     00260
__pbssBANK6                               bssBANK6     00320
__pbssBANK7                               bssBANK7     003A0
__pbssBANK8                               bssBANK8     00420
__pbssBIGRAM                              (abs)        0233C
__pcstackBANK0                            cstackBANK0  00060
__pcstackBANK1                            cstackBANK1  000A0
__pcstackBANK2                            cstackBANK2  0016B
__pcstackCOMMON                           cstackCOMMON 00070
__pdataBANK2                              dataBANK2    0016F
__pdataBANK3                              dataBANK3    001D1
__pidataBANK2                             idataBANK2   00000
__pidataBANK3                             idataBANK3   0080E
__pintentry                               intentry     00004
__pmaintext                               cinit        0088A
__pnvBANK3                                nvBANK3      001EB
__pstringtext                             stringtext   01000
__pswtext1                                swtext1      01166
__pswtext2                                swtext2      01180
__pswtext3                                swtext3      01194
__ptext2439                               cinit        00F7F
__ptext2440                               cinit        00F6B
__ptext2441                               cinit        00F59
__ptext2442                               cinit        00FF6
__ptext2443                               cinit        00F4A
__ptext2444                               text2444     0156D
__ptext2445                               cinit        00A10
__ptext2446                               cinit        00EFE
__ptext2447                               text2447     00737
__ptext2448                               text2447     007A9
__ptext2449                               cinit        00EE9
__ptext2450                               cinit        00A39
__ptext2451                               cinit        00B86
__ptext2452                               cinit        00FE1
__ptext2453                               cinit        008A8
__ptext2454                               cinit        00F98
__ptext2455                               text2455     01712
__ptext2456                               cinit        00914
__ptext2457                               cinit        00961
__ptext2458                               cinit        00BBB
__ptext2459                               cinit        00E8F
__ptext2460                               cinit        00FB4
__ptext2461                               cinit        00FA3
__ptext2462                               cinit        00FCF
__ptext2463                               cinit        00E83
__ptext2464                               cinit        008FF
__ptext2465                               cinit        00EC4
__ptext2466                               text2455     017C0
__ptext2468                               text2473     00176
__ptext2469                               text2473     00368
__ptext2470                               text2473     0035C
__ptext2471                               text2473     00344
__ptext2472                               text2473     002EC
__ptext2473                               text2473     0003C
__ptext2474                               text2479     00477
__ptext2475                               text2479     004AC
__ptext2476                               text2479     00539
__ptext2477                               text2479     00556
__ptext2478                               text2473     002B4
__ptext2479                               text2479     00429
__ptext2480                               text2479     004E2
__ptext2481                               text2473     00066
__ptext2482                               text2482     014F5
__ptext2483                               text2482     01554
__ptext2484                               text2484     01493
__ptext2485                               text2485     01401
__ptext2486                               text2473     000A2
__ptext2487                               text2473     00212
__ptext2488                               text2494     00640
__ptext2489                               text2489     013D1
__ptext2490                               text2490     0166C
__ptext2491                               text2491     015E7
__ptext2492                               text2491     0165C
__ptext2493                               text2491     0161E
__ptext2494                               text2494     005D1
__ptext2495                               text2495     007F1
__ptext2496                               text2473     0041B
__ptext2497                               text2473     0041A
__ptext2498                               text2473     00419
__ptext2499                               text2473     00418
__ptext2500                               text2473     00416
__ptext2501                               text2501     01443
__ptext2502                               text2473     00415
__ptext2503                               text2473     00376
__ptext2504                               text2473     00377
__ptext2505                               text2473     00397
__ptext2506                               text2473     003B6
__ptext2507                               text2473     00242
__ptext2508                               text2473     003DD
__ptext2509                               text2494     006E1
__ptext2510                               text2494     00713
__ptext2511                               text2494     0062B
__ptext2512                               text2512     00000
__size_of_AsicPreCalc                     (abs)        00000
__size_of_AsicPushWork                    (abs)        00000
__size_of_CDCInitEP                       (abs)        00000
__size_of_CDCTxService                    (abs)        00000
__size_of_CheckFanSpeed                   (abs)        00000
__size_of_DetectAsics                     (abs)        00000
__size_of_I2CDetect                       (abs)        00000
__size_of_I2CPoll                         (abs)        00000
__size_of_I2CRead                         (abs)        00000
__size_of_I2CRelay                        (abs)        00000
__size_of_I2CSlave                        (abs)        00000
__size_of_I2CWrite                        (abs)        00000
__size_of_ISRCode                         (abs)        00000
__size_of_InitFAN                         (abs)        00000
__size_of_InitI2CMaster                   (abs)        00000
__size_of_InitI2CSlave                    (abs)        00000
__size_of_InitTempSensor                  (abs)        00000
__size_of_InitWorkTick                    (abs)        00000
__size_of_InitializeSystem                (abs)        00000
__size_of_ProcessCmd                      (abs)        00000
__size_of_ProcessIO                       (abs)        00000
__size_of_ResultRx                        (abs)        00000
__size_of_Send32                          (abs)        00000
__size_of_SendAsicData                    (abs)        00000
__size_of_SendCmdReply                    (abs)        00000
__size_of_USBCBCheckOtherReq              (abs)        00000
__size_of_USBCBErrorHandler               (abs)        00000
__size_of_USBCBInitEP                     (abs)        00000
__size_of_USBCBStdSetDscHandler           (abs)        00000
__size_of_USBCBSuspend                    (abs)        00000
__size_of_USBCBWakeFromSuspend            (abs)        00000
__size_of_USBCB_SOF_Handler               (abs)        00000
__size_of_USBCheckCDCRequest              (abs)        00000
__size_of_USBCheckStdRequest              (abs)        00000
__size_of_USBConfigureEndpoint            (abs)        00000
__size_of_USBCtrlEPAllowDataStage         (abs)        00000
__size_of_USBCtrlEPAllowStatusStage       (abs)        00000
__size_of_USBCtrlEPService                (abs)        00000
__size_of_USBCtrlEPServiceComplete        (abs)        00000
__size_of_USBCtrlTrfInHandler             (abs)        00000
__size_of_USBCtrlTrfOutHandler            (abs)        00000
__size_of_USBCtrlTrfRxService             (abs)        00000
__size_of_USBCtrlTrfSetupHandler          (abs)        00000
__size_of_USBCtrlTrfTxService             (abs)        00000
__size_of_USBDeviceAttach                 (abs)        00000
__size_of_USBDeviceInit                   (abs)        00000
__size_of_USBDeviceTasks                  (abs)        00000
__size_of_USBEnableEndpoint               (abs)        00000
__size_of_USBStallHandler                 (abs)        00000
__size_of_USBStdFeatureReqHandler         (abs)        00000
__size_of_USBStdGetDscHandler             (abs)        00000
__size_of_USBStdGetStatusHandler          (abs)        00000
__size_of_USBStdSetCfgHandler             (abs)        00000
__size_of_USBSuspend                      (abs)        00000
__size_of_USBTransferOnePacket            (abs)        00000
__size_of_USBWakeFromSuspend              (abs)        00000
__size_of_USER_USB_CALLBACK_EVENT_HANDLER (abs)        00000
__size_of_UpdateFanSpeed                  (abs)        00000
__size_of_UserInit                        (abs)        00000
__size_of_WorkTick                        (abs)        00000
__size_of___awdiv                         (abs)        00000
__size_of___bmul                          (abs)        00000
__size_of___lwdiv                         (abs)        00000
__size_of___wmul                          (abs)        00000
__size_of_getsUSBUSART                    (abs)        00000
__size_of_main                            (abs)        00000
__size_of_memset                          (abs)        00000
__size_of_putUSBUSART                     (abs)        00000
__size_of_rotate                          (abs)        00000
__size_ofi1_SendCmdReply                  (abs)        00000
__size_ofi1_USBDeviceInit                 (abs)        00000
__size_ofi1_USBTransferOnePacket          (abs)        00000
__size_ofi1___wmul                        (abs)        00000
__size_ofi1_putUSBUSART                   (abs)        00000
__stringtab                               stringtext   01000
_buf                                      bssBANK4     00260
_cdc_data_rx                              (abs)        002A0
_cdc_data_tx                              (abs)        00220
_cdc_mem_type                             bssBANK2     00156
_cdc_notice                               (abs)        00127
_cdc_rx_len                               bssBANK2     00157
_cdc_trf_state                            bssBANK2     00158
_cdc_tx_len                               bssBANK2     00159
_configDescriptor1                        stringtext   01037
_controlTransferState                     bssBANK2     0015A
_device_dsc                               stringtext   01143
_dummy_encapsulated_cmd_response          bssBANK3     001C7
_endpoint_number                          bssBANK2     0015B
_ep_data_in                               bssBANK2     00137
_ep_data_out                              bssBANK2     0013A
_getsUSBUSART                             cinit        00EFE
_getsUSBUSART$2193                        cstackBANK1  000AA
_inPipes                                  bssBANK2     00163
_last_bit0                                bssBANK2     0015C
_last_bit1                                bssBANK2     0015D
_line_coding                              (abs)        00120
_main                                     cinit        0088A
_memset                                   text2482     01554
_outPipes                                 bssBANK2     00131
_pBDTEntryEP0OutCurrent                   bssBANK2     0015E
_pBDTEntryEP0OutNext                      bssBANK1     000EF
_pBDTEntryIn                              bssBANK2     0013D
_pBDTEntryOut                             bssBANK2     00140
_pCDCDst                                  bssBANK3     001A8
_pCDCSrc                                  bssBANK3     001AA
_pDst                                     bssBANK2     0015F
_ptr                                      bssBANK2     00160
_putUSBUSART                              cinit        00FE1
_rotate                                   cinit        00E8F
_sd000                                    stringtext   01162
_sd001                                    stringtext   0107A
_sd002                                    stringtext   010AE
_sd003                                    stringtext   010E2
_send32_count                             bssBANK2     00161
_send32_data                              bssBANK2     00143
_shortPacketStatus                        bssBANK2     00162
btemp                                     (abs)        0007E
clear_ram                                 clrtext      00802
end_of_initialization                     cinit        00888
getsUSBUSART@buffer                       cstackBANK1  000A9
getsUSBUSART@len                          cstackBANK1  000A7
i1SendCmdReply@cmd                        cstackCOMMON 00072
i1SendCmdReply@count                      cstackCOMMON 00076
i1SendCmdReply@data                       cstackCOMMON 00074
i1SendCmdReply@n                          cstackCOMMON 00079
i1USBDeviceInit@i                         cstackCOMMON 00075
i1USBDeviceInit@i_750                     cstackCOMMON 00074
i1USBDeviceInit@p                         cstackCOMMON 00072
i1USBTransferOnePacket@data               cstackCOMMON 00071
i1USBTransferOnePacket@dir                cstackCOMMON 00070
i1USBTransferOnePacket@ep                 cstackCOMMON 00075
i1USBTransferOnePacket@handle             cstackCOMMON 00076
i1USBTransferOnePacket@len                cstackCOMMON 00072
i1_SendCmdReply                           text2494     006E1
i1_USBDeviceInit                          text2473     00242
i1_USBTransferOnePacket                   text2473     003DD
i1___wmul                                 text2494     0062B
i1___wmul@multiplicand                    cstackCOMMON 00072
i1___wmul@multiplier                      cstackCOMMON 00070
i1___wmul@product                         cstackCOMMON 00074
i1_putUSBUSART                            text2494     00713
i1putUSBUSART@data                        cstackCOMMON 00071
i1putUSBUSART@length                      cstackCOMMON 00070
init_ram                                  inittext     013C5
intlevel0                                 functab      00000
intlevel1                                 functab      00000
intlevel2                                 functab      00000
intlevel3                                 functab      00000
intlevel4                                 functab      00000
intlevel5                                 functab      00000
memset@c                                  cstackCOMMON 00072
memset@n                                  cstackCOMMON 00074
memset@p                                  cstackCOMMON 00077
memset@p1                                 cstackCOMMON 00070
putUSBUSART@data                          cstackBANK1  000A1
putUSBUSART@length                        cstackBANK1  000A0
reset_vec                                 reset_vec    00000
rotate@x                                  cstackBANK1  000A3
rotate@y                                  cstackBANK1  000A7
start                                     init         0003A
start_initialization                      cinit        00828
wtemp0                                    (abs)        0007E


FUNCTION INFORMATION:

 *************** function _main *****************
 Defined at:
		line 86 in file "main.c"
 Parameters:    Size  Location     Type
		None
 Auto vars:     Size  Location     Type
		None
 Return value:  Size  Location     Type
                  2  1005[COMMON] int 
 Registers used:
		wreg, fsr0l, fsr0h, fsr1l, fsr1h, status,2, status,0, btemp+1, pclath, cstack
 Tracked objects:
		On entry : 
		On exit  : 
		Unchanged: 
 Data sizes:     COMMON   BANK0   BANK1   BANK2   BANK3   BANK4   BANK5   BANK6   BANK7   BANK8   BANK9  BANK10  BANK11  BANK12
      Params:         0       0       0       0       0       0       0       0       0       0       0       0       0       0
      Locals:         0       0       0       0       0       0       0       0       0       0       0       0       0       0
      Temps:          0       0       0       0       0       0       0       0       0       0       0       0       0       0
      Totals:         0       0       0       0       0       0       0       0       0       0       0       0       0       0
Total ram usage:        0 bytes
 Hardware stack levels required when called:   16
 This function calls:
		_InitializeSystem
		_USBDeviceAttach
		_InitI2CSlave
		_InitI2CMaster
		_AsicPushWork
		_ProcessIO
 This function is called by:
		Startup code after reset
 This function uses a non-reentrant model


 *************** function _USBDeviceAttach *****************
 Defined at:
		line 1526 in file "../USB/usb_device.c"
 Parameters:    Size  Location     Type
		None
 Auto vars:     Size  Location     Type
		None
 Return value:  Size  Location     Type
		None               void
 Registers used:
		wreg, status,2, status,0
 Tracked objects:
		On entry : 
		On exit  : 
		Unchanged: 
 Data sizes:     COMMON   BANK0   BANK1   BANK2   BANK3   BANK4   BANK5   BANK6   BANK7   BANK8   BANK9  BANK10  BANK11  BANK12
      Params:         0       0       0       0       0       0       0       0       0       0       0       0       0       0
      Locals:         0       0       0       0       0       0       0       0       0       0       0       0       0       0
      Temps:          0       0       0       0       0       0       0       0       0       0       0       0       0       0
      Totals:         0       0       0       0       0       0       0       0       0       0       0       0       0       0
Total ram usage:        0 bytes
 Hardware stack levels used:    1
 Hardware stack levels required when called:   11
 This function calls:
		Nothing
 This function is called by:
		_main
 This function uses a non-reentrant model


 *************** function _InitI2CSlave *****************
 Defined at:
		line 162 in file "i2c.c"
 Parameters:    Size  Location     Type
		None
 Auto vars:     Size  Location     Type
		None
 Return value:  Size  Location     Type
		None               void
 Registers used:
		wreg, status,2, status,0
 Tracked objects:
		On entry : 
		On exit  : 
		Unchanged: 
 Data sizes:     COMMON   BANK0   BANK1   BANK2   BANK3   BANK4   BANK5   BANK6   BANK7   BANK8   BANK9  BANK10  BANK11  BANK12
      Params:         0       0       0       0       0       0       0       0       0       0       0       0       0       0
      Locals:         0       0       0       0       0       0       0       0       0       0       0       0       0       0
      Temps:          0       0       0       0       0       0       0       0       0       0       0       0       0       0
      Totals:         0       0       0       0       0       0       0       0       0       0       0       0       0       0
Total ram usage:        0 bytes
 Hardware stack levels used:    1
 Hardware stack levels required when called:   11
 This function calls:
		Nothing
 This function is called by:
		_main
 This function uses a non-reentrant model


 *************** function _InitI2CMaster *****************
 Defined at:
		line 176 in file "i2c.c"
 Parameters:    Size  Location     Type
		None
 Auto vars:     Size  Location     Type
		None
 Return value:  Size  Location     Type
		None               void
 Registers used:
		wreg, status,2, status,0, pclath, cstack
 Tracked objects:
		On entry : 
		On exit  : 
		Unchanged: 
 Data sizes:     COMMON   BANK0   BANK1   BANK2   BANK3   BANK4   BANK5   BANK6   BANK7   BANK8   BANK9  BANK10  BANK11  BANK12
      Params:         0       0       0       0       0       0       0       0       0       0       0       0       0       0
      Locals:         0       0       0       0       0       0       0       0       0       0       0       0       0       0
      Temps:          0       0       0       0       0       0       0       0       0       0       0       0       0       0
      Totals:         0       0       0       0       0       0       0       0       0       0       0       0       0       0
Total ram usage:        0 bytes
 Hardware stack levels used:    1
 Hardware stack levels required when called:   12
 This function calls:
		_I2CDetect
 This function is called by:
		_main
 This function uses a non-reentrant model


 *************** function _I2CDetect *****************
 Defined at:
		line 58 in file "i2c.c"
 Parameters:    Size  Location     Type
		None
 Auto vars:     Size  Location     Type
		None
 Return value:  Size  Location     Type
		None               void
 Registers used:
		wreg, status,2, status,0
 Tracked objects:
		On entry : 
		On exit  : 
		Unchanged: 
 Data sizes:     COMMON   BANK0   BANK1   BANK2   BANK3   BANK4   BANK5   BANK6   BANK7   BANK8   BANK9  BANK10  BANK11  BANK12
      Params:         0       0       0       0       0       0       0       0       0       0       0       0       0       0
      Locals:         0       0       0       0       0       0       0       0       0       0       0       0       0       0
      Temps:          0       0       0       0       0       0       0       0       0       0       0       0       0       0
      Totals:         0       0       0       0       0       0       0       0       0       0       0       0       0       0
Total ram usage:        0 bytes
 Hardware stack levels used:    1
 Hardware stack levels required when called:   11
 This function calls:
		Nothing
 This function is called by:
		_InitI2CMaster
 This function uses a non-reentrant model


 *************** function _InitializeSystem *****************
 Defined at:
		line 131 in file "main.c"
 Parameters:    Size  Location     Type
		None
 Auto vars:     Size  Location     Type
		None
 Return value:  Size  Location     Type
		None               void
 Registers used:
		wreg, fsr0l, fsr0h, fsr1l, fsr1h, status,2, status,0, pclath, cstack
 Tracked objects:
		On entry : 
		On exit  : 
		Unchanged: 
 Data sizes:     COMMON   BANK0   BANK1   BANK2   BANK3   BANK4   BANK5   BANK6   BANK7   BANK8   BANK9  BANK10  BANK11  BANK12
      Params:         0       0       0       0       0       0       0       0       0       0       0       0       0       0
      Locals:         0       0       0       0       0       0       0       0       0       0       0       0       0       0
      Temps:          0       0       0       0       0       0       0       0       0       0       0       0       0       0
      Totals:         0       0       0       0       0       0       0       0       0       0       0       0       0       0
Total ram usage:        0 bytes
 Hardware stack levels used:    1
[...]
		None
 Auto vars:     Size  Location     Type
		None
 Return value:  Size  Location     Type
		None               void
 Registers used:
		None
 Tracked objects:
		On entry : 
		On exit  : 
		Unchanged: 
 Data sizes:     COMMON   BANK0   BANK1   BANK2   BANK3   BANK4   BANK5   BANK6   BANK7   BANK8   BANK9  BANK10  BANK11  BANK12
      Params:         0       0       0       0       0       0       0       0       0       0       0       0       0       0
      Locals:         0       0       0       0       0       0       0       0       0       0       0       0       0       0
      Temps:          0       0       0       0       0       0       0       0       0       0       0       0       0       0
      Totals:         0       0       0       0       0       0       0       0       0       0       0       0       0       0
Total ram usage:        0 bytes
 Hardware stack levels used:    1
 This function calls:
		Nothing
 This function is called by:
		_USER_USB_CALLBACK_EVENT_HANDLER
 This function uses a non-reentrant model


 *************** function _USBCBInitEP *****************
 Defined at:
		line 442 in file "main.c"
 Parameters:    Size  Location     Type
		None
 Auto vars:     Size  Location     Type
		None
 Return value:  Size  Location     Type
		None               void
 Registers used:
		wreg, fsr1l, fsr1h, status,2, status,0, pclath, cstack
 Tracked objects:
		On entry : 
		On exit  : 
		Unchanged: 
 Data sizes:     COMMON   BANK0   BANK1   BANK2   BANK3   BANK4   BANK5   BANK6   BANK7   BANK8   BANK9  BANK10  BANK11  BANK12
      Params:         0       0       0       0       0       0       0       0       0       0       0       0       0       0
      Locals:         0       0       0       0       0       0       0       0       0       0       0       0       0       0
      Temps:          0       0       0       0       0       0       0       0       0       0       0       0       0       0
      Totals:         0       0       0       0       0       0       0       0       0       0       0       0       0       0
Total ram usage:        0 bytes
 Hardware stack levels used:    1
 Hardware stack levels required when called:    3
 This function calls:
		_CDCInitEP
 This function is called by:
		_USER_USB_CALLBACK_EVENT_HANDLER
 This function uses a non-reentrant model


 *************** function _CDCInitEP *****************
 Defined at:
		line 414 in file "../USB/CDC Device Driver/usb_function_cdc.c"
 Parameters:    Size  Location     Type
		None
 Auto vars:     Size  Location     Type
		None
 Return value:  Size  Location     Type
		None               void
 Registers used:
		wreg, fsr1l, fsr1h, status,2, status,0, pclath, cstack
 Tracked objects:
		On entry : 
		On exit  : 
		Unchanged: 
 Data sizes:     COMMON   BANK0   BANK1   BANK2   BANK3   BANK4   BANK5   BANK6   BANK7   BANK8   BANK9  BANK10  BANK11  BANK12
      Params:         0       0       0       0       0       0       0       0       0       0       0       0       0       0
      Locals:         0       0       0       0       0       0       0       0       0       0       0       0       0       0
      Temps:          0       0       0       0       0       0       0       0       0       0       0       0       0       0
      Totals:         0       0       0       0       0       0       0       0       0       0       0       0       0       0
Total ram usage:        0 bytes
 Hardware stack levels used:    1
 Hardware stack levels required when called:    2
 This function calls:
		_USBEnableEndpoint
		i1_USBTransferOnePacket
 This function is called by:
		_USBCBInitEP
 This function uses a non-reentrant model


 *************** function _USBEnableEndpoint *****************
 Defined at:
		line 1056 in file "../USB/usb_device.c"
 Parameters:    Size  Location     Type
  ep              1    wreg     unsigned char 
  options         1    4[COMMON] unsigned char 
 Auto vars:     Size  Location     Type
  ep              1    9[COMMON] unsigned char 
  p               2    7[COMMON] PTR unsigned char 
		 -> UEP0(1), 
 Return value:  Size  Location     Type
		None               void
 Registers used:
		wreg, fsr1l, fsr1h, status,2, status,0, pclath, cstack
 Tracked objects:
		On entry : 
		On exit  : 
		Unchanged: 
 Data sizes:     COMMON   BANK0   BANK1   BANK2   BANK3   BANK4   BANK5   BANK6   BANK7   BANK8   BANK9  BANK10  BANK11  BANK12
      Params:         1       0       0       0       0       0       0       0       0       0       0       0       0       0
      Locals:         3       0       0       0       0       0       0       0       0       0       0       0       0       0
      Temps:          2       0       0       0       0       0       0       0       0       0       0       0       0       0
      Totals:         6       0       0       0       0       0       0       0       0       0       0       0       0       0
Total ram usage:        6 bytes
 Hardware stack levels used:    1
 Hardware stack levels required when called:    1
 This function calls:
		_USBConfigureEndpoint
 This function is called by:
		_CDCInitEP
 This function uses a non-reentrant model


 *************** function _USBConfigureEndpoint *****************
 Defined at:
		line 1713 in file "../USB/usb_device.c"
 Parameters:    Size  Location     Type
  EPNum           1    wreg     unsigned char 
  direction       1    0[COMMON] unsigned char 
 Auto vars:     Size  Location     Type
  EPNum           1    2[COMMON] unsigned char 
  handle          1    3[COMMON] PTR volatile struct __BD
		 -> BDT(48), 
 Return value:  Size  Location     Type
		None               void
 Registers used:
		wreg, fsr1l, fsr1h, status,2, status,0
 Tracked objects:
		On entry : 
		On exit  : 
		Unchanged: 
 Data sizes:     COMMON   BANK0   BANK1   BANK2   BANK3   BANK4   BANK5   BANK6   BANK7   BANK8   BANK9  BANK10  BANK11  BANK12
      Params:         1       0       0       0       0       0       0       0       0       0       0       0       0       0
      Locals:         2       0       0       0       0       0       0       0       0       0       0       0       0       0
      Temps:          1       0       0       0       0       0       0       0       0       0       0       0       0       0
      Totals:         4       0       0       0       0       0       0       0       0       0       0       0       0       0
Total ram usage:        4 bytes
 Hardware stack levels used:    1
 This function calls:
		Nothing
 This function is called by:
		_USBEnableEndpoint
 This function uses a non-reentrant model


 *************** function i1_USBDeviceInit *****************
 Defined at:
		line 467 in file "../USB/usb_device.c"
 Parameters:    Size  Location     Type
		None
 Auto vars:     Size  Location     Type
  USBDeviceIni    2    2[COMMON] PTR unsigned char 
		 -> UEP1(1), 
  USBDeviceIni    1    5[COMMON] unsigned char 
  USBDeviceIni    1    4[COMMON] unsigned char 
 Return value:  Size  Location     Type
		None               void
 Registers used:
		wreg, fsr1l, fsr1h, status,2, status,0
 Tracked objects:
		On entry : 
		On exit  : 
		Unchanged: 
 Data sizes:     COMMON   BANK0   BANK1   BANK2   BANK3   BANK4   BANK5   BANK6   BANK7   BANK8   BANK9  BANK10  BANK11  BANK12
      Params:         0       0       0       0       0       0       0       0       0       0       0       0       0       0
      Locals:         4       0       0       0       0       0       0       0       0       0       0       0       0       0
      Temps:          2       0       0       0       0       0       0       0       0       0       0       0       0       0
      Totals:         6       0       0       0       0       0       0       0       0       0       0       0       0       0
Total ram usage:        6 bytes
 Hardware stack levels used:    1
 This function calls:
		Nothing
 This function is called by:
		_USBDeviceTasks
 This function uses a non-reentrant model


 *************** function i1_USBTransferOnePacket *****************
 Defined at:
		line 1173 in file "../USB/usb_device.c"
 Parameters:    Size  Location     Type
  USBTransferO    1    wreg     unsigned char 
  USBTransferO    1    0[COMMON] unsigned char 
  USBTransferO    1    1[COMMON] PTR unsigned char 
		 -> cdc_data_tx(64), cdc_data_rx(64), NULL(0), 
  USBTransferO    1    2[COMMON] unsigned char 
 Auto vars:     Size  Location     Type
  USBTransferO    1    5[COMMON] unsigned char 
  USBTransferO    1    6[COMMON] PTR volatile struct __BD
		 -> NULL(0), BDT(48), 
 Return value:  Size  Location     Type
                  1    wreg      PTR void 
 Registers used:
		wreg, fsr1l, fsr1h, status,2, status,0
 Tracked objects:
		On entry : 
		On exit  : 
		Unchanged: 
 Data sizes:     COMMON   BANK0   BANK1   BANK2   BANK3   BANK4   BANK5   BANK6   BANK7   BANK8   BANK9  BANK10  BANK11  BANK12
      Params:         3       0       0       0       0       0       0       0       0       0       0       0       0       0
      Locals:         2       0       0       0       0       0       0       0       0       0       0       0       0       0
      Temps:          2       0       0       0       0       0       0       0       0       0       0       0       0       0
      Totals:         7       0       0       0       0       0       0       0       0       0       0       0       0       0
Total ram usage:        7 bytes
 Hardware stack levels used:    1
 This function calls:
		Nothing
 This function is called by:
		_CDCInitEP
 This function uses a non-reentrant model


 *************** function i1_SendCmdReply *****************
 Defined at:
		line 186 in file "main.c"
 Parameters:    Size  Location     Type
  SendCmdReply    2    2[COMMON] PTR unsigned char 
		 -> ResultRx@buf(7), USB_Out_Buffer(64), buf(16), 
  SendCmdReply    2    4[COMMON] PTR unsigned char 
		 -> ResultRx@buf(7), Cfg(5), ID(13), Status(11), 
		 -> buf(16), I2CState(1), 
  SendCmdReply    1    6[COMMON] unsigned char 
 Auto vars:     Size  Location     Type
  SendCmdReply    1    9[COMMON] unsigned char 
 Return value:  Size  Location     Type
		None               void
 Registers used:
		wreg, fsr0l, fsr0h, fsr1l, fsr1h, status,2, status,0, pclath, cstack
 Tracked objects:
		On entry : 
		On exit  : 
		Unchanged: 
 Data sizes:     COMMON   BANK0   BANK1   BANK2   BANK3   BANK4   BANK5   BANK6   BANK7   BANK8   BANK9  BANK10  BANK11  BANK12
      Params:         5       0       0       0       0       0       0       0       0       0       0       0       0       0
      Locals:         1       0       0       0       0       0       0       0       0       0       0       0       0       0
      Temps:          2       0       0       0       0       0       0       0       0       0       0       0       0       0
      Totals:         8       0       0       0       0       0       0       0       0       0       0       0       0       0
Total ram usage:        8 bytes
 Hardware stack levels used:    1
 Hardware stack levels required when called:    1
 This function calls:
		i1_putUSBUSART
 This function is called by:
		_I2CRead
		_ResultRx
 This function uses a non-reentrant model


 *************** function i1_putUSBUSART *****************
 Defined at:
		line 676 in file "../USB/CDC Device Driver/usb_function_cdc.c"
 Parameters:    Size  Location     Type
  putUSBUSART     1    wreg     PTR unsigned char 
		 -> USB_In_Buffer(64), 
  putUSBUSART     1    0[COMMON] unsigned char 
 Auto vars:     Size  Location     Type
  putUSBUSART     1    1[COMMON] PTR unsigned char 
		 -> USB_In_Buffer(64), 
 Return value:  Size  Location     Type
		None               void
 Registers used:
		wreg, status,2, status,0
 Tracked objects:
		On entry : 
		On exit  : 
		Unchanged: 
 Data sizes:     COMMON   BANK0   BANK1   BANK2   BANK3   BANK4   BANK5   BANK6   BANK7   BANK8   BANK9  BANK10  BANK11  BANK12
      Params:         1       0       0       0       0       0       0       0       0       0       0       0       0       0
      Locals:         1       0       0       0       0       0       0       0       0       0       0       0       0       0
      Temps:          0       0       0       0       0       0       0       0       0       0       0       0       0       0
      Totals:         2       0       0       0       0       0       0       0       0       0       0       0       0       0
Total ram usage:        2 bytes
 Hardware stack levels used:    1
 This function calls:
		Nothing
 This function is called by:
		i1_SendCmdReply
 This function uses a non-reentrant model


 *************** function i1___wmul *****************
 Defined at:
		line 3 in file "/opt/microchip/xc8/v1.12/sources/wmul.c"
 Parameters:    Size  Location     Type
  __wmul          2    0[COMMON] unsigned int 
  __wmul          2    2[COMMON] unsigned int 
 Auto vars:     Size  Location     Type
  __wmul          2    4[COMMON] unsigned int 
 Return value:  Size  Location     Type
                  2    0[COMMON] unsigned int 
 Registers used:
		wreg, status,2, status,0
 Tracked objects:
		On entry : 
		On exit  : 
		Unchanged: 
 Data sizes:     COMMON   BANK0   BANK1   BANK2   BANK3   BANK4   BANK5   BANK6   BANK7   BANK8   BANK9  BANK10  BANK11  BANK12
      Params:         4       0       0       0       0       0       0       0       0       0       0       0       0       0
      Locals:         2       0       0       0       0       0       0       0       0       0       0       0       0       0
      Temps:          0       0       0       0       0       0       0       0       0       0       0       0       0       0
      Totals:         6       0       0       0       0       0       0       0       0       0       0       0       0       0
Total ram usage:        6 bytes
 Hardware stack levels used:    1
 This function calls:
		Nothing
 This function is called by:
		_ResultRx
 This function uses a non-reentrant model



MODULE INFORMATION

Module		Function		Class		Link	Load	Size
i2c.c
		_I2CSlave      		CODE           	166C	0000	140
		_I2CRelay      		CODE           	0EE9	0000	21
		_I2CPoll       		CODE           	165C	0000	12
		_I2CRead       		CODE           	0640	0000	161
		_I2CDetect     		CODE           	0FF6	0000	10
		_InitI2CSlave  		CODE           	0F6B	0000	20
		_InitI2CMaster 		CODE           	0F59	0000	18
		_I2CWrite      		CODE           	13D1	0000	48

i2c.c estimated size: 430

/opt/microchip/xc8/v1.12/sources/bmul.c
		___bmul        		CODE           	0E83	0000	12

/opt/microchip/xc8/v1.12/sources/bmul.c estimated size: 12

../../common/memset.c
		_memset        		CODE           	1554	0000	25

../../common/memset.c estimated size: 25

shared
		PL12           		CODE           	05BD	0000	6
		PL8            		CODE           	07E1	0000	16
		PL22           		CODE           	170B	0000	7
		_configDescript		STRCODE        	1037	0000	67
		AsicPreCalc@K  		STRCODE        	1021	0000	12
		PL32           		CODE           	148D	0000	6
		_USB_CD_Ptr    		STRCODE        	1035	0000	2
		_sd001         		STRCODE        	107A	0000	52
		PL14           		CODE           	05C3	0000	10
		PL24           		CODE           	041C	0000	7
		__stringtab    		STRCODE        	1000	0000	1
		PL34           		CODE           	05CD	0000	4
		PL16           		CODE           	1702	0000	9
		PL26           		CODE           	14E8	0000	7
		PL36           		CODE           	1668	0000	4
		_sd002         		STRCODE        	10AE	0000	52
		PL18           		CODE           	14E0	0000	8
		PL28           		CODE           	0423	0000	6
		i1_USBDeviceIni		CODE           	0242	0000	114
		_ID            		STRCODE        	1155	0000	13
		i1___wmul      		CODE           	062B	0000	21
		_sd003         		STRCODE        	10E2	0000	52
		__initializatio		CODE           	0828	0000	96
		_device_dsc    		STRCODE        	1143	0000	18
		_TestWork      		STRCODE        	1116	0000	45
		i1_SendCmdReply		CODE           	06E1	0000	50
		_USB_SD_Ptr    		STRCODE        	102D	0000	8
		PL2            		CODE           	16F8	0000	10
		_sd000         		STRCODE        	1162	0000	4
		PL10           		CODE           	052A	0000	15
		PL4            		CODE           	0727	0000	10
		i1_USBTransferO		CODE           	03DD	0000	56
		PL20           		CODE           	0731	0000	6
		_BankRanges    		STRCODE        	1001	0000	32
		PL30           		CODE           	14EF	0000	6
		PL6            		CODE           	0517	0000	19
		i1_putUSBUSART 		CODE           	0713	0000	20

shared estimated size: 871

asic.c
		_Send32        		CODE           	0961	0000	175
		_SendAsicData  		CODE           	0914	0000	77
		_rotate        		CODE           	0E8F	0000	53
		_AsicPreCalc   		CODE           	0BBB	0000	712

asic.c estimated size: 1017

klondike.c
		_ResultRx      		CODE           	05D1	0000	90
		_UpdateFanSpeed		CODE           	07F1	0000	14
		_WorkTick      		CODE           	15E7	0000	55
		_InitTempSensor		CODE           	0FA3	0000	17
		_CheckFanSpeed 		CODE           	161E	0000	62
		_DetectAsics   		CODE           	1712	0000	174
		_InitWorkTick  		CODE           	0FCF	0000	18
		_AsicPushWork  		CODE           	08A8	0000	87
		_ProcessCmd    		CODE           	0A39	0000	333
		_InitFAN       		CODE           	0FB4	0000	27

klondike.c estimated size: 877

main.c
		_USBCBErrorHand		CODE           	0418	0000	1
		_UserInit      		CODE           	0F98	0000	11
		_USBCBWakeFromS		CODE           	041A	0000	1
		_main          		CODE           	088A	0000	30
		_USER_USB_CALLB		CODE           	0212	0000	48
		_USBCBStdSetDsc		CODE           	0415	0000	1
		_SendCmdReply  		CODE           	0B86	0000	53
		_USBCBInitEP   		CODE           	0376	0000	1
		_InitializeSyst		CODE           	0F4A	0000	15
		_ProcessIO     		CODE           	0A10	0000	41
		_USBCB_SOF_Hand		CODE           	0419	0000	1
		_USBCBSuspend  		CODE           	041B	0000	1
		_USBCBCheckOthe		CODE           	0416	0000	2
		_ISRCode       		CODE           	0004	0000	54

main.c estimated size: 260

/opt/microchip/xc8/v1.12/sources/wmul.c
		___wmul        		CODE           	08FF	0000	21

/opt/microchip/xc8/v1.12/sources/wmul.c estimated size: 21

/opt/microchip/xc8/v1.12/sources/awdiv.c
		___awdiv       		CODE           	17C0	0000	64

/opt/microchip/xc8/v1.12/sources/awdiv.c estimated size: 64

/opt/microchip/xc8/v1.12/sources/lwdiv.c
		___lwdiv       		CODE           	0EC4	0000	37

/opt/microchip/xc8/v1.12/sources/lwdiv.c estimated size: 37

../USB/CDC Device Driver/usb_function_cdc.c
		_CDCTxService  		CODE           	0737	0000	114
		_CDCInitEP     		CODE           	0377	0000	32
		_putUSBUSART   		CODE           	0FE1	0000	21
		_getsUSBUSART  		CODE           	0EFE	0000	76
		_USBCheckCDCReq		CODE           	1443	0000	74

../USB/CDC Device Driver/usb_function_cdc.c estimated size: 317

../USB/usb_device.c
		_USBCtrlTrfInHa		CODE           	0429	0000	78
		_USBTransferOne		CODE           	07A9	0000	56
		_USBDeviceAttac		CODE           	0F7F	0000	25
		_USBStdGetDscHa		CODE           	1493	0000	77
		_USBCtrlEPAllow		CODE           	04AC	0000	54
		_USBStdFeatureR		CODE           	00A2	0000	212
		_USBCtrlEPAllow		CODE           	02B4	0000	56
		_USBCtrlTrfSetu		CODE           	003C	0000	42
		_USBCtrlTrfOutH		CODE           	0539	0000	29
		_USBCtrlEPServi		CODE           	0477	0000	53
		_USBSuspend    		CODE           	035C	0000	12
		_USBStdSetCfgHa		CODE           	14F5	0000	95
		_USBStdGetStatu		CODE           	1401	0000	66
		_USBWakeFromSus		CODE           	0368	0000	14
		_USBCtrlTrfRxSe		CODE           	0556	0000	103
		_USBCtrlTrfTxSe		CODE           	04E2	0000	53
		_USBEnableEndpo		CODE           	0397	0000	31
		_USBConfigureEn		CODE           	03B6	0000	39
		_USBDeviceInit 		CODE           	156D	0000	122
		_USBCtrlEPServi		CODE           	02EC	0000	88
		_USBStallHandle		CODE           	0344	0000	24
		_USBDeviceTasks		CODE           	0176	0000	156
		_USBCheckStdReq		CODE           	0066	0000	60

../USB/usb_device.c estimated size: 1545

