Microchip MPLAB XC8 Compiler V1.12 ()

Linker command line:

-W9 --edf=/opt/microchip/xc8/v1.12/dat/en_msgs.txt -cs \
  -h+dist/K16/production/Klondike.X.production.sym -z -Q16LF1459 -ol.obj \
  -Mdist/K16/production/Klondike.X.production.map -E1 -ver=XC8 \
  -ACONST=00h-0FFhx32 -ACODE=00h-07FFhx4 -ASTRCODE=00h-01FFFh \
  -AENTRY=00h-0FFhx32 -ASTRING=00h-0FFhx32 -ACOMMON=070h-07Fh \
  -ABANK0=020h-06Fh -ABANK1=0A0h-0EFh -ABANK2=0120h-016Fh \
  -ABANK3=01A0h-01EFh -ABANK4=0220h-026Fh -ABANK5=02A0h-02EFh \
  -ABANK6=0320h-036Fh -ABANK7=03A0h-03EFh -ABANK8=0420h-046Fh \
  -ABANK9=04A0h-04EFh -ABANK10=0520h-056Fh -ABANK11=05A0h-05EFh \
  -ABANK12=0620h-064Fh -ABIGRAM=02000h-023EFh \
  -ARAM=020h-06Fh,0A0h-0EFh,0120h-016Fh,01A0h-01EFh,0220h-026Fh,02A0h-02EFh,0320h-036Fh,03A0h-03EFh,0420h-046Fh,04A0h-04EFh,0520h-056Fh,05A0h-05EFh,0620h-064Fh \
  -AABS1=020h-07Fh,0A0h-0EFh,0120h-016Fh,01A0h-01EFh,0220h-026Fh,02A0h-02EFh,0320h-036Fh,03A0h-03EFh,0420h-046Fh,04A0h-04EFh,0520h-056Fh,05A0h-05EFh,0620h-064Fh \
  -ASFR0=00h-01Fh -ASFR1=080h-09Fh -ASFR2=0100h-011Fh -ASFR3=0180h-019Fh \
  -ASFR4=0200h-021Fh -ASFR5=0280h-029Fh -ASFR6=0300h-031Fh \
  -ASFR7=0380h-039Fh -ASFR8=0400h-041Fh -ASFR9=0480h-049Fh \
  -ASFR10=0500h-051Fh -ASFR11=0580h-059Fh -ASFR12=0600h-061Fh \
  -ASFR13=0680h-06EFh -ASFR14=0700h-076Fh -ASFR15=0780h-07EFh \
  -ASFR16=0800h-086Fh -ASFR17=0880h-08EFh -ASFR18=0900h-096Fh \
  -ASFR19=0980h-09EFh -ASFR20=0A00h-0A6Fh -ASFR21=0A80h-0AEFh \
  -ASFR22=0B00h-0B6Fh -ASFR23=0B80h-0BEFh -ASFR24=0C00h-0C6Fh \
  -ASFR25=0C80h-0CEFh -ASFR26=0D00h-0D6Fh -ASFR27=0D80h-0DEFh \
  -ASFR28=0E00h-0E6Fh -ASFR29=0E80h-0EEFh -ASFR30=0F00h-0F6Fh \
  -ASFR31=0F80h-0FEFh -preset_vec=00h,intentry=04h,init,end_init \
  -ppowerup=CODE -pfunctab=CODE -ACONFIG=08007h-08008h -pconfig=CONFIG \
  -DCONFIG=2 -AIDLOC=08000h-08003h -pidloc=IDLOC -DIDLOC=2 -DCODE=2 \
  -DSTRCODE=2 -DSTRING=2 -DCONST=2 -DENTRY=2 -k /tmp/cgtSyBjEM.obj \
  dist/K16/production/Klondike.X.production.obj 

Object code version is 3.10

Machine type is 16LF1459



                Name                               Link     Load   Length Selector   Space Scale
/tmp/cgtSyBjEM.obj
                end_init                             12       12        2        8       0
                reset_vec                             0        0        2        0       0
                config                             8007     8007        2    1000E       0
dist/K16/production/Klondike.X.production.obj
                intentry                              4        4        E        8       0
                text1803                            71E      71E       CC        8       0
                text1781                            9EF      9EF      111     13DE       0
                text1767                            8C2      8C2       4A     1184       0
                text1766                           17A2     17A2       5E     2F44       0
                text1764                            90C      90C       67     1218       0
                swtext1                            1000     1000       1A     2000       0
                text1761                            B00      B00      12B     1600       0
                text1759                            973      973       7C     12E6       0
                text1755                            C2B      C2B      3D5     1856       0
                cstackBANK0                          50       50       1A       50       1
                cstackCOMMON                         70       70        E       70       1
                cstackBANK1                          A0       A0       4A       A0       1
                inittext                           175A     175A        C     2EB4       0
                clrtext                             8B6      8B6        C     116C       0
                dataBANK6                           320      320       20      320       1
                dataBANK3                           1D8      1D8        C      1A0       1
                bssBANK3                            1A0      1A0       38      1A0       1
                dataBANK2                           14E      14E       1C      120       1
                bssBANK2                            120      120       2E      120       1
                bssBANK1                             EA       EA        6       A0       1
                bssBANK0                             6A       6A        6       50       1
                cinit                                14       14      70A        8       0
                nvBANK2                             16A      16A        1      120       1
                strings                             800      800       AF     1000       0
                idataBANK6                         1782     1782       20     2F04       0
                idataBANK3                          7EA      7EA        C        8       0
                idataBANK2                         1766     1766       1C     2ECC       0

TOTAL           Name                               Link     Load   Length     Space
        CLASS   CONST          
                swtext1                            1000     1000       1A         0

        CLASS   CODE           
                end_init                             12       12        2         0
                intentry                              4        4        E         0
                reset_vec                             0        0        2         0
                text1803                            71E      71E       CC         0
                text1781                            9EF      9EF      111         0
                text1767                            8C2      8C2       4A         0
                text1766                           17A2     17A2       5E         0
                text1764                            90C      90C       67         0
                text1761                            B00      B00      12B         0
                text1759                            973      973       7C         0
                text1755                            C2B      C2B      3D5         0
                inittext                           175A     175A        C         0
                clrtext                             8B6      8B6        C         0
                cinit                                14       14      70A         0
                idataBANK6                         1782     1782       20         0
                idataBANK3                          7EA      7EA        C         0
                idataBANK2                         1766     1766       1C         0

        CLASS   STRCODE        

        CLASS   ENTRY          

        CLASS   STRING         
                strings                             800      800       AF         0

        CLASS   COMMON         
                cstackCOMMON                         70       70        E         1

        CLASS   BANK0          
                cstackBANK0                          50       50       1A         1
                bssBANK0                             6A       6A        6         1

        CLASS   BANK1          
                cstackBANK1                          A0       A0       4A         1
                bssBANK1                             EA       EA        6         1

        CLASS   BANK2          
                dataBANK2                           14E      14E       1C         1
                bssBANK2                            120      120       2E         1
                nvBANK2                             16A      16A        1         1

        CLASS   BANK3          
                dataBANK3                           1D8      1D8        C         1
                bssBANK3                            1A0      1A0       38         1

        CLASS   BANK4          

        CLASS   BANK5          

        CLASS   BANK6          
                dataBANK6                           320      320       20         1

        CLASS   BANK7          

        CLASS   BANK8          

        CLASS   BANK9          

        CLASS   BANK10         

        CLASS   BANK11         

        CLASS   BANK12         

        CLASS   BIGRAM         

        CLASS   RAM            

        CLASS   ABS1           
                abs_s1                               20       20       30         1
                abs_s1                               7E       7E        2         1
                abs_s1                              220      220       40         1
                abs_s1                              2A0      2A0       40         1
                abs_s1                              53C      53C       34         1
                abs_s1                              5A0      5A0       50         1
                abs_s1                              620      620       30         1

        CLASS   SFR0           

        CLASS   SFR1           

        CLASS   SFR2           

        CLASS   SFR3           

        CLASS   SFR4           

        CLASS   SFR5           

        CLASS   SFR6           

        CLASS   SFR7           

        CLASS   SFR8           

        CLASS   SFR9           

        CLASS   SFR10          

        CLASS   SFR11          

        CLASS   SFR12          

        CLASS   SFR13          

        CLASS   SFR14          

        CLASS   SFR15          

        CLASS   SFR16          

        CLASS   SFR17          

        CLASS   SFR18          

        CLASS   SFR19          

        CLASS   SFR20          

        CLASS   SFR21          

        CLASS   SFR22          

        CLASS   SFR23          

        CLASS   SFR24          

        CLASS   SFR25          

        CLASS   SFR26          

        CLASS   SFR27          

        CLASS   SFR28          

        CLASS   SFR29          

        CLASS   SFR30          

        CLASS   SFR31          

        CLASS   CONFIG         
                config                             8007     8007        2         0

        CLASS   IDLOC          

        CLASS   BANK31         

        CLASS   BANK30         

        CLASS   BANK29         

        CLASS   BANK28         

        CLASS   BANK27         

        CLASS   BANK26         

        CLASS   BANK25         

        CLASS   BANK24         

        CLASS   BANK23         

        CLASS   BANK22         

        CLASS   BANK21         

        CLASS   BANK20         

        CLASS   BANK19         

        CLASS   BANK18         

        CLASS   BANK17         

        CLASS   BANK16         

        CLASS   BANK15         

        CLASS   BANK14         

        CLASS   BANK13         

        CLASS   EEDATA         



SEGMENTS        Name                           Load    Length   Top    Selector   Space  Class     Delta

                reset_vec                      000000  000002  000002         0       0  CODE        2
                intentry                       000004  0007F2  0007F6         8       0  CODE        2
                cstackBANK0                    000050  000020  000070        50       1  BANK0       1
                cstackCOMMON                   000070  00000E  00007E        70       1  COMMON      1
                cstackBANK1                    0000A0  000050  0000F0        A0       1  BANK1       1
                bssBANK2                       000120  00004B  00016B       120       1  BANK2       1
                bssBANK3                       0001A0  000044  0001E4       1A0       1  BANK3       1
                dataBANK6                      000320  000020  000340       320       1  BANK6       1
                strings                        000800  0000AF  0008AF      1000       0  STRING      2
                clrtext                        0008B6  00000C  0008C2      116C       0  CODE        2
                text1767                       0008C2  00004A  00090C      1184       0  CODE        2
                text1764                       00090C  000067  000973      1218       0  CODE        2
                text1759                       000973  00007C  0009EF      12E6       0  CODE        2
                text1781                       0009EF  000111  000B00      13DE       0  CODE        2
                text1761                       000B00  00012B  000C2B      1600       0  CODE        2
                text1755                       000C2B  0003D5  001000      1856       0  CODE        2
                swtext1                        001000  00001A  00101A      2000       0  CONST       2
                inittext                       00175A  00000C  001766      2EB4       0  CODE        2
                idataBANK2                     001766  00001C  001782      2ECC       0  CODE        2
                idataBANK6                     001782  000020  0017A2      2F04       0  CODE        2
                text1766                       0017A2  00005E  001800      2F44       0  CODE        2
                config                         008007  000002  008009     1000E       0  CONFIG      2


UNUSED ADDRESS RANGES

        Name                Unused          Largest block    Delta
        BANK10           00520-0053B              1C           1
        BANK2            0016B-0016F               5           1
        BANK3            001E4-001EF               C           1
        BANK4            00260-0026F              10           1
        BANK5            002E0-002EF              10           1
        BANK6            00340-0036F              30           1
        BANK7            003A0-003EF              50           1
        BANK8            00420-0046F              50           1
        BANK9            004A0-004EF              50           1
        BIGRAM           02000-023EF             3F0           1
        CODE             00002-00003               2           2
                         007F6-007FF               A
                         008AF-008B5               7
                         0101A-01759             740
                         01800-01FFF             800
        CONST            00002-00003               2           2
                         007F6-007FF               A
                         008AF-008B5               7
                         0101A-01759             100
                         01800-01FFF             100
        ENTRY            00002-00003               2           2
                         007F6-007FF               A
                         008AF-008B5               7
                         0101A-01759             100
                         01800-01FFF             100
        IDLOC            08000-08003               4           2
        RAM              0016B-0016F               5           1
                         001E4-001EF               C
                         00260-0026F              10
                         002E0-002EF              10
                         00340-0036F              30
                         003A0-003EF              50
                         00420-0046F              50
                         004A0-004EF              50
                         00520-0053B              1C
        SFR0             00000-0001F              20           1
        SFR1             00080-0009F              20           1
        SFR10            00500-0051F              20           1
        SFR11            00580-0059F              20           1
        SFR12            00600-0061F              20           1
        SFR13            00680-006EF              70           1
        SFR14            00700-0076F              70           1
        SFR15            00780-007EF              70           1
        SFR16            00800-0086F              70           1
        SFR17            00880-008EF              70           1
        SFR18            00900-0096F              70           1
        SFR19            00980-009EF              70           1
        SFR2             00100-0011F              20           1
        SFR20            00A00-00A6F              70           1
        SFR21            00A80-00AEF              70           1
        SFR22            00B00-00B6F              70           1
        SFR23            00B80-00BEF              70           1
        SFR24            00C00-00C6F              70           1
        SFR25            00C80-00CEF              70           1
        SFR26            00D00-00D6F              70           1
        SFR27            00D80-00DEF              70           1
        SFR28            00E00-00E6F              70           1
        SFR29            00E80-00EEF              70           1
        SFR3             00180-0019F              20           1
        SFR30            00F00-00F6F              70           1
        SFR31            00F80-00FEF              70           1
        SFR4             00200-0021F              20           1
        SFR5             00280-0029F              20           1
        SFR6             00300-0031F              20           1
        SFR7             00380-0039F              20           1
        SFR8             00400-0041F              20           1
        SFR9             00480-0049F              20           1
        STRCODE          00002-00003               2           2
                         007F6-007FF               A
                         008AF-008B5               7
                         0101A-01759             740
                         01800-01FFF             800
        STRING           00002-00003               2           2
                         007F6-007FF               A
                         008AF-008B5               7
                         0101A-01759             100
                         01800-01FFF             100

                                  Symbol Table

?_AsicPreCalc                             cstackBANK0  00066
?_SendAsicData                            cstackBANK0  0005C
?_SendCmdReply                            cstackBANK0  0005C
?_USBConfigureEndpoint                    cstackBANK0  00056
?_USBEnableEndpoint                       cstackBANK0  0005A
?_USBTransferOnePacket                    cstackBANK0  00059
?_USER_USB_CALLBACK_EVENT_HANDLER         cstackBANK0  00060
?___awdiv                                 cstackBANK0  00056
?___bmul                                  cstackBANK0  00056
?___lwdiv                                 cstackBANK0  00056
?___wmul                                  cstackBANK0  00056
?_memset                                  cstackBANK0  00056
?_rotate                                  cstackBANK0  00059
?i1_SendCmdReply                          cstackCOMMON 00076
?i1___bmul                                cstackCOMMON 00070
?i1___wmul                                cstackCOMMON 00070
AsicPreCalc@F3347                         dataBANK3    001D8
AsicPreCalc@K                             cstackBANK1  000A8
AsicPreCalc@m                             cstackBANK1  000B8
AsicPreCalc@n                             cstackBANK1  000E0
AsicPreCalc@work                          cstackBANK0  00066
AsicPreCalc@x                             cstackBANK1  000DC
AsicPreCalc@y                             cstackBANK1  000D8
AsicPreCalc@z                             cstackBANK1  000B4
DetectAsics@x                             cstackBANK0  00066
PL10                                      cinit        00662
PL12                                      cinit        00672
PL14                                      cinit        0067A
PL16                                      cinit        00680
PL18                                      cinit        0068A
PL2                                       cinit        00635
PL20                                      cinit        0069D
PL22                                      cinit        006A5
PL24                                      text1761     00C04
PL26                                      text1761     00C16
PL28                                      cinit        006AE
PL30                                      cinit        006BE
PL32                                      cinit        006C4
PL34                                      cinit        006CD
PL36                                      cinit        006D2
PL38                                      text1766     017E6
PL4                                       cinit        00647
PL40                                      text1759     009E0
PL42                                      text1759     009E5
PL44                                      text1755     00FCC
PL46                                      cinit        006DA
PL48                                      text1755     00FD3
PL50                                      cinit        006E3
PL52                                      text1766     017F1
PL54                                      cinit        006EB
PL56                                      cinit        006F3
PL58                                      cinit        006FB
PL6                                       cinit        00654
PL60                                      text1767     00900
PL62                                      cinit        00701
PL64                                      text1767     00906
PL66                                      cinit        00707
PL68                                      text1755     00FDC
PL70                                      cinit        0070E
PL72                                      text1755     00FE3
PL74                                      text1766     017F9
PL76                                      text1755     00FEA
PL78                                      cinit        00713
PL8                                       cinit        0065C
PL80                                      text1755     00FEF
PL82                                      text1755     00FF5
PL84                                      text1761     00C27
PL86                                      text1755     00FFB
PL88                                      cinit        00719
ProcessCmd@cmd                            cstackBANK1  000E5
ResultRx@TimeOut                          cstackCOMMON 0007C
SendAsicData@split                        cstackBANK0  0005E
SendAsicData@work                         cstackBANK0  0005C
SendCmdReply@cmd                          cstackBANK0  0005C
SendCmdReply@count                        cstackBANK0  00060
SendCmdReply@data                         cstackBANK0  0005E
SendCmdReply@n                            cstackBANK0  00067
USBConfigureEndpoint@EPNum                cstackBANK0  00058
USBConfigureEndpoint@direction            cstackBANK0  00056
USBConfigureEndpoint@handle               cstackBANK0  00059
USBCtrlEPService@setup_cnt                cstackBANK0  00069
USBCtrlTrfInHandler@lastDTS               cstackBANK0  0005B
USBCtrlTrfRxService@byteToRead            cstackBANK0  0005B
USBCtrlTrfRxService@i                     cstackBANK0  0005A
USBCtrlTrfTxService@byteToSend            cstackBANK0  00058
USBDeviceInit@i                           cstackBANK0  0005B
USBDeviceInit@i_718                       cstackBANK0  0005A
USBDeviceInit@p                           cstackBANK0  00058
USBDeviceTasks@i                          cstackBANK1  000A7
USBEnableEndpoint@ep                      cstackBANK0  0005F
USBEnableEndpoint@options                 cstackBANK0  0005A
USBEnableEndpoint@p                       cstackBANK0  0005D
USBStdFeatureReqHandler@current_ep_data   cstackBANK1  000A2
USBStdFeatureReqHandler@p                 cstackBANK1  000A3
USBStdFeatureReqHandler@pUEP              cstackBANK1  000A0
USBStdGetStatusHandler@p                  cstackBANK0  00056
USBStdSetCfgHandler@i                     cstackBANK0  00068
USBStdSetCfgHandler@i_1089                cstackBANK0  00067
USBStdSetCfgHandler@p                     cstackBANK0  00065
USBTransferOnePacket@data                 cstackBANK0  0005A
USBTransferOnePacket@dir                  cstackBANK0  00059
USBTransferOnePacket@ep                   cstackBANK0  0005E
USBTransferOnePacket@handle               cstackBANK0  0005F
USBTransferOnePacket@len                  cstackBANK0  0005B
USER_USB_CALLBACK_EVENT_HANDLER@event     cstackBANK0  00060
_ACTCON                                   (abs)        0039B
_ADCON0bits                               (abs)        0009D
_ADCON1bits                               (abs)        0009E
_ADCON2bits                               (abs)        0009F
_ADRESH                                   (abs)        0009C
_ANSELA                                   (abs)        0018C
_ANSELB                                   (abs)        0018D
_ANSELBbits                               (abs)        0018D
_ANSELC                                   (abs)        0018E
_AsicPreCalc                              cinit        00381
_AsicPushWork                             cinit        0024B
_BAUDCONbits                              (abs)        0019F
_BDT                                      (abs)        00020
_BankRanges                               dataBANK6    00320
_BankSize                                 nvBANK2      0016A
_BothEP0OutUOWNsSet                       bssBANK2     0012E
_Cfg                                      dataBANK2    00164
_ClockCfg                                 dataBANK2    0015C
_CtrlTrfData                              (abs)        00048
_DetectAsics                              text1781     00A4C
_GIE                                      (abs)        0005F
_HashTime                                 dataBANK2    0014E
_ID                                       strings      0089F
_INPacket                                 (abs)        00220
_INTCONbits                               (abs)        0000B
_IOCBF                                    (abs)        00396
_IOCBPbits                                (abs)        00394
_ISRCode                                  intentry     00004
_InitFAN                                  text1781     00A23
_InitResultRx                             text1781     00A3B
_InitTempSensor                           text1781     00A12
_InitWorkTick                             text1781     009FC
_InitializeSystem                         cinit        005ED
_LATAbits                                 (abs)        0010C
_LATC                                     (abs)        0010E
_NonceRanges                              bssBANK3     001A0
_OPTION_REGbits                           (abs)        00095
_OSCCON                                   (abs)        00099
_OSCTUNE                                  (abs)        00098
_OUTPacket                                (abs)        002A0
_PIE2bits                                 (abs)        00092
_PIR2bits                                 (abs)        00012
_PR2                                      (abs)        0001B
_PWM1CON                                  (abs)        00613
_PWM1DCH                                  (abs)        00612
_PWM1DCL                                  (abs)        00611
_PWM1OE                                   (abs)        0309E
_PrecalcHashes                            bssBANK3     001C0
_ProcessCmd                               cinit        00080
_ProcessCmd$2047                          cstackBANK1  000E3
_ProcessIO                                cinit        00566
_ProcessIO$2365                           cstackBANK1  000E6
_ProcessIO$2399                           cstackBANK1  000E8
_RCIF                                     (abs)        0008D
_RCREG                                    (abs)        00199
_RCSTAbits                                (abs)        0019D
_RemoteWakeup                             bssBANK2     0012F
_ResultQC                                 bssBANK2     00130
_ResultQue                                bssBANK2     00141
_ResultRx                                 text1803     0071E
_Send32                                   cinit        002D5
_SendAsicData                             cinit        0028B
_SendCmdReply                             cinit        001A7
_SetupPkt                                 (abs)        00040
_SlaveAddress                             bssBANK2     00131
_SlowTick                                 bssBANK2     00132
_Status                                   dataBANK2    0014F
_T2CONbits                                (abs)        0001C
_TMR0                                     (abs)        00015
_TMR0CS                                   (abs)        004AD
_TMR0IF                                   (abs)        0005A
_TMR2IF                                   (abs)        00089
_TMR2ON                                   (abs)        000E2
_TRISAbits                                (abs)        0008C
_TRISCbits                                (abs)        0008E
_TXSTAbits                                (abs)        0019E
_UADDR                                    (abs)        00E96
_UCFG                                     (abs)        00E91
_UCON                                     (abs)        00E8E
_UCONbits                                 (abs)        00E8E
_UEIE                                     (abs)        00E97
_UEIR                                     (abs)        00E93
_UEP0                                     (abs)        00E98
_UEP0bits                                 (abs)        00E98
_UEP1                                     (abs)        00E99
_UIE                                      (abs)        00E92
_UIEbits                                  (abs)        00E92
_UIR                                      (abs)        00E90
_UIRbits                                  (abs)        00E90
_USBActiveConfiguration                   bssBANK1     000ED
_USBAlternateInterface                    bssBANK1     000EE
_USBCBCheckOtherReq                       text1755     00FA6
_USBCBErrorHandler                        text1755     00FA8
_USBCBInitEP                              text1755     00F50
_USBCBStdSetDscHandler                    text1755     00FA5
_USBCBSuspend                             text1755     00FAB
_USBCBWakeFromSuspend                     text1755     00FAA
_USBCB_SOF_Handler                        text1755     00FA9
_USBCheckStdRequest                       text1755     00C51
_USBCheckVendorRequest                    text1755     00FA7
_USBConfigureEndpoint                     text1755     00F7E
_USBCtrlEPAllowDataStage                  text1761     00B8B
_USBCtrlEPAllowStatusStage                text1755     00E9A
_USBCtrlEPService                         text1755     00ED4
_USBCtrlEPServiceComplete                 text1761     00B54
_USBCtrlTrfInHandler                      text1761     00B00
_USBCtrlTrfOutHandler                     text1755     00FAC
_USBCtrlTrfRxService                      text1759     00973
_USBCtrlTrfSetupHandler                   text1755     00C2B
_USBCtrlTrfTxService                      text1761     00BC5
_USBDeferINDataStagePackets               bssBANK2     00133
_USBDeferOUTDataStagePackets              bssBANK2     00134
_USBDeferStatusStagePacket                bssBANK0     0006C
_USBDeviceInit                            text1755     00E2A
_USBDeviceState                           bssBANK1     000EA
_USBDeviceTasks                           text1755     00D58
_USBEnableEndpoint                        text1755     00F5F
_USBGenericInHandle                       bssBANK2     00135
_USBGenericOutHandle                      bssBANK2     00136
_USBStallHandler                          text1755     00F28
_USBStatusStageEnabledFlag1               bssBANK2     00137
_USBStatusStageEnabledFlag2               bssBANK2     00138
_USBStatusStageTimeoutCounter             bssBANK2     00139
_USBStdFeatureReqHandler                  text1755     00C8D
_USBStdGetDscHandler                      text1766     017A2
_USBStdGetStatusHandler                   text1767     008C2
_USBStdSetCfgHandler                      text1764     0090C
_USBSuspend                               text1755     00F40
_USBTransferOnePacket                     cinit        005B5
_USBWakeFromSuspend                       text1755     00F47
_USB_CD_Ptr                               strings      00804
_USB_SD_Ptr                               strings      00801
_USER_USB_CALLBACK_EVENT_HANDLER          text1755     00DFB
_USTAT                                    (abs)        00E8F
_USTATcopy                                bssBANK1     000EF
_UserInit                                 text1781     009EF
_WQI                                      bssBANK2     0013A
_WQX                                      bssBANK2     0013B
_WorkNow                                  bssBANK1     000EB
_WorkQue                                  (abs)        0233C
_WorkTick                                 cinit        00602
__CFG_CPUDIV$NOCLKDIV                     (abs)        00000
__CFG_FCMEN$OFF                           (abs)        00000
__CFG_FOSC$INTOSC                         (abs)        00000
__CFG_IESO$OFF                            (abs)        00000
__CFG_LVP$OFF                             (abs)        00000
__CFG_MCLRE$OFF                           (abs)        00000
__CFG_PWRTE$ON                            (abs)        00000
__CFG_WDTE$OFF                            (abs)        00000
__Habs1                                   abs1         00000
__Hbank0                                  bank0        00000
__Hbank1                                  bank1        00000
__Hbank10                                 bank10       00000
__Hbank11                                 bank11       00000
__Hbank12                                 bank12       00000
__Hbank13                                 bank13       00000
__Hbank14                                 bank14       00000
__Hbank15                                 bank15       00000
__Hbank16                                 bank16       00000
__Hbank17                                 bank17       00000
__Hbank18                                 bank18       00000
__Hbank19                                 bank19       00000
__Hbank2                                  bank2        00000
__Hbank20                                 bank20       00000
__Hbank21                                 bank21       00000
__Hbank22                                 bank22       00000
__Hbank23                                 bank23       00000
__Hbank24                                 bank24       00000
__Hbank25                                 bank25       00000
__Hbank26                                 bank26       00000
__Hbank27                                 bank27       00000
__Hbank28                                 bank28       00000
__Hbank29                                 bank29       00000
__Hbank3                                  bank3        00000
__Hbank30                                 bank30       00000
__Hbank31                                 bank31       00000
__Hbank4                                  bank4        00000
__Hbank5                                  bank5        00000
__Hbank6                                  bank6        00000
__Hbank7                                  bank7        00000
__Hbank8                                  bank8        00000
__Hbank9                                  bank9        00000
__Hbigram                                 bigram       00000
__HbssBANK0                               bssBANK0     00000
__HbssBANK1                               bssBANK1     00000
__HbssBANK2                               bssBANK2     00000
__HbssBANK3                               bssBANK3     00000
__Hcinit                                  cinit        00000
__Hclrtext                                clrtext      00000
__Hcode                                   code         00000
__Hcommon                                 common       00000
__Hconfig                                 config       08009
__HcstackBANK0                            cstackBANK0  00000
__HcstackBANK1                            cstackBANK1  00000
__HcstackCOMMON                           cstackCOMMON 00000
__HdataBANK2                              dataBANK2    00000
__HdataBANK3                              dataBANK3    00000
__HdataBANK6                              dataBANK6    00000
__Heeprom_data                            eeprom_data  00000
__Hend_init                               end_init     00014
__Hfunctab                                functab      00000
__HidataBANK2                             idataBANK2   00000
__HidataBANK3                             idataBANK3   00000
__HidataBANK6                             idataBANK6   00000
__Hidloc                                  idloc        00000
__Hinit                                   init         00012
__Hinittext                               inittext     00000
__Hintentry                               intentry     00012
__Hmaintext                               maintext     00000
__HnvBANK2                                nvBANK2      00000
__Hpa_nodes                               pa_nodes     00000
__Hpowerup                                powerup      00000
__Hram                                    ram          00000
__Hreset_vec                              reset_vec    00002
__Hsfr0                                   sfr0         00000
__Hsfr1                                   sfr1         00000
__Hsfr10                                  sfr10        00000
__Hsfr11                                  sfr11        00000
__Hsfr12                                  sfr12        00000
__Hsfr13                                  sfr13        00000
__Hsfr14                                  sfr14        00000
__Hsfr15                                  sfr15        00000
__Hsfr16                                  sfr16        00000
__Hsfr17                                  sfr17        00000
__Hsfr18                                  sfr18        00000
__Hsfr19                                  sfr19        00000
__Hsfr2                                   sfr2         00000
__Hsfr20                                  sfr20        00000
__Hsfr21                                  sfr21        00000
__Hsfr22                                  sfr22        00000
__Hsfr23                                  sfr23        00000
__Hsfr24                                  sfr24        00000
__Hsfr25                                  sfr25        00000
__Hsfr26                                  sfr26        00000
__Hsfr27                                  sfr27        00000
__Hsfr28                                  sfr28        00000
__Hsfr29                                  sfr29        00000
__Hsfr3                                   sfr3         00000
__Hsfr30                                  sfr30        00000
__Hsfr31                                  sfr31        00000
__Hsfr4                                   sfr4         00000
__Hsfr5                                   sfr5         00000
__Hsfr6                                   sfr6         00000
__Hsfr7                                   sfr7         00000
__Hsfr8                                   sfr8         00000
__Hsfr9                                   sfr9         00000
__Hstrings                                strings      00000
__Htext                                   text         00000
__Labs1                                   abs1         00000
__Lbank0                                  bank0        00000
__Lbank1                                  bank1        00000
__Lbank10                                 bank10       00000
__Lbank11                                 bank11       00000
__Lbank12                                 bank12       00000
__Lbank13                                 bank13       00000
__Lbank14                                 bank14       00000
__Lbank15                                 bank15       00000
__Lbank16                                 bank16       00000
__Lbank17                                 bank17       00000
__Lbank18                                 bank18       00000
__Lbank19                                 bank19       00000
__Lbank2                                  bank2        00000
__Lbank20                                 bank20       00000
__Lbank21                                 bank21       00000
__Lbank22                                 bank22       00000
__Lbank23                                 bank23       00000
__Lbank24                                 bank24       00000
__Lbank25                                 bank25       00000
__Lbank26                                 bank26       00000
__Lbank27                                 bank27       00000
__Lbank28                                 bank28       00000
__Lbank29                                 bank29       00000
__Lbank3                                  bank3        00000
__Lbank30                                 bank30       00000
__Lbank31                                 bank31       00000
__Lbank4                                  bank4        00000
__Lbank5                                  bank5        00000
__Lbank6                                  bank6        00000
__Lbank7                                  bank7        00000
__Lbank8                                  bank8        00000
__Lbank9                                  bank9        00000
__Lbigram                                 bigram       00000
__LbssBANK0                               bssBANK0     00000
__LbssBANK1                               bssBANK1     00000
__LbssBANK2                               bssBANK2     00000
__LbssBANK3                               bssBANK3     00000
__Lcinit                                  cinit        00000
__Lclrtext                                clrtext      00000
__Lcode                                   code         00000
__Lcommon                                 common       00000
__Lconfig                                 config       08007
__LcstackBANK0                            cstackBANK0  00000
__LcstackBANK1                            cstackBANK1  00000
__LcstackCOMMON                           cstackCOMMON 00000
__LdataBANK2                              dataBANK2    00000
__LdataBANK3                              dataBANK3    00000
__LdataBANK6                              dataBANK6    00000
__Leeprom_data                            eeprom_data  00000
__Lend_init                               end_init     00012
__Lfunctab                                functab      00000
__LidataBANK2                             idataBANK2   00000
__LidataBANK3                             idataBANK3   00000
__LidataBANK6                             idataBANK6   00000
__Lidloc                                  idloc        00000
__Linit                                   init         00012
__Linittext                               inittext     00000
__Lintentry                               intentry     00004
__Lmaintext                               maintext     00000
__LnvBANK2                                nvBANK2      00000
__Lpa_nodes                               pa_nodes     00000
__Lpowerup                                powerup      00000
__Lram                                    ram          00000
__Lreset_vec                              reset_vec    00000
__Lsfr0                                   sfr0         00000
__Lsfr1                                   sfr1         00000
__Lsfr10                                  sfr10        00000
__Lsfr11                                  sfr11        00000
__Lsfr12                                  sfr12        00000
__Lsfr13                                  sfr13        00000
__Lsfr14                                  sfr14        00000
__Lsfr15                                  sfr15        00000
__Lsfr16                                  sfr16        00000
__Lsfr17                                  sfr17        00000
__Lsfr18                                  sfr18        00000
__Lsfr19                                  sfr19        00000
__Lsfr2                                   sfr2         00000
__Lsfr20                                  sfr20        00000
__Lsfr21                                  sfr21        00000
__Lsfr22                                  sfr22        00000
__Lsfr23                                  sfr23        00000
__Lsfr24                                  sfr24        00000
__Lsfr25                                  sfr25        00000
__Lsfr26                                  sfr26        00000
__Lsfr27                                  sfr27        00000
__Lsfr28                                  sfr28        00000
__Lsfr29                                  sfr29        00000
__Lsfr3                                   sfr3         00000
__Lsfr30                                  sfr30        00000
__Lsfr31                                  sfr31        00000
__Lsfr4                                   sfr4         00000
__Lsfr5                                   sfr5         00000
__Lsfr6                                   sfr6         00000
__Lsfr7                                   sfr7         00000
__Lsfr8                                   sfr8         00000
__Lsfr9                                   sfr9         00000
__Lstrings                                strings      00000
__Ltext                                   text         00000
__S0                                      (abs)        08009
__S1                                      (abs)        00340
___awdiv                                  text1781     00AC0
___awdiv@counter                          cstackBANK0  0005A
___awdiv@dividend                         cstackBANK0  00058
___awdiv@divisor                          cstackBANK0  00056
___awdiv@quotient                         cstackBANK0  0005C
___awdiv@sign                             cstackBANK0  0005B
___bmul                                   cinit        00524
___bmul@multiplicand                      cstackBANK0  00056
___bmul@multiplier                        cstackBANK0  00058
___bmul@product                           cstackBANK0  00057
___lwdiv                                  cinit        00226
___lwdiv@counter                          cstackBANK0  0005A
___lwdiv@dividend                         cstackBANK0  00058
___lwdiv@divisor                          cstackBANK0  00056
___lwdiv@quotient                         cstackBANK0  0005B
___wmul                                   cinit        00211
___wmul@multiplicand                      cstackBANK0  00058
___wmul@multiplier                        cstackBANK0  00056
___wmul@product                           cstackBANK0  0005A
__end_ofPL10                              cinit        00672
__end_ofPL12                              cinit        0067A
__end_ofPL14                              cinit        00680
__end_ofPL16                              cinit        0068A
__end_ofPL18                              cinit        0069D
__end_ofPL2                               cinit        00647
__end_ofPL20                              cinit        006A5
__end_ofPL22                              cinit        006AE
__end_ofPL24                              text1761     00C16
__end_ofPL26                              text1761     00C27
__end_ofPL28                              cinit        006BE
__end_ofPL30                              cinit        006C4
__end_ofPL32                              cinit        006CD
__end_ofPL34                              cinit        006D2
__end_ofPL36                              cinit        006DA
__end_ofPL38                              text1766     017F1
__end_ofPL4                               cinit        00654
__end_ofPL40                              text1759     009E5
__end_ofPL42                              text1759     009EF
__end_ofPL44                              text1755     00FD3
__end_ofPL46                              cinit        006E3
__end_ofPL48                              text1755     00FDC
__end_ofPL50                              cinit        006EB
__end_ofPL52                              text1766     017F9
__end_ofPL54                              cinit        006F3
__end_ofPL56                              cinit        006FB
__end_ofPL58                              cinit        00701
__end_ofPL6                               cinit        0065C
__end_ofPL60                              text1767     00906
__end_ofPL62                              cinit        00707
__end_ofPL64                              text1767     0090C
__end_ofPL66                              cinit        0070E
__end_ofPL68                              text1755     00FE3
__end_ofPL70                              cinit        00713
__end_ofPL72                              text1755     00FEA
__end_ofPL74                              text1766     01800
__end_ofPL76                              text1755     00FEF
__end_ofPL78                              cinit        00719
__end_ofPL8                               cinit        00662
__end_ofPL80                              text1755     00FF5
__end_ofPL82                              text1755     00FFB
__end_ofPL84                              text1761     00C2B
__end_ofPL86                              text1755     01000
__end_ofPL88                              cinit        0071E
__end_of_AsicPreCalc                      cinit        00524
__end_of_AsicPushWork                     cinit        0028B
__end_of_DetectAsics                      text1781     00AC0
__end_of_ID                               strings      008AB
__end_of_ISRCode                          intentry     00012
__end_of_InitFAN                          text1781     00A3B
__end_of_InitResultRx                     text1781     00A4C
__end_of_InitTempSensor                   text1781     00A23
__end_of_InitWorkTick                     text1781     00A12
__end_of_InitializeSystem                 cinit        00602
__end_of_ProcessCmd                       cinit        001A7
__end_of_ProcessIO                        cinit        005B5
__end_of_ResultRx                         text1803     00761
__end_of_Send32                           cinit        00381
__end_of_SendAsicData                     cinit        002D5
__end_of_SendCmdReply                     cinit        00211
__end_of_USBCBCheckOtherReq               text1755     00FA7
__end_of_USBCBErrorHandler                text1755     00FA9
__end_of_USBCBInitEP                      text1755     00F5F
__end_of_USBCBStdSetDscHandler            text1755     00FA6
__end_of_USBCBSuspend                     text1755     00FAC
__end_of_USBCBWakeFromSuspend             text1755     00FAB
__end_of_USBCB_SOF_Handler                text1755     00FAA
__end_of_USBCheckStdRequest               text1755     00C8D
__end_of_USBCheckVendorRequest            text1755     00FA8
__end_of_USBConfigureEndpoint             text1755     00FA5
__end_of_USBCtrlEPAllowDataStage          text1761     00BC5
__end_of_USBCtrlEPAllowStatusStage        text1755     00ED4
__end_of_USBCtrlEPService                 text1755     00F28
__end_of_USBCtrlEPServiceComplete         text1761     00B8B
__end_of_USBCtrlTrfInHandler              text1761     00B54
__end_of_USBCtrlTrfOutHandler             text1755     00FCC
__end_of_USBCtrlTrfRxService              text1759     009E0
__end_of_USBCtrlTrfSetupHandler           text1755     00C51
__end_of_USBCtrlTrfTxService              text1761     00C04
__end_of_USBDeviceInit                    text1755     00E9A
__end_of_USBDeviceTasks                   text1755     00DFB
__end_of_USBEnableEndpoint                text1755     00F7E
__end_of_USBStallHandler                  text1755     00F40
__end_of_USBStdFeatureReqHandler          text1755     00D58
__end_of_USBStdGetDscHandler              text1766     017E6
__end_of_USBStdGetStatusHandler           text1767     00900
__end_of_USBStdSetCfgHandler              text1764     00961
__end_of_USBSuspend                       text1755     00F47
__end_of_USBTransferOnePacket             cinit        005ED
__end_of_USBWakeFromSuspend               text1755     00F50
__end_of_USB_CD_Ptr                       strings      00805
__end_of_USB_SD_Ptr                       strings      00804
__end_of_USER_USB_CALLBACK_EVENT_HANDLER  text1755     00E2A
__end_of_UserInit                         text1781     009FC
__end_of_WorkTick                         cinit        00635
__end_of___awdiv                          text1781     00B00
__end_of___bmul                           cinit        00531
__end_of___lwdiv                          cinit        0024B
__end_of___wmul                           cinit        00226
__end_of__initialization                  cinit        0006C
__end_of__stringtab                       strings      00801
__end_of_configDescriptor1                strings      0088D
__end_of_device_dsc                       strings      0089F
__end_of_main                             cinit        00080
__end_of_memset                           text1764     00973
__end_of_rotate                           cinit        00566
__end_of_sd000                            strings      008AF
__end_of_sd001                            strings      00839
__end_of_sd002                            strings      0086D
__end_ofi1_SendCmdReply                   text1803     007C9
__end_ofi1___bmul                         text1803     007D5
__end_ofi1___wmul                         text1803     007EA
__initialization                          cinit        00014
__pbssBANK0                               bssBANK0     0006A
__pbssBANK1                               bssBANK1     000EA
__pbssBANK2                               bssBANK2     00120
__pbssBANK3                               bssBANK3     001A0
__pbssBIGRAM                              (abs)        0233C
__pcstackBANK0                            cstackBANK0  00050
__pcstackBANK1                            cstackBANK1  000A0
__pcstackCOMMON                           cstackCOMMON 00070
__pdataBANK2                              dataBANK2    0014E
__pdataBANK3                              dataBANK3    001D8
__pdataBANK6                              dataBANK6    00320
__pidataBANK2                             idataBANK2   01766
__pidataBANK3                             idataBANK3   007EA
__pidataBANK6                             idataBANK6   01782
__pintentry                               intentry     00004
__pmaintext                               cinit        0006E
__pnvBANK2                                nvBANK2      0016A
__pstrings                                strings      00800
__pswtext1                                swtext1      01000
__ptext1750                               text1755     00D58
__ptext1751                               text1755     00F47
__ptext1752                               text1755     00F40
__ptext1753                               text1755     00F28
__ptext1754                               text1755     00ED4
__ptext1755                               text1755     00C2B
__ptext1756                               text1761     00B54
__ptext1757                               text1761     00B8B
__ptext1758                               text1755     00FAC
__ptext1759                               text1759     00973
__ptext1760                               text1755     00E9A
__ptext1761                               text1761     00B00
__ptext1762                               text1761     00BC5
__ptext1763                               text1755     00C51
__ptext1764                               text1764     0090C
__ptext1765                               text1764     00961
__ptext1766                               text1766     017A2
__ptext1767                               text1767     008C2
__ptext1768                               text1755     00C8D
__ptext1769                               text1755     00DFB
__ptext1770                               cinit        00602
__ptext1771                               cinit        005ED
__ptext1772                               text1755     00E2A
__ptext1773                               cinit        00566
__ptext1774                               cinit        00080
__ptext1775                               cinit        0024B
__ptext1776                               cinit        0028B
__ptext1777                               cinit        002D5
__ptext1778                               cinit        00381
__ptext1779                               cinit        00531
__ptext1780                               cinit        001A7
__ptext1781                               text1781     009EF
__ptext1782                               text1781     00A4C
__ptext1783                               text1781     00A23
__ptext1784                               text1781     00A12
__ptext1785                               text1781     009FC
__ptext1786                               text1781     00A3B
__ptext1787                               text1755     00FAB
__ptext1788                               text1755     00FAA
__ptext1789                               text1755     00FA9
__ptext1790                               text1755     00FA8
__ptext1791                               text1755     00FA6
__ptext1792                               text1755     00FA7
__ptext1793                               text1755     00FA5
__ptext1794                               text1755     00F50
__ptext1795                               text1755     00F5F
__ptext1796                               text1755     00F7E
__ptext1797                               cinit        005B5
__ptext1798                               cinit        00226
__ptext1799                               text1781     00AC0
__ptext1800                               cinit        00524
__ptext1801                               cinit        00211
__ptext1803                               text1803     0071E
__ptext1804                               text1803     00761
__ptext1805                               text1803     007D5
__ptext1806                               text1803     007C9
__ptext1807                               text1807     00000
__size_of_AsicPreCalc                     (abs)        00000
__size_of_AsicPushWork                    (abs)        00000
__size_of_DetectAsics                     (abs)        00000
__size_of_ISRCode                         (abs)        00000
__size_of_InitFAN                         (abs)        00000
__size_of_InitResultRx                    (abs)        00000
__size_of_InitTempSensor                  (abs)        00000
__size_of_InitWorkTick                    (abs)        00000
__size_of_InitializeSystem                (abs)        00000
__size_of_ProcessCmd                      (abs)        00000
__size_of_ProcessIO                       (abs)        00000
__size_of_ResultRx                        (abs)        00000
__size_of_Send32                          (abs)        00000
__size_of_SendAsicData                    (abs)        00000
__size_of_SendCmdReply                    (abs)        00000
__size_of_USBCBCheckOtherReq              (abs)        00000
__size_of_USBCBErrorHandler               (abs)        00000
__size_of_USBCBInitEP                     (abs)        00000
__size_of_USBCBStdSetDscHandler           (abs)        00000
__size_of_USBCBSuspend                    (abs)        00000
__size_of_USBCBWakeFromSuspend            (abs)        00000
__size_of_USBCB_SOF_Handler               (abs)        00000
__size_of_USBCheckStdRequest              (abs)        00000
__size_of_USBCheckVendorRequest           (abs)        00000
__size_of_USBConfigureEndpoint            (abs)        00000
__size_of_USBCtrlEPAllowDataStage         (abs)        00000
__size_of_USBCtrlEPAllowStatusStage       (abs)        00000
__size_of_USBCtrlEPService                (abs)        00000
__size_of_USBCtrlEPServiceComplete        (abs)        00000
__size_of_USBCtrlTrfInHandler             (abs)        00000
__size_of_USBCtrlTrfOutHandler            (abs)        00000
__size_of_USBCtrlTrfRxService             (abs)        00000
__size_of_USBCtrlTrfSetupHandler          (abs)        00000
__size_of_USBCtrlTrfTxService             (abs)        00000
__size_of_USBDeviceInit                   (abs)        00000
__size_of_USBDeviceTasks                  (abs)        00000
__size_of_USBEnableEndpoint               (abs)        00000
__size_of_USBStallHandler                 (abs)        00000
__size_of_USBStdFeatureReqHandler         (abs)        00000
__size_of_USBStdGetDscHandler             (abs)        00000
__size_of_USBStdGetStatusHandler          (abs)        00000
__size_of_USBStdSetCfgHandler             (abs)        00000
__size_of_USBSuspend                      (abs)        00000
__size_of_USBTransferOnePacket            (abs)        00000
__size_of_USBWakeFromSuspend              (abs)        00000
__size_of_USER_USB_CALLBACK_EVENT_HANDLER (abs)        00000
__size_of_UserInit                        (abs)        00000
__size_of_WorkTick                        (abs)        00000
__size_of___awdiv                         (abs)        00000
__size_of___bmul                          (abs)        00000
__size_of___lwdiv                         (abs)        00000
__size_of___wmul                          (abs)        00000
__size_of_main                            (abs)        00000
__size_of_memset                          (abs)        00000
__size_of_rotate                          (abs)        00000
__size_ofi1_SendCmdReply                  (abs)        00000
__size_ofi1___bmul                        (abs)        00000
__size_ofi1___wmul                        (abs)        00000
__stringtab                               strings      00800
_configDescriptor1                        strings      0086D
_controlTransferState                     bssBANK0     0006D
_device_dsc                               strings      0088D
_endpoint_number                          bssBANK2     0013C
_ep_data_in                               bssBANK2     00126
_ep_data_out                              bssBANK2     00128
_inPipes                                  bssBANK2     00149
_last_bit0                                bssBANK2     0013D
_last_bit1                                bssBANK2     0013E
_main                                     cinit        0006E
_memset                                   text1764     00961
_outPipes                                 bssBANK2     00120
_pBDTEntryEP0OutCurrent                   bssBANK0     0006E
_pBDTEntryEP0OutNext                      bssBANK0     0006F
_pBDTEntryIn                              bssBANK0     0006A
_pBDTEntryOut                             bssBANK2     0012A
_pDst                                     bssBANK2     0013F
_rotate                                   cinit        00531
_sd000                                    strings      008AB
_sd001                                    strings      00805
_sd002                                    strings      00839
_send32_count                             bssBANK2     00140
_send32_data                              bssBANK2     0012C
_shortPacketStatus                        bssBANK1     000EC
btemp                                     (abs)        0007E
clear_ram                                 clrtext      008B6
end_of_initialization                     cinit        0006C
i1SendCmdReply@cmd                        cstackCOMMON 00076
i1SendCmdReply@count                      cstackCOMMON 0007A
i1SendCmdReply@data                       cstackCOMMON 00078
i1SendCmdReply@n                          cstackCOMMON 0007B
i1_SendCmdReply                           text1803     00761
i1___bmul                                 text1803     007C9
i1___bmul@multiplicand                    cstackCOMMON 00070
i1___bmul@multiplier                      cstackCOMMON 00071
i1___bmul@product                         cstackCOMMON 00072
i1___wmul                                 text1803     007D5
i1___wmul@multiplicand                    cstackCOMMON 00072
i1___wmul@multiplier                      cstackCOMMON 00070
i1___wmul@product                         cstackCOMMON 00074
init_ram                                  inittext     0175A
intlevel0                                 functab      00000
intlevel1                                 functab      00000
intlevel2                                 functab      00000
intlevel3                                 functab      00000
intlevel4                                 functab      00000
intlevel5                                 functab      00000
memset@c                                  cstackBANK0  00056
memset@n                                  cstackBANK0  00058
memset@p                                  cstackBANK0  0005B
memset@p1                                 cstackBANK0  0005A
reset_vec                                 reset_vec    00000
rotate@x                                  cstackBANK0  00059
rotate@y                                  cstackBANK0  0005D
start                                     init         00012
start_initialization                      cinit        00014
wtemp0                                    (abs)        0007E


FUNCTION INFORMATION:

 *************** function _main *****************
 Defined at:
		line 98 in file "main.c"
 Parameters:    Size  Location     Type
		None
 Auto vars:     Size  Location     Type
		None
 Return value:  Size  Location     Type
                  2  829[COMMON] int 
 Registers used:
		wreg, fsr0l, fsr0h, fsr1l, fsr1h, status,2, status,0, btemp+1, pclath, cstack
 Tracked objects:
		On entry : 
		On exit  : 
		Unchanged: 
 Data sizes:     COMMON   BANK0   BANK1   BANK2   BANK3   BANK4   BANK5   BANK6   BANK7   BANK8   BANK9  BANK10  BANK11  BANK12
      Params:         0       0       0       0       0       0       0       0       0       0       0       0       0       0
      Locals:         0       0       0       0       0       0       0       0       0       0       0       0       0       0
      Temps:          0       0       0       0       0       0       0       0       0       0       0       0       0       0
      Totals:         0       0       0       0       0       0       0       0       0       0       0       0       0       0
Total ram usage:        0 bytes
 Hardware stack levels required when called:   13
 This function calls:
		_InitializeSystem
		_USBDeviceTasks
		_WorkTick
		_AsicPushWork
		_ProcessIO
 This function is called by:
		Startup code after reset
 This function uses a non-reentrant model


 *************** function _USBDeviceTasks *****************
 Defined at:
		line 669 in file "../USB/usb_device.c"
 Parameters:    Size  Location     Type
		None
 Auto vars:     Size  Location     Type
  i               1    7[BANK1 ] unsigned char 
 Return value:  Size  Location     Type
		None               void
 Registers used:
		wreg, fsr0l, fsr0h, fsr1l, fsr1h, status,2, status,0, btemp+1, pclath, cstack
 Tracked objects:
		On entry : 
		On exit  : 
		Unchanged: 
 Data sizes:     COMMON   BANK0   BANK1   BANK2   BANK3   BANK4   BANK5   BANK6   BANK7   BANK8   BANK9  BANK10  BANK11  BANK12
      Params:         0       0       0       0       0       0       0       0       0       0       0       0       0       0
      Locals:         0       0       1       0       0       0       0       0       0       0       0       0       0       0
      Temps:          0       0       1       0       0       0       0       0       0       0       0       0       0       0
      Totals:         0       0       2       0       0       0       0       0       0       0       0       0       0       0
Total ram usage:        2 bytes
 Hardware stack levels used:    1
 Hardware stack levels required when called:   12
 This function calls:
		_USBWakeFromSuspend
		_USBDeviceInit
		_USBSuspend
		_USER_USB_CALLBACK_EVENT_HANDLER
		_USBCtrlEPAllowStatusStage
		_USBStallHandler
		_USBCtrlEPService
 This function is called by:
		_main
 This function uses a non-reentrant model


 *************** function _USBWakeFromSuspend *****************
 Defined at:
		line 2456 in file "../USB/usb_device.c"
 Parameters:    Size  Location     Type
		None
 Auto vars:     Size  Location     Type
		None
 Return value:  Size  Location     Type
		None               void
 Registers used:
		wreg, fsr0l, fsr0h, fsr1l, fsr1h, status,2, status,0, btemp+1, pclath, cstack
 Tracked objects:
		On entry : 
		On exit  : 
		Unchanged: 
 Data sizes:     COMMON   BANK0   BANK1   BANK2   BANK3   BANK4   BANK5   BANK6   BANK7   BANK8   BANK9  BANK10  BANK11  BANK12
      Params:         0       0       0       0       0       0       0       0       0       0       0       0       0       0
      Locals:         0       0       0       0       0       0       0       0       0       0       0       0       0       0
      Temps:          0       0       0       0       0       0       0       0       0       0       0       0       0       0
      Totals:         0       0       0       0       0       0       0       0       0       0       0       0       0       0
Total ram usage:        0 bytes
 Hardware stack levels used:    1
 Hardware stack levels required when called:    8
 This function calls:
		_USER_USB_CALLBACK_EVENT_HANDLER
 This function is called by:
		_USBDeviceTasks
 This function uses a non-reentrant model


 *************** function _USBSuspend *****************
 Defined at:
		line 2399 in file "../USB/usb_device.c"
 Parameters:    Size  Location     Type
		None
 Auto vars:     Size  Location     Type
		None
 Return value:  Size  Location     Type
		None               void
 Registers used:
		wreg, fsr0l, fsr0h, fsr1l, fsr1h, status,2, status,0, btemp+1, pclath, cstack
 Tracked objects:
		On entry : 
		On exit  : 
		Unchanged: 
 Data sizes:     COMMON   BANK0   BANK1   BANK2   BANK3   BANK4   BANK5   BANK6   BANK7   BANK8   BANK9  BANK10  BANK11  BANK12
      Params:         0       0       0       0       0       0       0       0       0       0       0       0       0       0
      Locals:         0       0       0       0       0       0       0       0       0       0       0       0       0       0
      Temps:          0       0       0       0       0       0       0       0       0       0       0       0       0       0
      Totals:         0       0       0       0       0       0       0       0       0       0       0       0       0       0
Total ram usage:        0 bytes
 Hardware stack levels used:    1
 Hardware stack levels required when called:    8
 This function calls:
		_USER_USB_CALLBACK_EVENT_HANDLER
 This function is called by:
		_USBDeviceTasks
 This function uses a non-reentrant model


 *************** function _USBStallHandler *****************
 Defined at:
		line 2356 in file "../USB/usb_device.c"
 Parameters:    Size  Location     Type
		None
 Auto vars:     Size  Location     Type
		None
 Return value:  Size  Location     Type
		None               void
 Registers used:
		wreg, fsr1l, fsr1h
 Tracked objects:
		On entry : 
		On exit  : 
		Unchanged: 
 Data sizes:     COMMON   BANK0   BANK1   BANK2   BANK3   BANK4   BANK5   BANK6   BANK7   BANK8   BANK9  BANK10  BANK11  BANK12
      Params:         0       0       0       0       0       0       0       0       0       0       0       0       0       0
      Locals:         0       0       0       0       0       0       0       0       0       0       0       0       0       0
      Temps:          0       0       0       0       0       0       0       0       0       0       0       0       0       0
      Totals:         0       0       0       0       0       0       0       0       0       0       0       0       0       0
Total ram usage:        0 bytes
 Hardware stack levels used:    1
 Hardware stack levels required when called:    4
 This function calls:
		Nothing
 This function is called by:
		_USBDeviceTasks
 This function uses a non-reentrant model


 *************** function _USBCtrlEPService *****************
 Defined at:
		line 2523 in file "../USB/usb_device.c"
 Parameters:    Size  Location     Type
		None
 Auto vars:     Size  Location     Type
  setup_cnt       1   25[BANK0 ] unsigned char 
 Return value:  Size  Location     Type
		None               void
 Registers used:
		wreg, fsr0l, fsr0h, fsr1l, fsr1h, status,2, status,0, btemp+1, pclath, cstack
 Tracked objects:
		On entry : 
		On exit  : 
		Unchanged: 
 Data sizes:     COMMON   BANK0   BANK1   BANK2   BANK3   BANK4   BANK5   BANK6   BANK7   BANK8   BANK9  BANK10  BANK11  BANK12
      Params:         0       0       0       0       0       0       0       0       0       0       0       0       0       0
      Locals:         0       1       0       0       0       0       0       0       0       0       0       0       0       0
      Temps:          0       0       2       0       0       0       0       0       0       0       0       0       0       0
      Totals:         0       1       2       0       0       0       0       0       0       0       0       0       0       0
Total ram usage:        3 bytes
 Hardware stack levels used:    1
 Hardware stack levels required when called:   11
 This function calls:
		_USBCtrlTrfSetupHandler
		_USBCtrlTrfOutHandler
		_USBCtrlTrfInHandler
 This function is called by:
		_USBDeviceTasks
 This function uses a non-reentrant model


 *************** function _USBCtrlTrfSetupHandler *****************
 Defined at:
		line 2623 in file "../USB/usb_device.c"
 Parameters:    Size  Location     Type
		None
 Auto vars:     Size  Location     Type
		None
 Return value:  Size  Location     Type
		None               void
 Registers used:
		wreg, fsr0l, fsr0h, fsr1l, fsr1h, status,2, status,0, btemp+1, pclath, cstack
 Tracked objects:
		On entry : 
		On exit  : 
		Unchanged: 
 Data sizes:     COMMON   BANK0   BANK1   BANK2   BANK3   BANK4   BANK5   BANK6   BANK7   BANK8   BANK9  BANK10  BANK11  BANK12
      Params:         0       0       0       0       0       0       0       0       0       0       0       0       0       0
      Locals:         0       0       0       0       0       0       0       0       0       0       0       0       0       0
      Temps:          0       0       0       0       0       0       0       0       0       0       0       0       0       0
      Totals:         0       0       0       0       0       0       0       0       0       0       0       0       0       0
Total ram usage:        0 bytes
 Hardware stack levels used:    1
 Hardware stack levels required when called:   10
 This function calls:
		_USBCheckStdRequest
		_USER_USB_CALLBACK_EVENT_HANDLER
		_USBCtrlEPServiceComplete
 This function is called by:
		_USBCtrlEPService
 This function uses a non-reentrant model


 *************** function _USBCtrlEPServiceComplete *****************
 Defined at:
		line 1786 in file "../USB/usb_device.c"
 Parameters:    Size  Location     Type
		None
 Auto vars:     Size  Location     Type
		None
 Return value:  Size  Location     Type
		None               void
 Registers used:
		wreg, fsr0l, fsr0h, fsr1l, fsr1h, status,2, status,0, pclath, cstack
 Tracked objects:
		On entry : 
		On exit  : 
		Unchanged: 
 Data sizes:     COMMON   BANK0   BANK1   BANK2   BANK3   BANK4   BANK5   BANK6   BANK7   BANK8   BANK9  BANK10  BANK11  BANK12
      Params:         0       0       0       0       0       0       0       0       0       0       0       0       0       0
      Locals:         0       0       0       0       0       0       0       0       0       0       0       0       0       0
      Temps:          0       2       0       0       0       0       0       0       0       0       0       0       0       0
      Totals:         0       2       0       0       0       0       0       0       0       0       0       0       0       0
Total ram usage:        2 bytes
 Hardware stack levels used:    1
 Hardware stack levels required when called:    6
 This function calls:
		_USBCtrlEPAllowDataStage
		_USBCtrlEPAllowStatusStage
 This function is called by:
		_USBCtrlTrfSetupHandler
 This function uses a non-reentrant model


 *************** function _USBCtrlEPAllowDataStage *****************
 Defined at:
		line 1660 in file "../USB/usb_device.c"
 Parameters:    Size  Location     Type
		None
 Auto vars:     Size  Location     Type
		None
 Return value:  Size  Location     Type
		None               void
 Registers used:
		wreg, fsr0l, fsr0h, fsr1l, fsr1h, status,2, status,0, pclath, cstack
 Tracked objects:
		On entry : 
		On exit  : 
		Unchanged: 
 Data sizes:     COMMON   BANK0   BANK1   BANK2   BANK3   BANK4   BANK5   BANK6   BANK7   BANK8   BANK9  BANK10  BANK11  BANK12
      Params:         0       0       0       0       0       0       0       0       0       0       0       0       0       0
      Locals:         0       0       0       0       0       0       0       0       0       0       0       0       0       0
      Temps:          0       2       0       0       0       0       0       0       0       0       0       0       0       0
      Totals:         0       2       0       0       0       0       0       0       0       0       0       0       0       0
Total ram usage:        2 bytes
 Hardware stack levels used:    1
 Hardware stack levels required when called:    5
 This function calls:
		_USBCtrlTrfTxService
 This function is called by:
		_USBCtrlEPServiceComplete
 This function uses a non-reentrant model


 *************** function _USBCtrlTrfOutHandler *****************
 Defined at:
		line 2695 in file "../USB/usb_device.c"
 Parameters:    Size  Location     Type
		None
 Auto vars:     Size  Location     Type
		None
 Return value:  Size  Location     Type
		None               void
 Registers used:
		wreg, fsr0l, fsr0h, fsr1l, fsr1h, status,2, status,0, pclath, cstack
 Tracked objects:
		On entry : 
		On exit  : 
		Unchanged: 
 Data sizes:     COMMON   BANK0   BANK1   BANK2   BANK3   BANK4   BANK5   BANK6   BANK7   BANK8   BANK9  BANK10  BANK11  BANK12
      Params:         0       0       0       0       0       0       0       0       0       0       0       0       0       0
[...]
      Totals:         0       7       0       0       0       0       0       0       0       0       0       0       0       0
Total ram usage:        7 bytes
 Hardware stack levels used:    1
 Hardware stack levels required when called:    4
 This function calls:
		Nothing
 This function is called by:
		_ProcessIO
		_USBCBInitEP
 This function uses a non-reentrant model


 *************** function ___lwdiv *****************
 Defined at:
		line 5 in file "/opt/microchip/xc8/v1.12/sources/lwdiv.c"
 Parameters:    Size  Location     Type
  divisor         2    6[BANK0 ] unsigned int 
  dividend        2    8[BANK0 ] unsigned int 
 Auto vars:     Size  Location     Type
  quotient        2   11[BANK0 ] unsigned int 
  counter         1   10[BANK0 ] unsigned char 
 Return value:  Size  Location     Type
                  2    6[BANK0 ] unsigned int 
 Registers used:
		wreg, status,2, status,0
 Tracked objects:
		On entry : 
		On exit  : 
		Unchanged: 
 Data sizes:     COMMON   BANK0   BANK1   BANK2   BANK3   BANK4   BANK5   BANK6   BANK7   BANK8   BANK9  BANK10  BANK11  BANK12
      Params:         0       4       0       0       0       0       0       0       0       0       0       0       0       0
      Locals:         0       3       0       0       0       0       0       0       0       0       0       0       0       0
      Temps:          0       0       0       0       0       0       0       0       0       0       0       0       0       0
      Totals:         0       7       0       0       0       0       0       0       0       0       0       0       0       0
Total ram usage:        7 bytes
 Hardware stack levels used:    1
 Hardware stack levels required when called:    4
 This function calls:
		Nothing
 This function is called by:
		_ProcessCmd
 This function uses a non-reentrant model


 *************** function ___awdiv *****************
 Defined at:
		line 5 in file "/opt/microchip/xc8/v1.12/sources/awdiv.c"
 Parameters:    Size  Location     Type
  divisor         2    6[BANK0 ] int 
  dividend        2    8[BANK0 ] int 
 Auto vars:     Size  Location     Type
  quotient        2   12[BANK0 ] int 
  sign            1   11[BANK0 ] unsigned char 
  counter         1   10[BANK0 ] unsigned char 
 Return value:  Size  Location     Type
                  2    6[BANK0 ] int 
 Registers used:
		wreg, status,2, status,0
 Tracked objects:
		On entry : 
		On exit  : 
		Unchanged: 
 Data sizes:     COMMON   BANK0   BANK1   BANK2   BANK3   BANK4   BANK5   BANK6   BANK7   BANK8   BANK9  BANK10  BANK11  BANK12
      Params:         0       4       0       0       0       0       0       0       0       0       0       0       0       0
      Locals:         0       4       0       0       0       0       0       0       0       0       0       0       0       0
      Temps:          0       0       0       0       0       0       0       0       0       0       0       0       0       0
      Totals:         0       8       0       0       0       0       0       0       0       0       0       0       0       0
Total ram usage:        8 bytes
 Hardware stack levels used:    1
 Hardware stack levels required when called:    4
 This function calls:
		Nothing
 This function is called by:
		_DetectAsics
 This function uses a non-reentrant model


 *************** function ___bmul *****************
 Defined at:
		line 3 in file "/opt/microchip/xc8/v1.12/sources/bmul.c"
 Parameters:    Size  Location     Type
  multiplier      1    wreg     unsigned char 
  multiplicand    1    6[BANK0 ] unsigned char 
 Auto vars:     Size  Location     Type
  multiplier      1    8[BANK0 ] unsigned char 
  product         1    7[BANK0 ] unsigned char 
 Return value:  Size  Location     Type
                  1    wreg      unsigned char 
 Registers used:
		wreg, status,2, status,0
 Tracked objects:
		On entry : 
		On exit  : 
		Unchanged: 
 Data sizes:     COMMON   BANK0   BANK1   BANK2   BANK3   BANK4   BANK5   BANK6   BANK7   BANK8   BANK9  BANK10  BANK11  BANK12
      Params:         0       1       0       0       0       0       0       0       0       0       0       0       0       0
      Locals:         0       2       0       0       0       0       0       0       0       0       0       0       0       0
      Temps:          0       0       0       0       0       0       0       0       0       0       0       0       0       0
      Totals:         0       3       0       0       0       0       0       0       0       0       0       0       0       0
Total ram usage:        3 bytes
 Hardware stack levels used:    1
 Hardware stack levels required when called:    4
 This function calls:
		Nothing
 This function is called by:
		_AsicPreCalc
		_ProcessIO
		_SendCmdReply
		i1_SendCmdReply
 This function uses a non-reentrant model


 *************** function ___wmul *****************
 Defined at:
		line 3 in file "/opt/microchip/xc8/v1.12/sources/wmul.c"
 Parameters:    Size  Location     Type
  multiplier      2    6[BANK0 ] unsigned int 
  multiplicand    2    8[BANK0 ] unsigned int 
 Auto vars:     Size  Location     Type
  product         2   10[BANK0 ] unsigned int 
 Return value:  Size  Location     Type
                  2    6[BANK0 ] unsigned int 
 Registers used:
		wreg, status,2, status,0
 Tracked objects:
		On entry : 
		On exit  : 
		Unchanged: 
 Data sizes:     COMMON   BANK0   BANK1   BANK2   BANK3   BANK4   BANK5   BANK6   BANK7   BANK8   BANK9  BANK10  BANK11  BANK12
      Params:         0       4       0       0       0       0       0       0       0       0       0       0       0       0
      Locals:         0       2       0       0       0       0       0       0       0       0       0       0       0       0
      Temps:          0       0       0       0       0       0       0       0       0       0       0       0       0       0
      Totals:         0       6       0       0       0       0       0       0       0       0       0       0       0       0
Total ram usage:        6 bytes
 Hardware stack levels used:    1
 Hardware stack levels required when called:    4
 This function calls:
		Nothing
 This function is called by:
		_ProcessCmd
		_AsicPushWork
		_SendCmdReply
 This function uses a non-reentrant model


 *************** function _ISRCode *****************
 Defined at:
		line 70 in file "main.c"
 Parameters:    Size  Location     Type
		None
 Auto vars:     Size  Location     Type
		None
 Return value:  Size  Location     Type
		None               void
 Registers used:
		wreg, fsr0l, fsr0h, fsr1l, fsr1h, status,2, status,0, btemp+1, pclath, cstack
 Tracked objects:
		On entry : 
		On exit  : 
		Unchanged: 
 Data sizes:     COMMON   BANK0   BANK1   BANK2   BANK3   BANK4   BANK5   BANK6   BANK7   BANK8   BANK9  BANK10  BANK11  BANK12
      Params:         0       0       0       0       0       0       0       0       0       0       0       0       0       0
      Locals:         0       0       0       0       0       0       0       0       0       0       0       0       0       0
      Temps:          1       0       0       0       0       0       0       0       0       0       0       0       0       0
      Totals:         1       0       0       0       0       0       0       0       0       0       0       0       0       0
Total ram usage:        1 bytes
 Hardware stack levels used:    1
 Hardware stack levels required when called:    3
 This function calls:
		_ResultRx
 This function is called by:
		Interrupt level 1
 This function uses a non-reentrant model


 *************** function _ResultRx *****************
 Defined at:
		line 202 in file "klondike.c"
 Parameters:    Size  Location     Type
		None
 Auto vars:     Size  Location     Type
  TimeOut         1   12[COMMON] unsigned char 
 Return value:  Size  Location     Type
		None               void
 Registers used:
		wreg, fsr0l, fsr0h, fsr1l, fsr1h, status,2, status,0, btemp+1, pclath, cstack
 Tracked objects:
		On entry : 
		On exit  : 
		Unchanged: 
 Data sizes:     COMMON   BANK0   BANK1   BANK2   BANK3   BANK4   BANK5   BANK6   BANK7   BANK8   BANK9  BANK10  BANK11  BANK12
      Params:         0       0       0       0       0       0       0       0       0       0       0       0       0       0
      Locals:         1       0       0       0       0       0       0       0       0       0       0       0       0       0
      Temps:          0       0       0       0       0       0       0       0       0       0       0       0       0       0
      Totals:         1       0       0       0       0       0       0       0       0       0       0       0       0       0
Total ram usage:        1 bytes
 Hardware stack levels used:    1
 Hardware stack levels required when called:    2
 This function calls:
		i1_SendCmdReply
 This function is called by:
		_ISRCode
 This function uses a non-reentrant model


 *************** function i1_SendCmdReply *****************
 Defined at:
		line 208 in file "main.c"
 Parameters:    Size  Location     Type
  SendCmdReply    2    6[COMMON] PTR unsigned char 
		 -> ResultQue(8), OUTPacket(64), 
  SendCmdReply    2    8[COMMON] PTR unsigned char 
		 -> ResultQue(8), Cfg(6), ID(12), Status(13), 
  SendCmdReply    1   10[COMMON] unsigned char 
 Auto vars:     Size  Location     Type
  SendCmdReply    1   11[COMMON] unsigned char 
 Return value:  Size  Location     Type
		None               void
 Registers used:
		wreg, fsr0l, fsr0h, fsr1l, fsr1h, status,2, status,0, btemp+1, pclath, cstack
 Tracked objects:
		On entry : 
		On exit  : 
		Unchanged: 
 Data sizes:     COMMON   BANK0   BANK1   BANK2   BANK3   BANK4   BANK5   BANK6   BANK7   BANK8   BANK9  BANK10  BANK11  BANK12
      Params:         5       0       0       0       0       0       0       0       0       0       0       0       0       0
      Locals:         1       0       0       0       0       0       0       0       0       0       0       0       0       0
      Temps:          0       6       0       0       0       0       0       0       0       0       0       0       0       0
      Totals:         6       6       0       0       0       0       0       0       0       0       0       0       0       0
Total ram usage:       12 bytes
 Hardware stack levels used:    1
 Hardware stack levels required when called:    1
 This function calls:
		i1___wmul
		i1___bmul
 This function is called by:
		_ResultRx
 This function uses a non-reentrant model


 *************** function i1___wmul *****************
 Defined at:
		line 3 in file "/opt/microchip/xc8/v1.12/sources/wmul.c"
 Parameters:    Size  Location     Type
  __wmul          2    0[COMMON] unsigned int 
  __wmul          2    2[COMMON] unsigned int 
 Auto vars:     Size  Location     Type
  __wmul          2    4[COMMON] unsigned int 
 Return value:  Size  Location     Type
                  2    0[COMMON] unsigned int 
 Registers used:
		wreg, status,2, status,0
 Tracked objects:
		On entry : 
		On exit  : 
		Unchanged: 
 Data sizes:     COMMON   BANK0   BANK1   BANK2   BANK3   BANK4   BANK5   BANK6   BANK7   BANK8   BANK9  BANK10  BANK11  BANK12
      Params:         4       0       0       0       0       0       0       0       0       0       0       0       0       0
      Locals:         2       0       0       0       0       0       0       0       0       0       0       0       0       0
      Temps:          0       0       0       0       0       0       0       0       0       0       0       0       0       0
      Totals:         6       0       0       0       0       0       0       0       0       0       0       0       0       0
Total ram usage:        6 bytes
 Hardware stack levels used:    1
 This function calls:
		Nothing
 This function is called by:
		i1_SendCmdReply
 This function uses a non-reentrant model


 *************** function i1___bmul *****************
 Defined at:
		line 3 in file "/opt/microchip/xc8/v1.12/sources/bmul.c"
 Parameters:    Size  Location     Type
  __bmul          1    wreg     unsigned char 
  __bmul          1    0[COMMON] unsigned char 
 Auto vars:     Size  Location     Type
  __bmul          1    1[COMMON] unsigned char 
  __bmul          1    2[COMMON] unsigned char 
 Return value:  Size  Location     Type
                  1    wreg      unsigned char 
 Registers used:
		wreg, status,2, status,0
 Tracked objects:
		On entry : 
		On exit  : 
		Unchanged: 
 Data sizes:     COMMON   BANK0   BANK1   BANK2   BANK3   BANK4   BANK5   BANK6   BANK7   BANK8   BANK9  BANK10  BANK11  BANK12
      Params:         1       0       0       0       0       0       0       0       0       0       0       0       0       0
      Locals:         2       0       0       0       0       0       0       0       0       0       0       0       0       0
      Temps:          0       0       0       0       0       0       0       0       0       0       0       0       0       0
      Totals:         3       0       0       0       0       0       0       0       0       0       0       0       0       0
Total ram usage:        3 bytes
 Hardware stack levels used:    1
 This function calls:
		Nothing
 This function is called by:
		i1_SendCmdReply
 This function uses a non-reentrant model



MODULE INFORMATION

Module		Function		Class		Link	Load	Size
/opt/microchip/xc8/v1.12/sources/bmul.c
		___bmul        		CODE           	0524	0000	13

/opt/microchip/xc8/v1.12/sources/bmul.c estimated size: 13

../../common/memset.c
		_memset        		CODE           	0961	0000	18

../../common/memset.c estimated size: 18

shared
		PL12           		CODE           	0672	0000	8
		PL50           		CODE           	06E3	0000	8
		PL8            		CODE           	065C	0000	6
		PL22           		CODE           	06A5	0000	9
		PL60           		CODE           	0900	0000	6
		_configDescript		STRING         	086D	0000	32
		PL32           		CODE           	06C4	0000	9
		PL70           		CODE           	070E	0000	5
		_USB_CD_Ptr    		STRING         	0804	0000	1
		PL42           		CODE           	09E5	0000	10
		PL80           		CODE           	0FEF	0000	6
		_sd001         		STRING         	0805	0000	52
		PL14           		CODE           	067A	0000	6
		PL52           		CODE           	17F1	0000	8
		PL24           		CODE           	0C04	0000	18
		PL62           		CODE           	0701	0000	6
		__stringtab    		STRING         	0800	0000	1
		PL34           		CODE           	06CD	0000	5
		PL72           		CODE           	0FE3	0000	7
		PL44           		CODE           	0FCC	0000	7
		PL82           		CODE           	0FF5	0000	6
		PL16           		CODE           	0680	0000	10
		PL54           		CODE           	06EB	0000	8
		PL26           		CODE           	0C16	0000	17
		PL64           		CODE           	0906	0000	6
		PL36           		CODE           	06D2	0000	8
		PL74           		CODE           	17F9	0000	7
		PL46           		CODE           	06DA	0000	9
		PL84           		CODE           	0C27	0000	4
		_sd002         		STRING         	0839	0000	52
		PL18           		CODE           	068A	0000	19
		PL56           		CODE           	06F3	0000	8
		PL28           		CODE           	06AE	0000	16
		PL66           		CODE           	0707	0000	7
		PL38           		CODE           	17E6	0000	11
		PL76           		CODE           	0FEA	0000	5
		_ID            		STRING         	089F	0000	12
		PL48           		CODE           	0FD3	0000	9
		PL86           		CODE           	0FFB	0000	5
		PL58           		CODE           	06FB	0000	6
		PL68           		CODE           	0FDC	0000	7
		PL78           		CODE           	0713	0000	6
		i1___wmul      		CODE           	07D5	0000	21
		PL88           		CODE           	0719	0000	5
		__initializatio		CODE           	0014	0000	88
		_device_dsc    		STRING         	088D	0000	18
		i1_SendCmdReply		CODE           	0761	0000	104
		i1___bmul      		CODE           	07C9	0000	12
		_USB_SD_Ptr    		STRING         	0801	0000	3
		PL2            		CODE           	0635	0000	18
		_sd000         		STRING         	08AB	0000	4
		PL10           		CODE           	0662	0000	16
		PL4            		CODE           	0647	0000	13
		PL20           		CODE           	069D	0000	8
		PL30           		CODE           	06BE	0000	6
		PL6            		CODE           	0654	0000	8
		PL40           		CODE           	09E0	0000	5

shared estimated size: 777

asic.c
		_Send32        		CODE           	02D5	0000	172
		_SendAsicData  		CODE           	028B	0000	74
		_rotate        		CODE           	0531	0000	53
		_AsicPreCalc   		CODE           	0381	0000	419

asic.c estimated size: 718

klondike.c
		_ResultRx      		CODE           	071E	0000	67
		_WorkTick      		CODE           	0602	0000	51
		_InitTempSensor		CODE           	0A12	0000	17
		_DetectAsics   		CODE           	0A4C	0000	116
		_InitWorkTick  		CODE           	09FC	0000	22
		_AsicPushWork  		CODE           	024B	0000	64
		_ProcessCmd    		CODE           	0080	0000	295
		_InitResultRx  		CODE           	0A3B	0000	17
		_InitFAN       		CODE           	0A23	0000	24

klondike.c estimated size: 673

../USB/usb_function_generic.c
		_USBCheckVendor		CODE           	0FA7	0000	1

../USB/usb_function_generic.c estimated size: 1

main.c
		_USBCBErrorHand		CODE           	0FA8	0000	1
		_UserInit      		CODE           	09EF	0000	13
		_USBCBWakeFromS		CODE           	0FAA	0000	1
		_main          		CODE           	006E	0000	18
		_USER_USB_CALLB		CODE           	0DFB	0000	47
		_USBCBStdSetDsc		CODE           	0FA5	0000	1
		_SendCmdReply  		CODE           	01A7	0000	106
		_USBCBInitEP   		CODE           	0F50	0000	15
		_InitializeSyst		CODE           	05ED	0000	21
		_ProcessIO     		CODE           	0566	0000	79
		_USBCB_SOF_Hand		CODE           	0FA9	0000	1
		_USBCBSuspend  		CODE           	0FAB	0000	1
		_USBCBCheckOthe		CODE           	0FA6	0000	1
		_ISRCode       		CODE           	0004	0000	14

main.c estimated size: 319

/opt/microchip/xc8/v1.12/sources/wmul.c
		___wmul        		CODE           	0211	0000	21

/opt/microchip/xc8/v1.12/sources/wmul.c estimated size: 21

/opt/microchip/xc8/v1.12/sources/awdiv.c
		___awdiv       		CODE           	0AC0	0000	64

/opt/microchip/xc8/v1.12/sources/awdiv.c estimated size: 64

/opt/microchip/xc8/v1.12/sources/lwdiv.c
		___lwdiv       		CODE           	0226	0000	37

/opt/microchip/xc8/v1.12/sources/lwdiv.c estimated size: 37

../USB/usb_device.c
		_USBCtrlTrfInHa		CODE           	0B00	0000	84
		_USBTransferOne		CODE           	05B5	0000	56
		_USBStdGetDscHa		CODE           	17A2	0000	68
		_USBCtrlEPAllow		CODE           	0B8B	0000	58
		_USBStdFeatureR		CODE           	0C8D	0000	203
		_USBCtrlEPAllow		CODE           	0E9A	0000	58
		_USBCtrlTrfSetu		CODE           	0C2B	0000	38
		_USBCtrlTrfOutH		CODE           	0FAC	0000	32
		_USBCtrlEPServi		CODE           	0B54	0000	55
		_USBSuspend    		CODE           	0F40	0000	7
		_USBStdSetCfgHa		CODE           	090C	0000	85
		_USBStdGetStatu		CODE           	08C2	0000	62
		_USBWakeFromSus		CODE           	0F47	0000	9
		_USBCtrlTrfRxSe		CODE           	0973	0000	109
		_USBCtrlTrfTxSe		CODE           	0BC5	0000	63
		_USBEnableEndpo		CODE           	0F5F	0000	31
		_USBConfigureEn		CODE           	0F7E	0000	39
		_USBDeviceInit 		CODE           	0E2A	0000	112
		_USBCtrlEPServi		CODE           	0ED4	0000	84
		_USBStallHandle		CODE           	0F28	0000	24
		_USBDeviceTasks		CODE           	0D58	0000	163
		_USBCheckStdReq		CODE           	0C51	0000	60

../USB/usb_device.c estimated size: 1500

