Microchip MPLAB XC8 Compiler V1.12 ()

Linker command line:

-W9 --edf=/opt/microchip/xc8/v1.12/dat/en_msgs.txt -cs \
  -h+dist/K16/production/Klondike.X.production.sym -z -Q16LF1459 -ol.obj \
  -Mdist/K16/production/Klondike.X.production.map -E1 -ver=XC8 \
  -ACONST=00h-0FFhx32 -ACODE=00h-07FFhx4 -ASTRCODE=00h-01FFFh \
  -AENTRY=00h-0FFhx32 -ASTRING=00h-0FFhx32 -ACOMMON=070h-07Fh \
  -ABANK0=020h-06Fh -ABANK1=0A0h-0EFh -ABANK2=0120h-016Fh \
  -ABANK3=01A0h-01EFh -ABANK4=0220h-026Fh -ABANK5=02A0h-02EFh \
  -ABANK6=0320h-036Fh -ABANK7=03A0h-03EFh -ABANK8=0420h-046Fh \
  -ABANK9=04A0h-04EFh -ABANK10=0520h-056Fh -ABANK11=05A0h-05EFh \
  -ABANK12=0620h-064Fh -ABIGRAM=02000h-023EFh \
  -ARAM=020h-06Fh,0A0h-0EFh,0120h-016Fh,01A0h-01EFh,0220h-026Fh,02A0h-02EFh,0320h-036Fh,03A0h-03EFh,0420h-046Fh,04A0h-04EFh,0520h-056Fh,05A0h-05EFh,0620h-064Fh \
  -AABS1=020h-07Fh,0A0h-0EFh,0120h-016Fh,01A0h-01EFh,0220h-026Fh,02A0h-02EFh,0320h-036Fh,03A0h-03EFh,0420h-046Fh,04A0h-04EFh,0520h-056Fh,05A0h-05EFh,0620h-064Fh \
  -ASFR0=00h-01Fh -ASFR1=080h-09Fh -ASFR2=0100h-011Fh -ASFR3=0180h-019Fh \
  -ASFR4=0200h-021Fh -ASFR5=0280h-029Fh -ASFR6=0300h-031Fh \
  -ASFR7=0380h-039Fh -ASFR8=0400h-041Fh -ASFR9=0480h-049Fh \
  -ASFR10=0500h-051Fh -ASFR11=0580h-059Fh -ASFR12=0600h-061Fh \
  -ASFR13=0680h-06EFh -ASFR14=0700h-076Fh -ASFR15=0780h-07EFh \
  -ASFR16=0800h-086Fh -ASFR17=0880h-08EFh -ASFR18=0900h-096Fh \
  -ASFR19=0980h-09EFh -ASFR20=0A00h-0A6Fh -ASFR21=0A80h-0AEFh \
  -ASFR22=0B00h-0B6Fh -ASFR23=0B80h-0BEFh -ASFR24=0C00h-0C6Fh \
  -ASFR25=0C80h-0CEFh -ASFR26=0D00h-0D6Fh -ASFR27=0D80h-0DEFh \
  -ASFR28=0E00h-0E6Fh -ASFR29=0E80h-0EEFh -ASFR30=0F00h-0F6Fh \
  -ASFR31=0F80h-0FEFh -preset_vec=00h,intentry=04h,init,end_init \
  -ppowerup=CODE -pfunctab=CODE -ACONFIG=08007h-08008h -pconfig=CONFIG \
  -DCONFIG=2 -AIDLOC=08000h-08003h -pidloc=IDLOC -DIDLOC=2 -DCODE=2 \
  -DSTRCODE=2 -DSTRING=2 -DCONST=2 -DENTRY=2 -k /tmp/cgtuD75bQ.obj \
  dist/K16/production/Klondike.X.production.obj 

Object code version is 3.10

Machine type is 16LF1459



                Name                               Link     Load   Length Selector   Space Scale
/tmp/cgtuD75bQ.obj
                end_init                             15       15        2        8       0
                reset_vec                             0        0        2        0       0
                config                             8007     8007        2    1000E       0
dist/K16/production/Klondike.X.production.obj
                intentry                              4        4       11        8       0
                text1970                           1E13     1E13       19     3C26       0
                text1969                           1F30     1F30       24     3E60       0
                text1968                            93C      93C       9A     1278       0
                text1967                           13C4     13C4       70     2788       0
                text1965                           1F54     1F54       25     3EA8       0
                text1964                           12ED     12ED       6B     25DA       0
                text1963                           10A2     10A2       46     2144       0
                text1962                           1E45     1E45       1A     3C8A       0
                text1961                           122F     122F       5C     245E       0
                text1960                           105D     105D       45     20BA       0
                text1959                           1FA3     1FA3       2C     3F46       0
                text1958                           1F0E     1F0E       22     3E1C       0
                text1957                           1D9F     1D9F        1     3B3E       0
                text1956                            8AF      8AF        1     115E       0
                text1955                            8B2      8B2        4     1164       0
                text1954                            8B0      8B0        1     1160       0
                text1953                            8B1      8B1        1     1162       0
                text1952                              2        2        1        0       0
                text1951                              3        3        1        6       0
                text1950                           1DD7     1DD7       12     3BAE       0
                text1949                           1DFD     1DFD       16     3BFA       0
                text1948                           1DC6     1DC6       11     3B8C       0
                text1947                           1E2C     1E2C       19     3C58       0
                text1946                            C75      C75       B1     18EA       0
                text1945                           1DE9     1DE9       14     3BD2       0
                text1944                            BC5      BC5       B0     178A       0
                text1943                           1025     1025       38     204A       0
                text1942                             17       17      41B        8       0
                text1941                            B19      B19       AC     1632       0
                text1940                           16D1     16D1       96     2DA2       0
                text1939                           1767     1767       99     2ECE       0
                text1938                            432      432      206        8       0
                text1937                           151E     151E       8E     2A3C       0
                text1936                            DE3      DE3       C2     1BC6       0
                text1935                           1E95     1E95       1D     3D2A       0
                text1934                           11D8     11D8       57     23B0       0
                text1933                           10E8     10E8       4A     21D0       0
                text1932                            EA5      EA5      15B     1D4A       0
                text1931                            79A      79A       66        8       0
                text1930                            8B6      8B6       86     116C       0
                text1929                           1000     1000       25     1D4A       0
                text1928                            9D6      9D6       9F     13AC       0
                swtext1                            1800     1800       1A     3000       0
                text1927                           1358     1358       6C     26B0       0
                text1926                            A75      A75       A4     14EA       0
                text1925                           14A4     14A4       7A     2948       0
                text1924                           1434     1434       70     2868       0
                text1923                            D26      D26       BD     1A4C       0
                text1922                           1FCF     1FCF       31     3F9E       0
                text1921                           1182     1182       56     2304       0
                text1920                           163E     163E       93     2C7C       0
                text1919                           1132     1132       50     2264       0
                text1918                           15AC     15AC       92     2B58       0
                text1917                           1F79     1F79       2A     3EF2       0
                text1916                           1EB2     1EB2       1D     3D64       0
                text1915                           1E79     1E79       1C     3CF2       0
                text1914                            638      638      162        8       0
                maintext                           1ECF     1ECF       1F     3D9E       0
                cstackBANK0                          50       50       17       50       1
                cstackCOMMON                         70       70        E       70       1
                cstackBANK1                          A0       A0       50       A0       1
                cstackBANK2                         15A      15A        E      120       1
                inittext                           1DA0     1DA0        C     3B40       0
                clrtext                            1DAC     1DAC        C     3B58       0
                dataBANK6                           340      340       20      320       1
                bssBANK6                            320      320       20      320       1
                dataBANK3                           1D6      1D6       1A      1A0       1
                bssBANK3                            1A0      1A0       36      1A0       1
                dataBANK2                           14C      14C        E      120       1
                bssBANK2                            120      120       2C      120       1
                bssBANK0                             67       67        9       50       1
                cinit                              128B     128B       62     2516       0
                nvBANK2                             168      168        1      120       1
                strings                             800      800       AF     1000       0
                idataBANK6                         1EEE     1EEE       20     3DDC       0
                idataBANK3                         1E5F     1E5F       1A     3CBE       0
                idataBANK2                         1DB8     1DB8        E     3B70       0

TOTAL           Name                               Link     Load   Length     Space
        CLASS   CONST          
                swtext1                            1800     1800       1A         0

        CLASS   CODE           
                end_init                             15       15        2         0
                intentry                              4        4       11         0
                reset_vec                             0        0        2         0
                text1970                           1E13     1E13       19         0
                text1969                           1F30     1F30       24         0
                text1968                            93C      93C       9A         0
                text1967                           13C4     13C4       70         0
                text1965                           1F54     1F54       25         0
                text1964                           12ED     12ED       6B         0
                text1963                           10A2     10A2       46         0
                text1962                           1E45     1E45       1A         0
                text1961                           122F     122F       5C         0
                text1960                           105D     105D       45         0
                text1959                           1FA3     1FA3       2C         0
                text1958                           1F0E     1F0E       22         0
                text1957                           1D9F     1D9F        1         0
                text1956                            8AF      8AF        1         0
                text1955                            8B2      8B2        4         0
                text1954                            8B0      8B0        1         0
                text1953                            8B1      8B1        1         0
                text1952                              2        2        1         0
                text1951                              3        3        1         0
                text1950                           1DD7     1DD7       12         0
                text1949                           1DFD     1DFD       16         0
                text1948                           1DC6     1DC6       11         0
                text1947                           1E2C     1E2C       19         0
                text1946                            C75      C75       B1         0
                text1945                           1DE9     1DE9       14         0
                text1944                            BC5      BC5       B0         0
                text1943                           1025     1025       38         0
                text1942                             17       17      41B         0
                text1941                            B19      B19       AC         0
                text1940                           16D1     16D1       96         0
                text1939                           1767     1767       99         0
                text1938                            432      432      206         0
                text1937                           151E     151E       8E         0
                text1936                            DE3      DE3       C2         0
                text1935                           1E95     1E95       1D         0
                text1934                           11D8     11D8       57         0
                text1933                           10E8     10E8       4A         0
                text1932                            EA5      EA5      15B         0
                text1931                            79A      79A       66         0
                text1930                            8B6      8B6       86         0
                text1929                           1000     1000       25         0
                text1928                            9D6      9D6       9F         0
                text1927                           1358     1358       6C         0
                text1926                            A75      A75       A4         0
                text1925                           14A4     14A4       7A         0
                text1924                           1434     1434       70         0
                text1923                            D26      D26       BD         0
                text1922                           1FCF     1FCF       31         0
                text1921                           1182     1182       56         0
                text1920                           163E     163E       93         0
                text1919                           1132     1132       50         0
                text1918                           15AC     15AC       92         0
                text1917                           1F79     1F79       2A         0
                text1916                           1EB2     1EB2       1D         0
                text1915                           1E79     1E79       1C         0
                text1914                            638      638      162         0
                maintext                           1ECF     1ECF       1F         0
                inittext                           1DA0     1DA0        C         0
                clrtext                            1DAC     1DAC        C         0
                cinit                              128B     128B       62         0
                idataBANK6                         1EEE     1EEE       20         0
                idataBANK3                         1E5F     1E5F       1A         0
                idataBANK2                         1DB8     1DB8        E         0

        CLASS   STRCODE        

        CLASS   ENTRY          

        CLASS   STRING         
                strings                             800      800       AF         0

        CLASS   COMMON         
                cstackCOMMON                         70       70        E         1

        CLASS   BANK0          
                cstackBANK0                          50       50       17         1
                bssBANK0                             67       67        9         1

        CLASS   BANK1          
                cstackBANK1                          A0       A0       50         1

        CLASS   BANK2          
                cstackBANK2                         15A      15A        E         1
                dataBANK2                           14C      14C        E         1
                bssBANK2                            120      120       2C         1
                nvBANK2                             168      168        1         1

        CLASS   BANK3          
                dataBANK3                           1D6      1D6       1A         1
                bssBANK3                            1A0      1A0       36         1

        CLASS   BANK4          

        CLASS   BANK5          

        CLASS   BANK6          
                dataBANK6                           340      340       20         1
                bssBANK6                            320      320       20         1

        CLASS   BANK7          

        CLASS   BANK8          

        CLASS   BANK9          

        CLASS   BANK10         

        CLASS   BANK11         

        CLASS   BANK12         

        CLASS   BIGRAM         

        CLASS   RAM            

        CLASS   ABS1           
                abs_s1                               20       20       30         1
                abs_s1                               7E       7E        2         1
                abs_s1                              220      220       40         1
                abs_s1                              2A0      2A0       40         1
                abs_s1                              53C      53C       34         1
                abs_s1                              5A0      5A0       50         1
                abs_s1                              620      620       30         1

        CLASS   SFR0           

        CLASS   SFR1           

        CLASS   SFR2           

        CLASS   SFR3           

        CLASS   SFR4           

        CLASS   SFR5           

        CLASS   SFR6           

        CLASS   SFR7           

        CLASS   SFR8           

        CLASS   SFR9           

        CLASS   SFR10          

        CLASS   SFR11          

        CLASS   SFR12          

        CLASS   SFR13          

        CLASS   SFR14          

        CLASS   SFR15          

        CLASS   SFR16          

        CLASS   SFR17          

        CLASS   SFR18          

        CLASS   SFR19          

        CLASS   SFR20          

        CLASS   SFR21          

        CLASS   SFR22          

        CLASS   SFR23          

        CLASS   SFR24          

        CLASS   SFR25          

        CLASS   SFR26          

        CLASS   SFR27          

        CLASS   SFR28          

        CLASS   SFR29          

        CLASS   SFR30          

        CLASS   SFR31          

        CLASS   CONFIG         
                config                             8007     8007        2         0

        CLASS   IDLOC          

        CLASS   BANK31         

        CLASS   BANK30         

        CLASS   BANK29         

        CLASS   BANK28         

        CLASS   BANK27         

        CLASS   BANK26         

        CLASS   BANK25         

        CLASS   BANK24         

        CLASS   BANK23         

        CLASS   BANK22         

        CLASS   BANK21         

        CLASS   BANK20         

        CLASS   BANK19         

        CLASS   BANK18         

        CLASS   BANK17         

        CLASS   BANK16         

        CLASS   BANK15         

        CLASS   BANK14         

        CLASS   BANK13         

        CLASS   EEDATA         



SEGMENTS        Name                           Load    Length   Top    Selector   Space  Class     Delta

                reset_vec                      000000  000003  000003         0       0  CODE        2
                text1951                       000003  000001  000004         6       0  CODE        2
                intentry                       000004  0007FC  000800         8       0  CODE        2
                cstackBANK0                    000050  000020  000070        50       1  BANK0       1
                cstackCOMMON                   000070  00000E  00007E        70       1  COMMON      1
                cstackBANK1                    0000A0  000050  0000F0        A0       1  BANK1       1
                bssBANK2                       000120  000049  000169       120       1  BANK2       1
                bssBANK3                       0001A0  000050  0001F0       1A0       1  BANK3       1
                bssBANK6                       000320  000040  000360       320       1  BANK6       1
                strings                        000800  0000AF  0008AF      1000       0  STRING      2
                text1956                       0008AF  000001  0008B0      115E       0  CODE        2
                text1954                       0008B0  000001  0008B1      1160       0  CODE        2
                text1953                       0008B1  000001  0008B2      1162       0  CODE        2
                text1955                       0008B2  000004  0008B6      1164       0  CODE        2
                text1930                       0008B6  000086  00093C      116C       0  CODE        2
                text1968                       00093C  00009A  0009D6      1278       0  CODE        2
                text1928                       0009D6  00009F  000A75      13AC       0  CODE        2
                text1926                       000A75  0000A4  000B19      14EA       0  CODE        2
                text1941                       000B19  0000AC  000BC5      1632       0  CODE        2
                text1944                       000BC5  0000B0  000C75      178A       0  CODE        2
                text1946                       000C75  0000B1  000D26      18EA       0  CODE        2
                text1923                       000D26  0000BD  000DE3      1A4C       0  CODE        2
                text1936                       000DE3  0000C2  000EA5      1BC6       0  CODE        2
                text1932                       000EA5  000180  001025      1D4A       0  CODE        2
                text1943                       001025  000038  00105D      204A       0  CODE        2
                text1960                       00105D  000045  0010A2      20BA       0  CODE        2
                text1963                       0010A2  000046  0010E8      2144       0  CODE        2
                text1933                       0010E8  00004A  001132      21D0       0  CODE        2
                text1919                       001132  000050  001182      2264       0  CODE        2
                text1921                       001182  000056  0011D8      2304       0  CODE        2
                text1934                       0011D8  000057  00122F      23B0       0  CODE        2
                text1961                       00122F  00005C  00128B      245E       0  CODE        2
                cinit                          00128B  000062  0012ED      2516       0  CODE        2
                text1964                       0012ED  00006B  001358      25DA       0  CODE        2
                text1927                       001358  00006C  0013C4      26B0       0  CODE        2
                text1967                       0013C4  000070  001434      2788       0  CODE        2
                text1924                       001434  000070  0014A4      2868       0  CODE        2
                text1925                       0014A4  00007A  00151E      2948       0  CODE        2
                text1937                       00151E  00008E  0015AC      2A3C       0  CODE        2
                text1918                       0015AC  000092  00163E      2B58       0  CODE        2
                text1920                       00163E  000093  0016D1      2C7C       0  CODE        2
                text1940                       0016D1  000096  001767      2DA2       0  CODE        2
                text1939                       001767  000099  001800      2ECE       0  CODE        2
                swtext1                        001800  00001A  00181A      3000       0  CONST       2
                text1957                       001D9F  000001  001DA0      3B3E       0  CODE        2
                inittext                       001DA0  00000C  001DAC      3B40       0  CODE        2
                clrtext                        001DAC  00000C  001DB8      3B58       0  CODE        2
                idataBANK2                     001DB8  00000E  001DC6      3B70       0  CODE        2
                text1948                       001DC6  000011  001DD7      3B8C       0  CODE        2
                text1950                       001DD7  000012  001DE9      3BAE       0  CODE        2
                text1945                       001DE9  000014  001DFD      3BD2       0  CODE        2
                text1949                       001DFD  000016  001E13      3BFA       0  CODE        2
                text1970                       001E13  000019  001E2C      3C26       0  CODE        2
                text1947                       001E2C  000019  001E45      3C58       0  CODE        2
                text1962                       001E45  00001A  001E5F      3C8A       0  CODE        2
                idataBANK3                     001E5F  00001A  001E79      3CBE       0  CODE        2
                text1915                       001E79  00001C  001E95      3CF2       0  CODE        2
                text1935                       001E95  00001D  001EB2      3D2A       0  CODE        2
                text1916                       001EB2  00001D  001ECF      3D64       0  CODE        2
                maintext                       001ECF  00001F  001EEE      3D9E       0  CODE        2
                idataBANK6                     001EEE  000020  001F0E      3DDC       0  CODE        2
                text1958                       001F0E  000022  001F30      3E1C       0  CODE        2
                text1969                       001F30  000024  001F54      3E60       0  CODE        2
                text1965                       001F54  000025  001F79      3EA8       0  CODE        2
                text1917                       001F79  00002A  001FA3      3EF2       0  CODE        2
                text1959                       001FA3  00002C  001FCF      3F46       0  CODE        2
                text1922                       001FCF  000031  002000      3F9E       0  CODE        2
                config                         008007  000002  008009     1000E       0  CONFIG      2


UNUSED ADDRESS RANGES

        Name                Unused          Largest block    Delta
        BANK10           00520-0053B              1C           1
        BANK2            00169-0016F               7           1
        BANK4            00260-0026F              10           1
        BANK5            002E0-002EF              10           1
        BANK6            00360-0036F              10           1
        BANK7            003A0-003EF              50           1
        BANK8            00420-0046F              50           1
        BANK9            004A0-004EF              50           1
        BIGRAM           02000-023EF             3F0           1
        CODE             0181A-01D9E             585           2
        CONST            0181A-01D9E             100           2
        ENTRY            0181A-01D9E             100           2
        IDLOC            08000-08003               4           2
        RAM              00169-0016F               7           1
                         00260-0026F              10
                         002E0-002EF              10
                         00360-0036F              10
                         003A0-003EF              50
                         00420-0046F              50
                         004A0-004EF              50
                         00520-0053B              1C
        SFR0             00000-0001F              20           1
        SFR1             00080-0009F              20           1
        SFR10            00500-0051F              20           1
        SFR11            00580-0059F              20           1
        SFR12            00600-0061F              20           1
        SFR13            00680-006EF              70           1
        SFR14            00700-0076F              70           1
        SFR15            00780-007EF              70           1
        SFR16            00800-0086F              70           1
        SFR17            00880-008EF              70           1
        SFR18            00900-0096F              70           1
        SFR19            00980-009EF              70           1
        SFR2             00100-0011F              20           1
        SFR20            00A00-00A6F              70           1
        SFR21            00A80-00AEF              70           1
        SFR22            00B00-00B6F              70           1
        SFR23            00B80-00BEF              70           1
        SFR24            00C00-00C6F              70           1
        SFR25            00C80-00CEF              70           1
        SFR26            00D00-00D6F              70           1
        SFR27            00D80-00DEF              70           1
        SFR28            00E00-00E6F              70           1
        SFR29            00E80-00EEF              70           1
        SFR3             00180-0019F              20           1
        SFR30            00F00-00F6F              70           1
        SFR31            00F80-00FEF              70           1
        SFR4             00200-0021F              20           1
        SFR5             00280-0029F              20           1
        SFR6             00300-0031F              20           1
        SFR7             00380-0039F              20           1
        SFR8             00400-0041F              20           1
        SFR9             00480-0049F              20           1
        STRCODE          0181A-01D9E             585           2
        STRING           0181A-01D9E             100           2

                                  Symbol Table

?_AsicPreCalc                             cstackBANK1  000A0
?_SendAsicData                            cstackBANK0  0005F
?_SendCmdReply                            cstackBANK0  0005F
?_USBConfigureEndpoint                    cstackBANK0  00059
?_USBEnableEndpoint                       cstackBANK0  00060
?_USBTransferOnePacket                    cstackBANK0  0005D
?_USER_USB_CALLBACK_EVENT_HANDLER         cstackBANK1  000A3
?___awdiv                                 cstackBANK0  00059
?___bmul                                  cstackBANK0  00059
?___lwdiv                                 cstackBANK0  00059
?___wmul                                  cstackBANK0  00059
?_memset                                  cstackBANK0  00059
?_rotate                                  cstackBANK0  00059
?i1_SendCmdReply                          cstackCOMMON 00076
?i1___bmul                                cstackCOMMON 00070
?i1___wmul                                cstackCOMMON 00070
AsicPreCalc@F3347                         dataBANK3    001D6
AsicPreCalc@K                             cstackBANK1  000AD
AsicPreCalc@m                             cstackBANK1  000B9
AsicPreCalc@n                             cstackBANK1  000E5
AsicPreCalc@work                          cstackBANK1  000A0
AsicPreCalc@x                             cstackBANK1  000E1
AsicPreCalc@y                             cstackBANK1  000DD
AsicPreCalc@z                             cstackBANK1  000D9
DetectAsics@x                             cstackBANK0  00062
ProcessCmd@cmd                            cstackBANK1  000EF
ResultRx@TimeOut                          cstackCOMMON 0007D
SendAsicData@split                        cstackBANK0  00061
SendAsicData@work                         cstackBANK0  0005F
SendCmdReply@cmd                          cstackBANK0  0005F
SendCmdReply@count                        cstackBANK0  00063
SendCmdReply@data                         cstackBANK0  00061
SendCmdReply@n                            cstackBANK0  00064
USBCBSendResume@delay_count               bssBANK2     00120
USBConfigureEndpoint@EPNum                cstackBANK0  0005E
USBConfigureEndpoint@direction            cstackBANK0  00059
USBConfigureEndpoint@handle               cstackBANK0  0005F
USBCtrlEPService@setup_cnt                cstackBANK1  000B4
USBCtrlTrfInHandler@lastDTS               cstackBANK0  0005E
USBCtrlTrfRxService@byteToRead            cstackBANK0  0005E
USBCtrlTrfRxService@i                     cstackBANK0  0005D
USBCtrlTrfTxService@byteToSend            cstackBANK0  0005B
USBDeviceInit@i                           cstackBANK0  0005E
USBDeviceInit@i_718                       cstackBANK0  0005D
USBDeviceInit@p                           cstackBANK0  0005B
USBDeviceTasks@i                          cstackBANK1  000B7
USBEnableEndpoint@ep                      cstackBANK0  00065
USBEnableEndpoint@options                 cstackBANK0  00060
USBEnableEndpoint@p                       cstackBANK0  00063
USBStdFeatureReqHandler@current_ep_data   cstackBANK1  000AD
USBStdFeatureReqHandler@p                 cstackBANK1  000AE
USBStdFeatureReqHandler@pUEP              cstackBANK1  000AB
USBStdGetStatusHandler@p                  cstackBANK0  0005A
USBStdSetCfgHandler@i                     cstackBANK1  000AC
USBStdSetCfgHandler@i_1089                cstackBANK1  000AB
USBStdSetCfgHandler@p                     cstackBANK1  000A9
USBTransferOnePacket@data                 cstackBANK0  0005E
USBTransferOnePacket@dir                  cstackBANK0  0005D
USBTransferOnePacket@ep                   cstackBANK0  00062
USBTransferOnePacket@handle               cstackBANK0  00063
USBTransferOnePacket@len                  cstackBANK0  0005F
USER_USB_CALLBACK_EVENT_HANDLER@event     cstackBANK1  000A3
_ACTCON                                   (abs)        0039B
_ADCON0bits                               (abs)        0009D
_ADCON1bits                               (abs)        0009E
_ADCON2bits                               (abs)        0009F
_ADRESH                                   (abs)        0009C
_ANSELA                                   (abs)        0018C
_ANSELB                                   (abs)        0018D
_ANSELBbits                               (abs)        0018D
_ANSELC                                   (abs)        0018E
_AsicPreCalc                              text1942     00017
_AsicPushWork                             text1939     01767
_BAUDCONbits                              (abs)        0019F
_BDT                                      (abs)        00020
_BankRanges                               dataBANK6    00340
_BankSize                                 nvBANK2      00168
_BothEP0OutUOWNsSet                       bssBANK2     0012A
_Cfg                                      dataBANK3    001EA
_ClockCfg                                 dataBANK3    001E2
_CtrlTrfData                              (abs)        00048
_DetectAsics                              text1946     00C75
_GIE                                      (abs)        0005F
_HashTime                                 dataBANK2    0014C
_I2CAddr                                  bssBANK2     0012B
_I2CCmd                                   bssBANK0     00069
_I2CCount                                 bssBANK2     0012C
_I2CInBuf                                 bssBANK2     0012D
_I2CState                                 bssBANK2     0012E
_ID                                       strings      0089F
_INPacket                                 (abs)        00220
_INTCONbits                               (abs)        0000B
_IOCAF3                                   (abs)        01C9B
_IOCBF                                    (abs)        00396
_IOCBPbits                                (abs)        00394
_ISRCode                                  intentry     00004
_InitFAN                                  text1947     01E2C
_InitResultRx                             text1950     01DD7
_InitTempSensor                           text1948     01DC6
_InitWorkTick                             text1949     01DFD
_InitializeSystem                         text1935     01E95
_LATAbits                                 (abs)        0010C
_LATC                                     (abs)        0010E
_LATCbits                                 (abs)        0010E
_NonceRanges                              bssBANK6     00320
_OPTION_REGbits                           (abs)        00095
_OSCCON                                   (abs)        00099
_OSCTUNE                                  (abs)        00098
_OUTPacket                                (abs)        002A0
_PIE2bits                                 (abs)        00092
_PIR2bits                                 (abs)        00012
_PR2                                      (abs)        0001B
_PWM1CON                                  (abs)        00613
_PWM1DCH                                  (abs)        00612
_PWM1DCL                                  (abs)        00611
_PWM1OE                                   (abs)        0309E
_PrecalcHashes                            bssBANK3     001B6
_ProcessCmd                               text1938     00432
_ProcessCmd$2047                          cstackBANK1  000ED
_ProcessIO                                text1937     0151E
_ProcessIO$2365                           cstackBANK2  00164
_ProcessIO$2399                           cstackBANK2  00166
_RCIF                                     (abs)        0008D
_RCREG                                    (abs)        00199
_RCSTAbits                                (abs)        0019D
_RemoteWakeup                             bssBANK2     0012F
_ResultQC                                 bssBANK2     00130
_ResultQue                                bssBANK3     001CE
_ResultRx                                 text1967     013C4
_SSP1EN                                   (abs)        010AD
_SSP1IF                                   (abs)        0008B
_SSPADD                                   (abs)        00212
_SSPBUF                                   (abs)        00211
_SSPCON1bits                              (abs)        00215
_SSPCON2bits                              (abs)        00216
_SSPCON3bits                              (abs)        00217
_SSPSTATbits                              (abs)        00214
_Send32                                   text1941     00B19
_SendAsicData                             text1940     016D1
_SendCmdReply                             text1944     00BC5
_SetupPkt                                 (abs)        00040
_SlaveAddress                             bssBANK2     00131
_SlowTick                                 bssBANK2     00132
_Status                                   dataBANK2    0014D
_T1CONbits                                (abs)        00018
_T1GCONbits                               (abs)        00019
_T1GSPM                                   (abs)        000CC
_T2CONbits                                (abs)        0001C
_TMR0                                     (abs)        00015
_TMR0CS                                   (abs)        004AD
_TMR0IF                                   (abs)        0005A
_TMR1GE                                   (abs)        000CF
_TMR1GIE                                  (abs)        0048F
_TMR1GIF                                  (abs)        0008F
_TMR1H                                    (abs)        00017
_TMR1IE                                   (abs)        00488
_TMR1IF                                   (abs)        00088
_TMR1L                                    (abs)        00016
_TMR1ON                                   (abs)        000C0
_TMR2IF                                   (abs)        00089
_TMR2ON                                   (abs)        000E2
_TRISAbits                                (abs)        0008C
_TRISBbits                                (abs)        0008D
_TRISCbits                                (abs)        0008E
_TXSTAbits                                (abs)        0019E
_UADDR                                    (abs)        00E96
_UCFG                                     (abs)        00E91
_UCON                                     (abs)        00E8E
_UCONbits                                 (abs)        00E8E
_UEIE                                     (abs)        00E97
_UEIR                                     (abs)        00E93
_UEP0                                     (abs)        00E98
_UEP0bits                                 (abs)        00E98
_UEP1                                     (abs)        00E99
_UIE                                      (abs)        00E92
_UIEbits                                  (abs)        00E92
_UIR                                      (abs)        00E90
_UIRbits                                  (abs)        00E90
_USBActiveConfiguration                   bssBANK2     00148
_USBAlternateInterface                    bssBANK2     00149
_USBBusIsSuspended                        bssBANK2     00133
_USBCBCheckOtherReq                       text1955     008B2
_USBCBErrorHandler                        text1954     008B0
_USBCBInitEP                              text1958     01F0E
_USBCBStdSetDscHandler                    text1957     01D9F
_USBCBSuspend                             text1951     00003
_USBCBWakeFromSuspend                     text1952     00002
_USBCB_SOF_Handler                        text1953     008B1
_USBCheckStdRequest                       text1927     01358
_USBCheckVendorRequest                    text1956     008AF
_USBConfigureEndpoint                     text1960     0105D
_USBCtrlEPAllowDataStage                  text1921     01182
_USBCtrlEPAllowStatusStage                text1924     01434
_USBCtrlEPService                         text1918     015AC
_USBCtrlEPServiceComplete                 text1920     0163E
_USBCtrlTrfInHandler                      text1925     014A4
_USBCtrlTrfOutHandler                     text1922     01FCF
_USBCtrlTrfRxService                      text1923     00D26
_USBCtrlTrfSetupHandler                   text1919     01132
_USBCtrlTrfTxService                      text1926     00A75
_USBDeferINDataStagePackets               bssBANK2     00134
_USBDeferOUTDataStagePackets              bssBANK2     00135
_USBDeferStatusStagePacket                bssBANK0     0006A
_USBDeviceInit                            text1936     00DE3
_USBDeviceState                           bssBANK2     00136
_USBDeviceTasks                           text1914     00638
_USBEnableEndpoint                        text1959     01FA3
_USBGenericInHandle                       bssBANK2     00137
_USBGenericOutHandle                      bssBANK2     00138
_USBStallHandler                          text1917     01F79
_USBStatusStageEnabledFlag1               bssBANK2     00139
_USBStatusStageEnabledFlag2               bssBANK2     0013A
_USBStatusStageTimeoutCounter             bssBANK2     0013B
_USBStdFeatureReqHandler                  text1932     00EA5
_USBStdGetDscHandler                      text1930     008B6
_USBStdGetStatusHandler                   text1931     0079A
_USBStdSetCfgHandler                      text1928     009D6
_USBSuspend                               text1916     01EB2
_USBTransferOnePacket                     text1961     0122F
_USBWakeFromSuspend                       text1915     01E79
_USB_CD_Ptr                               strings      00804
_USB_SD_Ptr                               strings      00801
_USER_USB_CALLBACK_EVENT_HANDLER          text1933     010E8
_USTAT                                    (abs)        00E8F
_USTATcopy                                bssBANK0     0006F
_UserInit                                 text1945     01DE9
_WQI                                      bssBANK2     0014A
_WQX                                      bssBANK2     0014B
_WorkNow                                  bssBANK0     0006B
_WorkQue                                  (abs)        0233C
_WorkTick                                 text1934     011D8
__CFG_CPUDIV$NOCLKDIV                     (abs)        00000
__CFG_FCMEN$OFF                           (abs)        00000
__CFG_FOSC$INTOSC                         (abs)        00000
__CFG_IESO$OFF                            (abs)        00000
__CFG_LVP$OFF                             (abs)        00000
__CFG_MCLRE$OFF                           (abs)        00000
__CFG_PWRTE$ON                            (abs)        00000
__CFG_WDTE$OFF                            (abs)        00000
__Habs1                                   abs1         00000
__Hbank0                                  bank0        00000
__Hbank1                                  bank1        00000
__Hbank10                                 bank10       00000
__Hbank11                                 bank11       00000
__Hbank12                                 bank12       00000
__Hbank13                                 bank13       00000
__Hbank14                                 bank14       00000
__Hbank15                                 bank15       00000
__Hbank16                                 bank16       00000
__Hbank17                                 bank17       00000
__Hbank18                                 bank18       00000
__Hbank19                                 bank19       00000
__Hbank2                                  bank2        00000
__Hbank20                                 bank20       00000
__Hbank21                                 bank21       00000
__Hbank22                                 bank22       00000
__Hbank23                                 bank23       00000
__Hbank24                                 bank24       00000
__Hbank25                                 bank25       00000
__Hbank26                                 bank26       00000
__Hbank27                                 bank27       00000
__Hbank28                                 bank28       00000
__Hbank29                                 bank29       00000
__Hbank3                                  bank3        00000
__Hbank30                                 bank30       00000
__Hbank31                                 bank31       00000
__Hbank4                                  bank4        00000
__Hbank5                                  bank5        00000
__Hbank6                                  bank6        00000
__Hbank7                                  bank7        00000
__Hbank8                                  bank8        00000
__Hbank9                                  bank9        00000
__Hbigram                                 bigram       00000
__HbssBANK0                               bssBANK0     00000
__HbssBANK2                               bssBANK2     00000
__HbssBANK3                               bssBANK3     00000
__HbssBANK6                               bssBANK6     00000
__Hcinit                                  cinit        00000
__Hclrtext                                clrtext      00000
__Hcode                                   code         00000
__Hcommon                                 common       00000
__Hconfig                                 config       08009
__HcstackBANK0                            cstackBANK0  00000
__HcstackBANK1                            cstackBANK1  00000
__HcstackBANK2                            cstackBANK2  00000
__HcstackCOMMON                           cstackCOMMON 00000
__HdataBANK2                              dataBANK2    00000
__HdataBANK3                              dataBANK3    00000
__HdataBANK6                              dataBANK6    00000
__Heeprom_data                            eeprom_data  00000
__Hend_init                               end_init     00017
__Hfunctab                                functab      00000
__HidataBANK2                             idataBANK2   00000
__HidataBANK3                             idataBANK3   00000
__HidataBANK6                             idataBANK6   00000
__Hidloc                                  idloc        00000
__Hinit                                   init         00015
__Hinittext                               inittext     00000
__Hintentry                               intentry     00015
__Hmaintext                               maintext     00000
__HnvBANK2                                nvBANK2      00000
__Hpowerup                                powerup      00000
__Hram                                    ram          00000
__Hreset_vec                              reset_vec    00002
__Hsfr0                                   sfr0         00000
__Hsfr1                                   sfr1         00000
__Hsfr10                                  sfr10        00000
__Hsfr11                                  sfr11        00000
__Hsfr12                                  sfr12        00000
__Hsfr13                                  sfr13        00000
__Hsfr14                                  sfr14        00000
__Hsfr15                                  sfr15        00000
__Hsfr16                                  sfr16        00000
__Hsfr17                                  sfr17        00000
__Hsfr18                                  sfr18        00000
__Hsfr19                                  sfr19        00000
__Hsfr2                                   sfr2         00000
__Hsfr20                                  sfr20        00000
__Hsfr21                                  sfr21        00000
__Hsfr22                                  sfr22        00000
__Hsfr23                                  sfr23        00000
__Hsfr24                                  sfr24        00000
__Hsfr25                                  sfr25        00000
__Hsfr26                                  sfr26        00000
__Hsfr27                                  sfr27        00000
__Hsfr28                                  sfr28        00000
__Hsfr29                                  sfr29        00000
__Hsfr3                                   sfr3         00000
__Hsfr30                                  sfr30        00000
__Hsfr31                                  sfr31        00000
__Hsfr4                                   sfr4         00000
__Hsfr5                                   sfr5         00000
__Hsfr6                                   sfr6         00000
__Hsfr7                                   sfr7         00000
__Hsfr8                                   sfr8         00000
__Hsfr9                                   sfr9         00000
__Hstrings                                strings      00000
__Htext                                   text         00000
__Labs1                                   abs1         00000
__Lbank0                                  bank0        00000
__Lbank1                                  bank1        00000
__Lbank10                                 bank10       00000
__Lbank11                                 bank11       00000
__Lbank12                                 bank12       00000
__Lbank13                                 bank13       00000
__Lbank14                                 bank14       00000
__Lbank15                                 bank15       00000
__Lbank16                                 bank16       00000
__Lbank17                                 bank17       00000
__Lbank18                                 bank18       00000
__Lbank19                                 bank19       00000
__Lbank2                                  bank2        00000
__Lbank20                                 bank20       00000
__Lbank21                                 bank21       00000
__Lbank22                                 bank22       00000
__Lbank23                                 bank23       00000
__Lbank24                                 bank24       00000
__Lbank25                                 bank25       00000
__Lbank26                                 bank26       00000
__Lbank27                                 bank27       00000
__Lbank28                                 bank28       00000
__Lbank29                                 bank29       00000
__Lbank3                                  bank3        00000
__Lbank30                                 bank30       00000
__Lbank31                                 bank31       00000
__Lbank4                                  bank4        00000
__Lbank5                                  bank5        00000
__Lbank6                                  bank6        00000
__Lbank7                                  bank7        00000
__Lbank8                                  bank8        00000
__Lbank9                                  bank9        00000
__Lbigram                                 bigram       00000
__LbssBANK0                               bssBANK0     00000
__LbssBANK2                               bssBANK2     00000
__LbssBANK3                               bssBANK3     00000
__LbssBANK6                               bssBANK6     00000
__Lcinit                                  cinit        00000
__Lclrtext                                clrtext      00000
__Lcode                                   code         00000
__Lcommon                                 common       00000
__Lconfig                                 config       08007
__LcstackBANK0                            cstackBANK0  00000
__LcstackBANK1                            cstackBANK1  00000
__LcstackBANK2                            cstackBANK2  00000
__LcstackCOMMON                           cstackCOMMON 00000
__LdataBANK2                              dataBANK2    00000
__LdataBANK3                              dataBANK3    00000
__LdataBANK6                              dataBANK6    00000
__Leeprom_data                            eeprom_data  00000
__Lend_init                               end_init     00015
__Lfunctab                                functab      00000
__LidataBANK2                             idataBANK2   00000
__LidataBANK3                             idataBANK3   00000
__LidataBANK6                             idataBANK6   00000
__Lidloc                                  idloc        00000
__Linit                                   init         00015
__Linittext                               inittext     00000
__Lintentry                               intentry     00004
__Lmaintext                               maintext     00000
__LnvBANK2                                nvBANK2      00000
__Lpowerup                                powerup      00000
__Lram                                    ram          00000
__Lreset_vec                              reset_vec    00000
__Lsfr0                                   sfr0         00000
__Lsfr1                                   sfr1         00000
__Lsfr10                                  sfr10        00000
__Lsfr11                                  sfr11        00000
__Lsfr12                                  sfr12        00000
__Lsfr13                                  sfr13        00000
__Lsfr14                                  sfr14        00000
__Lsfr15                                  sfr15        00000
__Lsfr16                                  sfr16        00000
__Lsfr17                                  sfr17        00000
__Lsfr18                                  sfr18        00000
__Lsfr19                                  sfr19        00000
__Lsfr2                                   sfr2         00000
__Lsfr20                                  sfr20        00000
__Lsfr21                                  sfr21        00000
__Lsfr22                                  sfr22        00000
__Lsfr23                                  sfr23        00000
__Lsfr24                                  sfr24        00000
__Lsfr25                                  sfr25        00000
__Lsfr26                                  sfr26        00000
__Lsfr27                                  sfr27        00000
__Lsfr28                                  sfr28        00000
__Lsfr29                                  sfr29        00000
__Lsfr3                                   sfr3         00000
__Lsfr30                                  sfr30        00000
__Lsfr31                                  sfr31        00000
__Lsfr4                                   sfr4         00000
__Lsfr5                                   sfr5         00000
__Lsfr6                                   sfr6         00000
__Lsfr7                                   sfr7         00000
__Lsfr8                                   sfr8         00000
__Lsfr9                                   sfr9         00000
__Lstrings                                strings      00000
__Ltext                                   text         00000
__S0                                      (abs)        08009
__S1                                      (abs)        00360
___awdiv                                  text1964     012ED
___awdiv@counter                          cstackBANK0  0005E
___awdiv@dividend                         cstackBANK0  0005B
___awdiv@divisor                          cstackBANK0  00059
___awdiv@quotient                         cstackBANK0  00060
___awdiv@sign                             cstackBANK0  0005F
___bmul                                   text1962     01E45
___bmul@multiplicand                      cstackBANK0  00059
___bmul@multiplier                        cstackBANK0  0005C
___bmul@product                           cstackBANK0  0005B
___lwdiv                                  text1963     010A2
___lwdiv@counter                          cstackBANK0  0005E
___lwdiv@dividend                         cstackBANK0  0005B
___lwdiv@divisor                          cstackBANK0  00059
___lwdiv@quotient                         cstackBANK0  0005F
___wmul                                   text1965     01F54
___wmul@multiplicand                      cstackBANK0  0005B
___wmul@multiplier                        cstackBANK0  00059
___wmul@product                           cstackBANK0  0005D
__end_of_AsicPreCalc                      text1942     00432
__end_of_AsicPushWork                     text1939     01800
__end_of_DetectAsics                      text1946     00D26
__end_of_ID                               strings      008AB
__end_of_ISRCode                          intentry     00015
__end_of_InitFAN                          text1947     01E45
__end_of_InitResultRx                     text1950     01DE9
__end_of_InitTempSensor                   text1948     01DD7
__end_of_InitWorkTick                     text1949     01E13
__end_of_InitializeSystem                 text1935     01EB2
__end_of_ProcessCmd                       text1938     00638
__end_of_ProcessIO                        text1937     015AC
__end_of_ResultRx                         text1967     01434
__end_of_Send32                           text1941     00BC5
__end_of_SendAsicData                     text1940     01767
__end_of_SendCmdReply                     text1944     00C75
__end_of_USBCBCheckOtherReq               text1955     008B6
__end_of_USBCBErrorHandler                text1954     008B1
__end_of_USBCBInitEP                      text1958     01F30
__end_of_USBCBStdSetDscHandler            text1957     01DA0
__end_of_USBCBSuspend                     text1951     00004
__end_of_USBCBWakeFromSuspend             text1952     00003
__end_of_USBCB_SOF_Handler                text1953     008B2
__end_of_USBCheckStdRequest               text1927     013C4
__end_of_USBCheckVendorRequest            text1956     008B0
__end_of_USBConfigureEndpoint             text1960     010A2
__end_of_USBCtrlEPAllowDataStage          text1921     011D8
__end_of_USBCtrlEPAllowStatusStage        text1924     014A4
__end_of_USBCtrlEPService                 text1918     0163E
__end_of_USBCtrlEPServiceComplete         text1920     016D1
__end_of_USBCtrlTrfInHandler              text1925     0151E
__end_of_USBCtrlTrfOutHandler             text1922     02000
__end_of_USBCtrlTrfRxService              text1923     00DE3
__end_of_USBCtrlTrfSetupHandler           text1919     01182
__end_of_USBCtrlTrfTxService              text1926     00B19
__end_of_USBDeviceInit                    text1936     00EA5
__end_of_USBDeviceTasks                   text1914     0079A
__end_of_USBEnableEndpoint                text1959     01FCF
__end_of_USBStallHandler                  text1917     01FA3
__end_of_USBStdFeatureReqHandler          text1932     01000
__end_of_USBStdGetDscHandler              text1930     0093C
__end_of_USBStdGetStatusHandler           text1931     00800
__end_of_USBStdSetCfgHandler              text1928     00A75
__end_of_USBSuspend                       text1916     01ECF
__end_of_USBTransferOnePacket             text1961     0128B
__end_of_USBWakeFromSuspend               text1915     01E95
__end_of_USB_CD_Ptr                       strings      00805
__end_of_USB_SD_Ptr                       strings      00804
__end_of_USER_USB_CALLBACK_EVENT_HANDLER  text1933     01132
__end_of_UserInit                         text1945     01DFD
__end_of_WorkTick                         text1934     0122F
__end_of___awdiv                          text1964     01358
__end_of___bmul                           text1962     01E5F
__end_of___lwdiv                          text1963     010E8
__end_of___wmul                           text1965     01F79
__end_of__initialization                  cinit        012EA
__end_of__stringtab                       strings      00801
__end_of_configDescriptor1                strings      0088D
__end_of_device_dsc                       strings      0089F
__end_of_main                             maintext     01EEE
__end_of_memset                           text1929     01025
__end_of_rotate                           text1943     0105D
__end_of_sd000                            strings      008AF
__end_of_sd001                            strings      00839
__end_of_sd002                            strings      0086D
__end_ofi1_SendCmdReply                   text1968     009D6
__end_ofi1___bmul                         text1970     01E2C
__end_ofi1___wmul                         text1969     01F54
__initialization                          cinit        0128B
__pbssBANK0                               bssBANK0     00067
__pbssBANK2                               bssBANK2     00120
__pbssBANK3                               bssBANK3     001A0
__pbssBANK6                               bssBANK6     00320
__pbssBIGRAM                              (abs)        0233C
__pcstackBANK0                            cstackBANK0  00050
__pcstackBANK1                            cstackBANK1  000A0
__pcstackBANK2                            cstackBANK2  0015A
__pcstackCOMMON                           cstackCOMMON 00070
__pdataBANK2                              dataBANK2    0014C
__pdataBANK3                              dataBANK3    001D6
__pdataBANK6                              dataBANK6    00340
__pidataBANK2                             idataBANK2   01DB8
__pidataBANK3                             idataBANK3   01E5F
__pidataBANK6                             idataBANK6   01EEE
__pintentry                               intentry     00004
__pmaintext                               maintext     01ECF
__pnvBANK2                                nvBANK2      00168
__pstrings                                strings      00800
__pswtext1                                swtext1      01800
__ptext1914                               text1914     00638
__ptext1915                               text1915     01E79
__ptext1916                               text1916     01EB2
__ptext1917                               text1917     01F79
__ptext1918                               text1918     015AC
__ptext1919                               text1919     01132
__ptext1920                               text1920     0163E
__ptext1921                               text1921     01182
__ptext1922                               text1922     01FCF
__ptext1923                               text1923     00D26
__ptext1924                               text1924     01434
__ptext1925                               text1925     014A4
__ptext1926                               text1926     00A75
__ptext1927                               text1927     01358
__ptext1928                               text1928     009D6
__ptext1929                               text1929     01000
__ptext1930                               text1930     008B6
__ptext1931                               text1931     0079A
__ptext1932                               text1932     00EA5
__ptext1933                               text1933     010E8
__ptext1934                               text1934     011D8
__ptext1935                               text1935     01E95
__ptext1936                               text1936     00DE3
__ptext1937                               text1937     0151E
__ptext1938                               text1938     00432
__ptext1939                               text1939     01767
__ptext1940                               text1940     016D1
__ptext1941                               text1941     00B19
__ptext1942                               text1942     00017
__ptext1943                               text1943     01025
__ptext1944                               text1944     00BC5
__ptext1945                               text1945     01DE9
__ptext1946                               text1946     00C75
__ptext1947                               text1947     01E2C
__ptext1948                               text1948     01DC6
__ptext1949                               text1949     01DFD
__ptext1950                               text1950     01DD7
__ptext1951                               text1951     00003
__ptext1952                               text1952     00002
__ptext1953                               text1953     008B1
__ptext1954                               text1954     008B0
__ptext1955                               text1955     008B2
__ptext1956                               text1956     008AF
__ptext1957                               text1957     01D9F
__ptext1958                               text1958     01F0E
__ptext1959                               text1959     01FA3
__ptext1960                               text1960     0105D
__ptext1961                               text1961     0122F
__ptext1962                               text1962     01E45
__ptext1963                               text1963     010A2
__ptext1964                               text1964     012ED
__ptext1965                               text1965     01F54
__ptext1967                               text1967     013C4
__ptext1968                               text1968     0093C
__ptext1969                               text1969     01F30
__ptext1970                               text1970     01E13
__ptext1971                               text1971     00000
__size_of_AsicPreCalc                     (abs)        00000
__size_of_AsicPushWork                    (abs)        00000
__size_of_DetectAsics                     (abs)        00000
__size_of_ISRCode                         (abs)        00000
__size_of_InitFAN                         (abs)        00000
__size_of_InitResultRx                    (abs)        00000
__size_of_InitTempSensor                  (abs)        00000
__size_of_InitWorkTick                    (abs)        00000
__size_of_InitializeSystem                (abs)        00000
__size_of_ProcessCmd                      (abs)        00000
__size_of_ProcessIO                       (abs)        00000
__size_of_ResultRx                        (abs)        00000
__size_of_Send32                          (abs)        00000
__size_of_SendAsicData                    (abs)        00000
__size_of_SendCmdReply                    (abs)        00000
__size_of_USBCBCheckOtherReq              (abs)        00000
__size_of_USBCBErrorHandler               (abs)        00000
__size_of_USBCBInitEP                     (abs)        00000
__size_of_USBCBStdSetDscHandler           (abs)        00000
__size_of_USBCBSuspend                    (abs)        00000
__size_of_USBCBWakeFromSuspend            (abs)        00000
__size_of_USBCB_SOF_Handler               (abs)        00000
__size_of_USBCheckStdRequest              (abs)        00000
__size_of_USBCheckVendorRequest           (abs)        00000
__size_of_USBConfigureEndpoint            (abs)        00000
__size_of_USBCtrlEPAllowDataStage         (abs)        00000
__size_of_USBCtrlEPAllowStatusStage       (abs)        00000
__size_of_USBCtrlEPService                (abs)        00000
__size_of_USBCtrlEPServiceComplete        (abs)        00000
__size_of_USBCtrlTrfInHandler             (abs)        00000
__size_of_USBCtrlTrfOutHandler            (abs)        00000
__size_of_USBCtrlTrfRxService             (abs)        00000
__size_of_USBCtrlTrfSetupHandler          (abs)        00000
__size_of_USBCtrlTrfTxService             (abs)        00000
__size_of_USBDeviceInit                   (abs)        00000
__size_of_USBDeviceTasks                  (abs)        00000
__size_of_USBEnableEndpoint               (abs)        00000
__size_of_USBStallHandler                 (abs)        00000
__size_of_USBStdFeatureReqHandler         (abs)        00000
__size_of_USBStdGetDscHandler             (abs)        00000
__size_of_USBStdGetStatusHandler          (abs)        00000
__size_of_USBStdSetCfgHandler             (abs)        00000
__size_of_USBSuspend                      (abs)        00000
__size_of_USBTransferOnePacket            (abs)        00000
__size_of_USBWakeFromSuspend              (abs)        00000
__size_of_USER_USB_CALLBACK_EVENT_HANDLER (abs)        00000
__size_of_UserInit                        (abs)        00000
__size_of_WorkTick                        (abs)        00000
__size_of___awdiv                         (abs)        00000
__size_of___bmul                          (abs)        00000
__size_of___lwdiv                         (abs)        00000
__size_of___wmul                          (abs)        00000
__size_of_main                            (abs)        00000
__size_of_memset                          (abs)        00000
__size_of_rotate                          (abs)        00000
__size_ofi1_SendCmdReply                  (abs)        00000
__size_ofi1___bmul                        (abs)        00000
__size_ofi1___wmul                        (abs)        00000
__stringtab                               strings      00800
_buf                                      bssBANK3     001A0
_configDescriptor1                        strings      0086D
_controlTransferState                     bssBANK2     0013C
_device_dsc                               strings      0088D
_endpoint_number                          bssBANK2     0013D
_ep_data_in                               bssBANK2     00122
_ep_data_out                              bssBANK2     00124
_inPipes                                  bssBANK2     00143
_last_bit0                                bssBANK2     0013E
_last_bit1                                bssBANK2     0013F
_main                                     maintext     01ECF
_memset                                   text1929     01000
_outPipes                                 bssBANK3     001B0
_pBDTEntryEP0OutCurrent                   bssBANK0     0006C
_pBDTEntryEP0OutNext                      bssBANK0     0006D
_pBDTEntryIn                              bssBANK0     00067
_pBDTEntryOut                             bssBANK2     00126
_pDst                                     bssBANK2     00140
_ptr                                      bssBANK0     0006E
_rotate                                   text1943     01025
_sd000                                    strings      008AB
_sd001                                    strings      00805
_sd002                                    strings      00839
_send32_count                             bssBANK2     00141
_send32_data                              bssBANK2     00128
_shortPacketStatus                        bssBANK2     00142
btemp                                     (abs)        0007E
clear_ram                                 clrtext      01DAC
end_of_initialization                     cinit        012EA
i1SendCmdReply@cmd                        cstackCOMMON 00076
i1SendCmdReply@count                      cstackCOMMON 0007A
i1SendCmdReply@data                       cstackCOMMON 00078
i1SendCmdReply@n                          cstackCOMMON 0007B
i1_SendCmdReply                           text1968     0093C
i1___bmul                                 text1970     01E13
i1___bmul@multiplicand                    cstackCOMMON 00070
i1___bmul@multiplier                      cstackCOMMON 00072
i1___bmul@product                         cstackCOMMON 00073
i1___wmul                                 text1969     01F30
i1___wmul@multiplicand                    cstackCOMMON 00072
i1___wmul@multiplier                      cstackCOMMON 00070
i1___wmul@product                         cstackCOMMON 00074
init_ram                                  inittext     01DA0
intlevel0                                 functab      00000
intlevel1                                 functab      00000
intlevel2                                 functab      00000
intlevel3                                 functab      00000
intlevel4                                 functab      00000
intlevel5                                 functab      00000
memset@c                                  cstackBANK0  0005B
memset@n                                  cstackBANK0  0005D
memset@p                                  cstackBANK0  00060
memset@p1                                 cstackBANK0  00059
reset_vec                                 reset_vec    00000
rotate@x                                  cstackBANK0  00059
rotate@y                                  cstackBANK0  0005D
start                                     init         00015
start_initialization                      cinit        0128B
wtemp0                                    (abs)        0007E


FUNCTION INFORMATION:

 *************** function _main *****************
 Defined at:
		line 98 in file "main.c"
 Parameters:    Size  Location     Type
		None
 Auto vars:     Size  Location     Type
		None
 Return value:  Size  Location     Type
                  2  829[COMMON] int 
 Registers used:
		wreg, fsr0l, fsr0h, fsr1l, fsr1h, status,2, status,0, btemp+1, pclath, cstack
 Tracked objects:
		On entry : 
		On exit  : 
		Unchanged: 
 Data sizes:     COMMON   BANK0   BANK1   BANK2   BANK3   BANK4   BANK5   BANK6   BANK7   BANK8   BANK9  BANK10  BANK11  BANK12
      Params:         0       0       0       0       0       0       0       0       0       0       0       0       0       0
      Locals:         0       0       0       0       0       0       0       0       0       0       0       0       0       0
      Temps:          0       0       0       0       0       0       0       0       0       0       0       0       0       0
      Totals:         0       0       0       0       0       0       0       0       0       0       0       0       0       0
Total ram usage:        0 bytes
 Hardware stack levels required when called:   13
 This function calls:
		_InitializeSystem
		_USBDeviceTasks
		_WorkTick
		_AsicPushWork
		_ProcessIO
 This function is called by:
		Startup code after reset
 This function uses a non-reentrant model


 *************** function _USBDeviceTasks *****************
 Defined at:
		line 669 in file "../USB/usb_device.c"
 Parameters:    Size  Location     Type
		None
 Auto vars:     Size  Location     Type
  i               1   23[BANK1 ] unsigned char 
 Return value:  Size  Location     Type
		None               void
 Registers used:
		wreg, fsr0l, fsr0h, fsr1l, fsr1h, status,2, status,0, btemp+1, pclath, cstack
 Tracked objects:
		On entry : 
		On exit  : 
		Unchanged: 
 Data sizes:     COMMON   BANK0   BANK1   BANK2   BANK3   BANK4   BANK5   BANK6   BANK7   BANK8   BANK9  BANK10  BANK11  BANK12
      Params:         0       0       0       0       0       0       0       0       0       0       0       0       0       0
      Locals:         0       0       1       0       0       0       0       0       0       0       0       0       0       0
      Temps:          0       0       2       0       0       0       0       0       0       0       0       0       0       0
      Totals:         0       0       3       0       0       0       0       0       0       0       0       0       0       0
Total ram usage:        3 bytes
 Hardware stack levels used:    1
 Hardware stack levels required when called:   12
 This function calls:
		_USBWakeFromSuspend
		_USBDeviceInit
		_USBSuspend
		_USER_USB_CALLBACK_EVENT_HANDLER
		_USBCtrlEPAllowStatusStage
		_USBStallHandler
		_USBCtrlEPService
 This function is called by:
		_main
 This function uses a non-reentrant model


 *************** function _USBWakeFromSuspend *****************
 Defined at:
		line 2456 in file "../USB/usb_device.c"
 Parameters:    Size  Location     Type
		None
 Auto vars:     Size  Location     Type
		None
 Return value:  Size  Location     Type
		None               void
 Registers used:
		wreg, fsr0l, fsr0h, fsr1l, fsr1h, status,2, status,0, btemp+1, pclath, cstack
 Tracked objects:
		On entry : 
		On exit  : 
		Unchanged: 
 Data sizes:     COMMON   BANK0   BANK1   BANK2   BANK3   BANK4   BANK5   BANK6   BANK7   BANK8   BANK9  BANK10  BANK11  BANK12
      Params:         0       0       0       0       0       0       0       0       0       0       0       0       0       0
      Locals:         0       0       0       0       0       0       0       0       0       0       0       0       0       0
      Temps:          0       1       0       0       0       0       0       0       0       0       0       0       0       0
      Totals:         0       1       0       0       0       0       0       0       0       0       0       0       0       0
Total ram usage:        1 bytes
 Hardware stack levels used:    1
 Hardware stack levels required when called:    8
 This function calls:
		_USER_USB_CALLBACK_EVENT_HANDLER
 This function is called by:
		_USBDeviceTasks
 This function uses a non-reentrant model


 *************** function _USBSuspend *****************
 Defined at:
		line 2399 in file "../USB/usb_device.c"
 Parameters:    Size  Location     Type
		None
 Auto vars:     Size  Location     Type
		None
 Return value:  Size  Location     Type
		None               void
 Registers used:
		wreg, fsr0l, fsr0h, fsr1l, fsr1h, status,2, status,0, btemp+1, pclath, cstack
 Tracked objects:
		On entry : 
		On exit  : 
		Unchanged: 
 Data sizes:     COMMON   BANK0   BANK1   BANK2   BANK3   BANK4   BANK5   BANK6   BANK7   BANK8   BANK9  BANK10  BANK11  BANK12
      Params:         0       0       0       0       0       0       0       0       0       0       0       0       0       0
      Locals:         0       0       0       0       0       0       0       0       0       0       0       0       0       0
      Temps:          0       1       0       0       0       0       0       0       0       0       0       0       0       0
      Totals:         0       1       0       0       0       0       0       0       0       0       0       0       0       0
Total ram usage:        1 bytes
 Hardware stack levels used:    1
 Hardware stack levels required when called:    8
 This function calls:
		_USER_USB_CALLBACK_EVENT_HANDLER
 This function is called by:
		_USBDeviceTasks
 This function uses a non-reentrant model


 *************** function _USBStallHandler *****************
 Defined at:
		line 2356 in file "../USB/usb_device.c"
[...]
 Parameters:    Size  Location     Type
  EPNum           1    wreg     unsigned char 
  direction       1    9[BANK0 ] unsigned char 
 Auto vars:     Size  Location     Type
  EPNum           1   14[BANK0 ] unsigned char 
  handle          1   15[BANK0 ] PTR volatile struct __BD
		 -> BDT(32), 
 Return value:  Size  Location     Type
		None               void
 Registers used:
		wreg, fsr1l, fsr1h, status,2, status,0
 Tracked objects:
		On entry : 
		On exit  : 
		Unchanged: 
 Data sizes:     COMMON   BANK0   BANK1   BANK2   BANK3   BANK4   BANK5   BANK6   BANK7   BANK8   BANK9  BANK10  BANK11  BANK12
      Params:         0       1       0       0       0       0       0       0       0       0       0       0       0       0
      Locals:         0       2       0       0       0       0       0       0       0       0       0       0       0       0
      Temps:          0       4       0       0       0       0       0       0       0       0       0       0       0       0
      Totals:         0       7       0       0       0       0       0       0       0       0       0       0       0       0
Total ram usage:        7 bytes
 Hardware stack levels used:    1
 Hardware stack levels required when called:    4
 This function calls:
		Nothing
 This function is called by:
		_USBEnableEndpoint
 This function uses a non-reentrant model


 *************** function _USBTransferOnePacket *****************
 Defined at:
		line 1173 in file "../USB/usb_device.c"
 Parameters:    Size  Location     Type
  ep              1    wreg     unsigned char 
  dir             1   13[BANK0 ] unsigned char 
  data            1   14[BANK0 ] PTR unsigned char 
		 -> INPacket(64), OUTPacket(64), 
  len             1   15[BANK0 ] unsigned char 
 Auto vars:     Size  Location     Type
  ep              1   18[BANK0 ] unsigned char 
  handle          1   19[BANK0 ] PTR volatile struct __BD
		 -> NULL(0), BDT(32), 
 Return value:  Size  Location     Type
                  1    wreg      PTR void 
 Registers used:
		wreg, fsr1l, fsr1h, status,2, status,0
 Tracked objects:
		On entry : 
		On exit  : 
		Unchanged: 
 Data sizes:     COMMON   BANK0   BANK1   BANK2   BANK3   BANK4   BANK5   BANK6   BANK7   BANK8   BANK9  BANK10  BANK11  BANK12
      Params:         0       3       0       0       0       0       0       0       0       0       0       0       0       0
      Locals:         0       2       0       0       0       0       0       0       0       0       0       0       0       0
      Temps:          0       2       0       0       0       0       0       0       0       0       0       0       0       0
      Totals:         0       7       0       0       0       0       0       0       0       0       0       0       0       0
Total ram usage:        7 bytes
 Hardware stack levels used:    1
 Hardware stack levels required when called:    4
 This function calls:
		Nothing
 This function is called by:
		_ProcessIO
		_USBCBInitEP
 This function uses a non-reentrant model


 *************** function ___bmul *****************
 Defined at:
		line 3 in file "/opt/microchip/xc8/v1.12/sources/bmul.c"
 Parameters:    Size  Location     Type
  multiplier      1    wreg     unsigned char 
  multiplicand    1    9[BANK0 ] unsigned char 
 Auto vars:     Size  Location     Type
  multiplier      1   12[BANK0 ] unsigned char 
  product         1   11[BANK0 ] unsigned char 
 Return value:  Size  Location     Type
                  1    wreg      unsigned char 
 Registers used:
		wreg, status,2, status,0
 Tracked objects:
		On entry : 
		On exit  : 
		Unchanged: 
 Data sizes:     COMMON   BANK0   BANK1   BANK2   BANK3   BANK4   BANK5   BANK6   BANK7   BANK8   BANK9  BANK10  BANK11  BANK12
      Params:         0       1       0       0       0       0       0       0       0       0       0       0       0       0
      Locals:         0       2       0       0       0       0       0       0       0       0       0       0       0       0
      Temps:          0       1       0       0       0       0       0       0       0       0       0       0       0       0
      Totals:         0       4       0       0       0       0       0       0       0       0       0       0       0       0
Total ram usage:        4 bytes
 Hardware stack levels used:    1
 Hardware stack levels required when called:    4
 This function calls:
		Nothing
 This function is called by:
		_ProcessIO
		_SendCmdReply
		i1_SendCmdReply
 This function uses a non-reentrant model


 *************** function ___lwdiv *****************
 Defined at:
		line 5 in file "/opt/microchip/xc8/v1.12/sources/lwdiv.c"
 Parameters:    Size  Location     Type
  divisor         2    9[BANK0 ] unsigned int 
  dividend        2   11[BANK0 ] unsigned int 
 Auto vars:     Size  Location     Type
  quotient        2   15[BANK0 ] unsigned int 
  counter         1   14[BANK0 ] unsigned char 
 Return value:  Size  Location     Type
                  2    9[BANK0 ] unsigned int 
 Registers used:
		wreg, status,2, status,0
 Tracked objects:
		On entry : 
		On exit  : 
		Unchanged: 
 Data sizes:     COMMON   BANK0   BANK1   BANK2   BANK3   BANK4   BANK5   BANK6   BANK7   BANK8   BANK9  BANK10  BANK11  BANK12
      Params:         0       4       0       0       0       0       0       0       0       0       0       0       0       0
      Locals:         0       3       0       0       0       0       0       0       0       0       0       0       0       0
      Temps:          0       1       0       0       0       0       0       0       0       0       0       0       0       0
      Totals:         0       8       0       0       0       0       0       0       0       0       0       0       0       0
Total ram usage:        8 bytes
 Hardware stack levels used:    1
 Hardware stack levels required when called:    4
 This function calls:
		Nothing
 This function is called by:
		_ProcessCmd
 This function uses a non-reentrant model


 *************** function ___awdiv *****************
 Defined at:
		line 5 in file "/opt/microchip/xc8/v1.12/sources/awdiv.c"
 Parameters:    Size  Location     Type
  divisor         2    9[BANK0 ] int 
  dividend        2   11[BANK0 ] int 
 Auto vars:     Size  Location     Type
  quotient        2   16[BANK0 ] int 
  sign            1   15[BANK0 ] unsigned char 
  counter         1   14[BANK0 ] unsigned char 
 Return value:  Size  Location     Type
                  2    9[BANK0 ] int 
 Registers used:
		wreg, status,2, status,0
 Tracked objects:
		On entry : 
		On exit  : 
		Unchanged: 
 Data sizes:     COMMON   BANK0   BANK1   BANK2   BANK3   BANK4   BANK5   BANK6   BANK7   BANK8   BANK9  BANK10  BANK11  BANK12
      Params:         0       4       0       0       0       0       0       0       0       0       0       0       0       0
      Locals:         0       4       0       0       0       0       0       0       0       0       0       0       0       0
      Temps:          0       1       0       0       0       0       0       0       0       0       0       0       0       0
      Totals:         0       9       0       0       0       0       0       0       0       0       0       0       0       0
Total ram usage:        9 bytes
 Hardware stack levels used:    1
 Hardware stack levels required when called:    4
 This function calls:
		Nothing
 This function is called by:
		_DetectAsics
 This function uses a non-reentrant model


 *************** function ___wmul *****************
 Defined at:
		line 3 in file "/opt/microchip/xc8/v1.12/sources/wmul.c"
 Parameters:    Size  Location     Type
  multiplier      2    9[BANK0 ] unsigned int 
  multiplicand    2   11[BANK0 ] unsigned int 
 Auto vars:     Size  Location     Type
  product         2   13[BANK0 ] unsigned int 
 Return value:  Size  Location     Type
                  2    9[BANK0 ] unsigned int 
 Registers used:
		wreg, status,2, status,0
 Tracked objects:
		On entry : 
		On exit  : 
		Unchanged: 
 Data sizes:     COMMON   BANK0   BANK1   BANK2   BANK3   BANK4   BANK5   BANK6   BANK7   BANK8   BANK9  BANK10  BANK11  BANK12
      Params:         0       4       0       0       0       0       0       0       0       0       0       0       0       0
      Locals:         0       2       0       0       0       0       0       0       0       0       0       0       0       0
      Temps:          0       0       0       0       0       0       0       0       0       0       0       0       0       0
      Totals:         0       6       0       0       0       0       0       0       0       0       0       0       0       0
Total ram usage:        6 bytes
 Hardware stack levels used:    1
 Hardware stack levels required when called:    4
 This function calls:
		Nothing
 This function is called by:
		_ProcessCmd
		_AsicPushWork
		_SendCmdReply
 This function uses a non-reentrant model


 *************** function _ISRCode *****************
 Defined at:
		line 70 in file "main.c"
 Parameters:    Size  Location     Type
		None
 Auto vars:     Size  Location     Type
		None
 Return value:  Size  Location     Type
		None               void
 Registers used:
		wreg, fsr0l, fsr0h, fsr1l, fsr1h, status,2, status,0, btemp+1, pclath, cstack
 Tracked objects:
		On entry : 
		On exit  : 
		Unchanged: 
 Data sizes:     COMMON   BANK0   BANK1   BANK2   BANK3   BANK4   BANK5   BANK6   BANK7   BANK8   BANK9  BANK10  BANK11  BANK12
      Params:         0       0       0       0       0       0       0       0       0       0       0       0       0       0
      Locals:         0       0       0       0       0       0       0       0       0       0       0       0       0       0
      Temps:          0       1       0       0       0       0       0       0       0       0       0       0       0       0
      Totals:         0       1       0       0       0       0       0       0       0       0       0       0       0       0
Total ram usage:        1 bytes
 Hardware stack levels used:    1
 Hardware stack levels required when called:    3
 This function calls:
		_ResultRx
 This function is called by:
		Interrupt level 1
 This function uses a non-reentrant model


 *************** function _ResultRx *****************
 Defined at:
		line 202 in file "klondike.c"
 Parameters:    Size  Location     Type
		None
 Auto vars:     Size  Location     Type
  TimeOut         1   13[COMMON] unsigned char 
 Return value:  Size  Location     Type
		None               void
 Registers used:
		wreg, fsr0l, fsr0h, fsr1l, fsr1h, status,2, status,0, btemp+1, pclath, cstack
 Tracked objects:
		On entry : 
		On exit  : 
		Unchanged: 
 Data sizes:     COMMON   BANK0   BANK1   BANK2   BANK3   BANK4   BANK5   BANK6   BANK7   BANK8   BANK9  BANK10  BANK11  BANK12
      Params:         0       0       0       0       0       0       0       0       0       0       0       0       0       0
      Locals:         1       0       0       0       0       0       0       0       0       0       0       0       0       0
      Temps:          1       0       0       0       0       0       0       0       0       0       0       0       0       0
      Totals:         2       0       0       0       0       0       0       0       0       0       0       0       0       0
Total ram usage:        2 bytes
 Hardware stack levels used:    1
 Hardware stack levels required when called:    2
 This function calls:
		i1_SendCmdReply
 This function is called by:
		_ISRCode
 This function uses a non-reentrant model


 *************** function i1_SendCmdReply *****************
 Defined at:
		line 208 in file "main.c"
 Parameters:    Size  Location     Type
  SendCmdReply    2    6[COMMON] PTR unsigned char 
		 -> ResultQue(8), OUTPacket(64), 
  SendCmdReply    2    8[COMMON] PTR unsigned char 
		 -> ResultQue(8), Cfg(6), ID(12), Status(13), 
  SendCmdReply    1   10[COMMON] unsigned char 
 Auto vars:     Size  Location     Type
  SendCmdReply    1   11[COMMON] unsigned char 
 Return value:  Size  Location     Type
		None               void
 Registers used:
		wreg, fsr0l, fsr0h, fsr1l, fsr1h, status,2, status,0, btemp+1, pclath, cstack
 Tracked objects:
		On entry : 
		On exit  : 
		Unchanged: 
 Data sizes:     COMMON   BANK0   BANK1   BANK2   BANK3   BANK4   BANK5   BANK6   BANK7   BANK8   BANK9  BANK10  BANK11  BANK12
      Params:         5       0       0       0       0       0       0       0       0       0       0       0       0       0
      Locals:         1       0       0       0       0       0       0       0       0       0       0       0       0       0
      Temps:          0       8       0       0       0       0       0       0       0       0       0       0       0       0
      Totals:         6       8       0       0       0       0       0       0       0       0       0       0       0       0
Total ram usage:       14 bytes
 Hardware stack levels used:    1
 Hardware stack levels required when called:    1
 This function calls:
		i1___wmul
		i1___bmul
 This function is called by:
		_ResultRx
 This function uses a non-reentrant model


 *************** function i1___wmul *****************
 Defined at:
		line 3 in file "/opt/microchip/xc8/v1.12/sources/wmul.c"
 Parameters:    Size  Location     Type
  __wmul          2    0[COMMON] unsigned int 
  __wmul          2    2[COMMON] unsigned int 
 Auto vars:     Size  Location     Type
  __wmul          2    4[COMMON] unsigned int 
 Return value:  Size  Location     Type
                  2    0[COMMON] unsigned int 
 Registers used:
		wreg, status,2, status,0
 Tracked objects:
		On entry : 
		On exit  : 
		Unchanged: 
 Data sizes:     COMMON   BANK0   BANK1   BANK2   BANK3   BANK4   BANK5   BANK6   BANK7   BANK8   BANK9  BANK10  BANK11  BANK12
      Params:         4       0       0       0       0       0       0       0       0       0       0       0       0       0
      Locals:         2       0       0       0       0       0       0       0       0       0       0       0       0       0
      Temps:          0       0       0       0       0       0       0       0       0       0       0       0       0       0
      Totals:         6       0       0       0       0       0       0       0       0       0       0       0       0       0
Total ram usage:        6 bytes
 Hardware stack levels used:    1
 This function calls:
		Nothing
 This function is called by:
		i1_SendCmdReply
 This function uses a non-reentrant model


 *************** function i1___bmul *****************
 Defined at:
		line 3 in file "/opt/microchip/xc8/v1.12/sources/bmul.c"
 Parameters:    Size  Location     Type
  __bmul          1    wreg     unsigned char 
  __bmul          1    0[COMMON] unsigned char 
 Auto vars:     Size  Location     Type
  __bmul          1    2[COMMON] unsigned char 
  __bmul          1    3[COMMON] unsigned char 
 Return value:  Size  Location     Type
                  1    wreg      unsigned char 
 Registers used:
		wreg, status,2, status,0
 Tracked objects:
		On entry : 
		On exit  : 
		Unchanged: 
 Data sizes:     COMMON   BANK0   BANK1   BANK2   BANK3   BANK4   BANK5   BANK6   BANK7   BANK8   BANK9  BANK10  BANK11  BANK12
      Params:         1       0       0       0       0       0       0       0       0       0       0       0       0       0
      Locals:         2       0       0       0       0       0       0       0       0       0       0       0       0       0
      Temps:          1       0       0       0       0       0       0       0       0       0       0       0       0       0
      Totals:         4       0       0       0       0       0       0       0       0       0       0       0       0       0
Total ram usage:        4 bytes
 Hardware stack levels used:    1
 This function calls:
		Nothing
 This function is called by:
		i1_SendCmdReply
 This function uses a non-reentrant model



MODULE INFORMATION

Module		Function		Class		Link	Load	Size
/opt/microchip/xc8/v1.12/sources/bmul.c
		___bmul        		CODE           	1E45	0000	26

/opt/microchip/xc8/v1.12/sources/bmul.c estimated size: 26

../../common/memset.c
		_memset        		CODE           	1000	0000	37

../../common/memset.c estimated size: 37

shared
		_configDescript		STRING         	086D	0000	32
		_USB_CD_Ptr    		STRING         	0804	0000	1
		_sd001         		STRING         	0805	0000	52
		__stringtab    		STRING         	0800	0000	1
		_sd002         		STRING         	0839	0000	52
		_ID            		STRING         	089F	0000	12
		i1___wmul      		CODE           	1F30	0000	36
		__initializatio		CODE           	128B	0000	95
		_device_dsc    		STRING         	088D	0000	18
		i1_SendCmdReply		CODE           	093C	0000	154
		i1___bmul      		CODE           	1E13	0000	25
		_USB_SD_Ptr    		STRING         	0801	0000	3
		_sd000         		STRING         	08AB	0000	4

shared estimated size: 485

asic.c
		_Send32        		CODE           	0B19	0000	172
		_SendAsicData  		CODE           	16D1	0000	150
		_rotate        		CODE           	1025	0000	56
		_AsicPreCalc   		CODE           	0017	0000	1051

asic.c estimated size: 1429

klondike.c
		_ResultRx      		CODE           	13C4	0000	112
		_WorkTick      		CODE           	11D8	0000	87
		_InitTempSensor		CODE           	1DC6	0000	17
		_DetectAsics   		CODE           	0C75	0000	177
		_InitWorkTick  		CODE           	1DFD	0000	22
		_AsicPushWork  		CODE           	1767	0000	153
		_ProcessCmd    		CODE           	0432	0000	518
		_InitResultRx  		CODE           	1DD7	0000	18
		_InitFAN       		CODE           	1E2C	0000	25

klondike.c estimated size: 1129

../USB/usb_function_generic.c
		_USBCheckVendor		CODE           	08AF	0000	1

../USB/usb_function_generic.c estimated size: 1

main.c
		_USBCBErrorHand		CODE           	08B0	0000	1
		_UserInit      		CODE           	1DE9	0000	20
		_USBCBWakeFromS		CODE           	0002	0000	1
		_main          		CODE           	1ECF	0000	31
		_USER_USB_CALLB		CODE           	10E8	0000	74
		_USBCBStdSetDsc		CODE           	1D9F	0000	1
		_SendCmdReply  		CODE           	0BC5	0000	176
		_USBCBInitEP   		CODE           	1F0E	0000	34
		_InitializeSyst		CODE           	1E95	0000	29
		_ProcessIO     		CODE           	151E	0000	142
		_USBCB_SOF_Hand		CODE           	08B1	0000	1
		_USBCBSuspend  		CODE           	0003	0000	1
		_USBCBCheckOthe		CODE           	08B2	0000	4
		_ISRCode       		CODE           	0004	0000	17

main.c estimated size: 532

/opt/microchip/xc8/v1.12/sources/wmul.c
		___wmul        		CODE           	1F54	0000	37

/opt/microchip/xc8/v1.12/sources/wmul.c estimated size: 37

/opt/microchip/xc8/v1.12/sources/awdiv.c
		___awdiv       		CODE           	12ED	0000	107

/opt/microchip/xc8/v1.12/sources/awdiv.c estimated size: 107

/opt/microchip/xc8/v1.12/sources/lwdiv.c
		___lwdiv       		CODE           	10A2	0000	70

/opt/microchip/xc8/v1.12/sources/lwdiv.c estimated size: 70

../USB/usb_device.c
		_USBCtrlTrfInHa		CODE           	14A4	0000	122
		_USBTransferOne		CODE           	122F	0000	92
		_USBStdGetDscHa		CODE           	08B6	0000	134
		_USBCtrlEPAllow		CODE           	1182	0000	86
		_USBStdFeatureR		CODE           	0EA5	0000	347
		_USBCtrlEPAllow		CODE           	1434	0000	112
		_USBCtrlTrfSetu		CODE           	1132	0000	80
		_USBCtrlTrfOutH		CODE           	1FCF	0000	49
		_USBCtrlEPServi		CODE           	163E	0000	147
		_USBSuspend    		CODE           	1EB2	0000	29
		_USBStdSetCfgHa		CODE           	09D6	0000	159
		_USBStdGetStatu		CODE           	079A	0000	102
		_USBWakeFromSus		CODE           	1E79	0000	28
		_USBCtrlTrfRxSe		CODE           	0D26	0000	189
		_USBCtrlTrfTxSe		CODE           	0A75	0000	164
		_USBEnableEndpo		CODE           	1FA3	0000	44
		_USBConfigureEn		CODE           	105D	0000	69
		_USBDeviceInit 		CODE           	0DE3	0000	194
		_USBCtrlEPServi		CODE           	15AC	0000	146
		_USBStallHandle		CODE           	1F79	0000	42
		_USBDeviceTasks		CODE           	0638	0000	354
		_USBCheckStdReq		CODE           	1358	0000	108

../USB/usb_device.c estimated size: 2797

