(---------------------------------------------------------------------)
(                                                                     )
(    Allegro Netrev Import Logic                                      )
(                                                                     )
(    Drawing          : AVALON.brd                                    )
(    Software Version : 16.6P004                                      )
(    Date/Time        : Mon Nov 04 20:00:14 2013                      )
(                                                                     )
(---------------------------------------------------------------------)


------ Directives ------

RIPUP_ETCH FALSE;
RIPUP_DELETE_FIRST_SEGMENT FALSE;
RIPUP_RETAIN_BONDWIRE FALSE;
RIPUP_SYMBOLS ALWAYS;
Missing symbol has error FALSE;
SCHEMATIC_DIRECTORY 'C:\USERS\GEORGE\DOCUMENTS\GITHUB\AVALON\HARDWARE\netlist';
BOARD_DIRECTORY 'C:/USERS/GEORGE/DOCUMENTS/GITHUB/AVALON/HARDWARE/allegro';
OLD_BOARD_NAME 'C:/USERS/GEORGE/DOCUMENTS/GITHUB/AVALON/HARDWARE/allegro/AVALON.brd';
NEW_BOARD_NAME 'C:/USERS/GEORGE/DOCUMENTS/GITHUB/AVALON/HARDWARE/allegro/AVALON.brd';

CmdLine: netrev.exe -y 1 -i C:\USERS\GEORGE\DOCUMENTS\GITHUB\AVALON\HARDWARE\netlist C:\USERS\GEORGE\DOCUMENTS\GITHUB\AVALON\HARDWARE\allegro\AVALON.brd C:\USERS\GEORGE\DOCUMENTS\GITHUB\AVALON\HARDWARE\allegro\AVALON.brd

------ Preparing to read pst files ------

Starting to read C:/USERS/GEORGE/DOCUMENTS/GITHUB/AVALON/HARDWARE/netlist/pstchip.dat 
   Finished reading C:/USERS/GEORGE/DOCUMENTS/GITHUB/AVALON/HARDWARE/netlist/pstchip.dat (00:00:00.06)
Starting to read C:/USERS/GEORGE/DOCUMENTS/GITHUB/AVALON/HARDWARE/netlist/pstxprt.dat 
   Finished reading C:/USERS/GEORGE/DOCUMENTS/GITHUB/AVALON/HARDWARE/netlist/pstxprt.dat (00:00:00.00)
Starting to read C:/USERS/GEORGE/DOCUMENTS/GITHUB/AVALON/HARDWARE/netlist/pstxnet.dat 
   Finished reading C:/USERS/GEORGE/DOCUMENTS/GITHUB/AVALON/HARDWARE/netlist/pstxnet.dat (00:00:00.01)

------ Oversights/Warnings/Errors ------


------ Library Paths ------
MODULEPATH =  . 
           D:/Cadence/SPB_16.6/share/local/pcb/modules 

PSMPATH =  . 
           symbols 
           .. 
           ../symbols 
           D:/Cadence/SPB_16.6/share/local/pcb/symbols 
           D:/Cadence/SPB_16.6/share/pcb/pcb_lib/symbols 
           D:/Cadence/SPB_16.6/share/pcb/allegrolib/symbols 
           C:/Users/George/Dropbox/PCBs/Footprint Library/ 
           C:/USERS/GEORGE/DROPBOX/PCBS/FootprintStarterKit/ 

PADPATH =  . 
           symbols 
           .. 
           ../symbols 
           D:/Cadence/SPB_16.6/share/local/pcb/padstacks 
           D:/Cadence/SPB_16.6/share/pcb/pcb_lib/symbols 
           D:/Cadence/SPB_16.6/share/pcb/allegrolib/symbols 
           C:/USERS/GEORGE/DROPBOX/PCBS/Footprint Library/ 
           C:/USERS/GEORGE/DROPBOX/PCBS/FootprintStarterKit/ 


------ Summary Statistics ------


netrev run on Nov 4 20:00:14 2013
   DESIGN NAME : 'AVALON'
   PACKAGING ON Sep 10 2012 04:46:09

   COMPILE 'logic'
   CHECK_PIN_NAMES OFF
   CROSS_REFERENCE OFF
   FEEDBACK OFF
   INCREMENTAL OFF
   INTERFACE_TYPE PHYSICAL
   MAX_ERRORS 500
   MERGE_MINIMUM 5
   NET_NAME_CHARS '#%&()*+-./:=>?@[]^_`|'
   NET_NAME_LENGTH 24
   OVERSIGHTS ON
   REPLACE_CHECK OFF
   SINGLE_NODE_NETS ON
   SPLIT_MINIMUM 0
   SUPPRESS   20
   WARNINGS ON

 No error detected
 No oversight detected
 No warning detected

cpu time      0:01:35
elapsed time  0:00:01

